Archive member included because of file (symbol)

build/program.a(main.cpp.o)   /Users/aw/Documents/DEVICE_ARM/ARM/gcc-arm-none-eabi-4.8.3-2014q1/bin/../lib/gcc/arm-none-eabi/4.8.3/../../../../arm-none-eabi/lib/armv6-m/crt0.o (main)
build/program.a(Gyro.cpp.o)   build/program.a(main.cpp.o) (Gyro::Gyro())
build/program.a(Accel.cpp.o)  build/program.a(main.cpp.o) (Accel::Accel())
build/program.a(GPS.cpp.o)    build/program.a(main.cpp.o) (GPS::GPS())
build/program.a(Screen.cpp.o)
                              build/program.a(main.cpp.o) (Screen::Screen())
build/program.a(Wire.cpp.o)   build/program.a(Gyro.cpp.o) (TwoWire::read())
build/program.a(Adafruit_GFX.cpp.o)
                              build/program.a(Screen.cpp.o) (Adafruit_GFX::drawXBitmap(short, short, unsigned char const*, short, short, unsigned short))
build/program.a(ST7565.cpp.o)
                              build/program.a(Screen.cpp.o) (ST7565::ST7565(signed char, signed char, signed char, signed char, signed char))
build/core.a(delay.c.o)       build/program.a(Accel.cpp.o) (millis)
build/core.a(hooks.c.o)       build/core.a(delay.c.o) (yield)
build/core.a(startup.c.o)     (Reset_Handler)
build/core.a(wiring.c.o)      build/program.a(main.cpp.o) (init)
build/core.a(wiring_analog.c.o)
                              build/program.a(Screen.cpp.o) (analogWrite)
build/core.a(wiring_digital.c.o)
                              build/program.a(Screen.cpp.o) (pinMode)
build/core.a(Print.cpp.o)     build/program.a(Wire.cpp.o) (Print::write(unsigned char const*, unsigned int))
build/core.a(RingBuffer.cpp.o)
                              build/program.a(Wire.cpp.o) (RingBuffer::RingBuffer())
build/core.a(SERCOM.cpp.o)    build/variant.cpp.o (SERCOM::SERCOM(Sercom*))
build/core.a(Uart.cpp.o)      build/program.a(GPS.cpp.o) (Uart::available())
build/core.a(CDC.cpp.o)       build/program.a(GPS.cpp.o) (Serial_::write(unsigned char))
build/core.a(USBCore.cpp.o)   build/core.a(CDC.cpp.o) (USBD_Send(unsigned long, void const*, unsigned long))
build/core.a(Reset.cpp.o)     build/core.a(CDC.cpp.o) (initiateReset)
/Users/aw/Documents/DEVICE_ARM/ARM/gcc-arm-none-eabi-4.8.3-2014q1/bin/../lib/gcc/arm-none-eabi/4.8.3/../../../../arm-none-eabi/lib/armv6-m/libstdc++_s.a(del_opv.o)
                              build/program.a(GPS.cpp.o) (operator delete[](void*))
/Users/aw/Documents/DEVICE_ARM/ARM/gcc-arm-none-eabi-4.8.3-2014q1/bin/../lib/gcc/arm-none-eabi/4.8.3/../../../../arm-none-eabi/lib/armv6-m/libstdc++_s.a(new_opv.o)
                              build/program.a(GPS.cpp.o) (operator new[](unsigned int))
/Users/aw/Documents/DEVICE_ARM/ARM/gcc-arm-none-eabi-4.8.3-2014q1/bin/../lib/gcc/arm-none-eabi/4.8.3/../../../../arm-none-eabi/lib/armv6-m/libstdc++_s.a(pure.o)
                              build/program.a(Wire.cpp.o) (__cxa_pure_virtual)
/Users/aw/Documents/DEVICE_ARM/ARM/gcc-arm-none-eabi-4.8.3-2014q1/bin/../lib/gcc/arm-none-eabi/4.8.3/../../../../arm-none-eabi/lib/armv6-m/libstdc++_s.a(del_op.o)
                              /Users/aw/Documents/DEVICE_ARM/ARM/gcc-arm-none-eabi-4.8.3-2014q1/bin/../lib/gcc/arm-none-eabi/4.8.3/../../../../arm-none-eabi/lib/armv6-m/libstdc++_s.a(del_opv.o) (operator delete(void*))
/Users/aw/Documents/DEVICE_ARM/ARM/gcc-arm-none-eabi-4.8.3-2014q1/bin/../lib/gcc/arm-none-eabi/4.8.3/../../../../arm-none-eabi/lib/armv6-m/libstdc++_s.a(eh_terminate.o)
                              /Users/aw/Documents/DEVICE_ARM/ARM/gcc-arm-none-eabi-4.8.3-2014q1/bin/../lib/gcc/arm-none-eabi/4.8.3/../../../../arm-none-eabi/lib/armv6-m/libstdc++_s.a(pure.o) (std::terminate())
/Users/aw/Documents/DEVICE_ARM/ARM/gcc-arm-none-eabi-4.8.3-2014q1/bin/../lib/gcc/arm-none-eabi/4.8.3/../../../../arm-none-eabi/lib/armv6-m/libstdc++_s.a(eh_unex_handler.o)
                              /Users/aw/Documents/DEVICE_ARM/ARM/gcc-arm-none-eabi-4.8.3-2014q1/bin/../lib/gcc/arm-none-eabi/4.8.3/../../../../arm-none-eabi/lib/armv6-m/libstdc++_s.a(eh_terminate.o) (__cxxabiv1::__unexpected_handler)
/Users/aw/Documents/DEVICE_ARM/ARM/gcc-arm-none-eabi-4.8.3-2014q1/bin/../lib/gcc/arm-none-eabi/4.8.3/../../../../arm-none-eabi/lib/armv6-m/libstdc++_s.a(new_op.o)
                              /Users/aw/Documents/DEVICE_ARM/ARM/gcc-arm-none-eabi-4.8.3-2014q1/bin/../lib/gcc/arm-none-eabi/4.8.3/../../../../arm-none-eabi/lib/armv6-m/libstdc++_s.a(new_opv.o) (operator new(unsigned int))
/Users/aw/Documents/DEVICE_ARM/ARM/gcc-arm-none-eabi-4.8.3-2014q1/bin/../lib/gcc/arm-none-eabi/4.8.3/../../../../arm-none-eabi/lib/armv6-m/libstdc++_s.a(eh_term_handler.o)
                              /Users/aw/Documents/DEVICE_ARM/ARM/gcc-arm-none-eabi-4.8.3-2014q1/bin/../lib/gcc/arm-none-eabi/4.8.3/../../../../arm-none-eabi/lib/armv6-m/libstdc++_s.a(eh_terminate.o) (__cxxabiv1::__terminate_handler)
/Users/aw/Documents/DEVICE_ARM/ARM/gcc-arm-none-eabi-4.8.3-2014q1/bin/../lib/gcc/arm-none-eabi/4.8.3/../../../../arm-none-eabi/lib/armv6-m/libstdc++_s.a(new_handler.o)
[...]
Memory Configuration

Name             Origin             Length             Attributes
FLASH            0x0000000000004000 0x000000000003c000 xr
RAM              0x0000000020000000 0x0000000000008000 xrw
*default*        0x0000000000000000 0xffffffffffffffff

Linker script and memory map

LOAD /Users/aw/Documents/DEVICE_ARM/ARM/gcc-arm-none-eabi-4.8.3-2014q1/bin/../lib/gcc/arm-none-eabi/4.8.3/armv6-m/crti.o
LOAD /Users/aw/Documents/DEVICE_ARM/ARM/gcc-arm-none-eabi-4.8.3-2014q1/bin/../lib/gcc/arm-none-eabi/4.8.3/armv6-m/crtbegin.o
LOAD /Users/aw/Documents/DEVICE_ARM/ARM/gcc-arm-none-eabi-4.8.3-2014q1/bin/../lib/gcc/arm-none-eabi/4.8.3/../../../../arm-none-eabi/lib/armv6-m/crt0.o
START GROUP
LOAD /Users/aw/Documents/DEVICE_ARM/ARM/gcc-arm-none-eabi-4.8.3-2014q1/bin/../lib/gcc/arm-none-eabi/4.8.3/armv6-m/libgcc.a
END GROUP
START GROUP
LOAD build/core/syscalls.c.o
LOAD build/program.a
LOAD build/variant.cpp.o
LOAD build/core.a
END GROUP
Address of section .text set to 0x4000
LOAD /Users/aw/Documents/DEVICE_ARM/ARM/gcc-arm-none-eabi-4.8.3-2014q1/bin/../lib/gcc/arm-none-eabi/4.8.3/../../../../arm-none-eabi/lib/armv6-m/libstdc++_s.a
LOAD /Users/aw/Documents/DEVICE_ARM/ARM/gcc-arm-none-eabi-4.8.3-2014q1/bin/../lib/gcc/arm-none-eabi/4.8.3/../../../../arm-none-eabi/lib/armv6-m/libm.a
START GROUP
LOAD /Users/aw/Documents/DEVICE_ARM/ARM/gcc-arm-none-eabi-4.8.3-2014q1/bin/../lib/gcc/arm-none-eabi/4.8.3/armv6-m/libgcc.a
LOAD /Users/aw/Documents/DEVICE_ARM/ARM/gcc-arm-none-eabi-4.8.3-2014q1/bin/../lib/gcc/arm-none-eabi/4.8.3/../../../../arm-none-eabi/lib/armv6-m/libc_s.a
END GROUP
START GROUP
LOAD /Users/aw/Documents/DEVICE_ARM/ARM/gcc-arm-none-eabi-4.8.3-2014q1/bin/../lib/gcc/arm-none-eabi/4.8.3/armv6-m/libgcc.a
LOAD /Users/aw/Documents/DEVICE_ARM/ARM/gcc-arm-none-eabi-4.8.3-2014q1/bin/../lib/gcc/arm-none-eabi/4.8.3/../../../../arm-none-eabi/lib/armv6-m/libc_s.a
END GROUP
LOAD /Users/aw/Documents/DEVICE_ARM/ARM/gcc-arm-none-eabi-4.8.3-2014q1/bin/../lib/gcc/arm-none-eabi/4.8.3/armv6-m/crtend.o
LOAD /Users/aw/Documents/DEVICE_ARM/ARM/gcc-arm-none-eabi-4.8.3-2014q1/bin/../lib/gcc/arm-none-eabi/4.8.3/armv6-m/crtn.o

.text           0x0000000000004000     0xdb48
 *(.isr_vector)
 .isr_vector    0x0000000000004000       0xb0 build/core.a(startup.c.o)
                0x0000000000004000                exception_table
 *(.text*)
 .text          0x00000000000040b0       0x60 /Users/aw/Documents/DEVICE_ARM/ARM/gcc-arm-none-eabi-4.8.3-2014q1/bin/../lib/gcc/arm-none-eabi/4.8.3/armv6-m/crtbegin.o
 .text._sbrk    0x0000000000004110       0x30 build/core/syscalls.c.o
                0x0000000000004110                _sbrk
 .text._close   0x0000000000004140        0x6 build/core/syscalls.c.o
                0x0000000000004140                _close
 .text._fstat   0x0000000000004146        0xa build/core/syscalls.c.o
                0x0000000000004146                _fstat
 .text._isatty  0x0000000000004150        0x4 build/core/syscalls.c.o
                0x0000000000004150                _isatty
 .text._lseek   0x0000000000004154        0x4 build/core/syscalls.c.o
                0x0000000000004154                _lseek
 .text._read    0x0000000000004158        0x4 build/core/syscalls.c.o
                0x0000000000004158                _read
 .text._write   0x000000000000415c       0x20 build/core/syscalls.c.o
                0x000000000000415c                _write
 .text._exit    0x000000000000417c       0x10 build/core/syscalls.c.o
                0x000000000000417c                _exit
 .text._kill    0x000000000000418c        0x2 build/core/syscalls.c.o
                0x000000000000418c                _kill
 .text._getpid  0x000000000000418e        0x6 build/core/syscalls.c.o
                0x000000000000418e                _getpid
 .text._Z11system_initv
                0x0000000000004194       0x28 build/program.a(main.cpp.o)
                0x0000000000004194                system_init()
 .text.startup.main
                0x00000000000041bc       0x40 build/program.a(main.cpp.o)
                0x00000000000041bc                main
 .text.startup._GLOBAL__sub_I_ui
                0x00000000000041fc       0x2c build/program.a(main.cpp.o)
 .text._ZN4GyroC2Ev
                0x0000000000004228        0xa build/program.a(Gyro.cpp.o)
                0x0000000000004228                Gyro::Gyro()
                0x0000000000004228                Gyro::Gyro()
 .text._ZN5Accel9GetResultEi
                0x0000000000004232        0xa build/program.a(Accel.cpp.o)
                0x0000000000004232                Accel::GetResult(int)
 .text._ZN5Accel10BufferPushEPt
                0x000000000000423c       0x2a build/program.a(Accel.cpp.o)
                0x000000000000423c                Accel::BufferPush(unsigned short*)
 .text._ZN5Accel9SoftStartEv
                0x0000000000004266       0x10 build/program.a(Accel.cpp.o)
                0x0000000000004266                Accel::SoftStart()
 *fill*         0x0000000000004276        0x2 
 .text._ZN5Accel5ResetEv
                0x0000000000004278       0x48 build/program.a(Accel.cpp.o)
                0x0000000000004278                Accel::Reset()
 .text._ZN5AccelC2Ev
                0x00000000000042c0       0x1c build/program.a(Accel.cpp.o)
                0x00000000000042c0                Accel::Accel()
                0x00000000000042c0                Accel::Accel()
 .text._ZN5Accel10CheckSpeedEPt
                0x00000000000042dc       0x58 build/program.a(Accel.cpp.o)
                0x00000000000042dc                Accel::CheckSpeed(unsigned short*)
 .text._ZN5Accel6UpdateEv
                0x0000000000004334       0x80 build/program.a(Accel.cpp.o)
                0x0000000000004334                Accel::Update()
 .text._ZN3GPSC2Ev
                0x00000000000043b4       0x16 build/program.a(GPS.cpp.o)
                0x00000000000043b4                GPS::GPS()
                0x00000000000043b4                GPS::GPS()
 *fill*         0x00000000000043ca        0x2 
 .text._ZN3GPS13_decodePacketEv
                0x00000000000043cc       0x60 build/program.a(GPS.cpp.o)
                0x00000000000043cc                GPS::_decodePacket()
 .text._ZN3GPS8getSpeedEv
                0x000000000000442c       0x30 build/program.a(GPS.cpp.o)
                0x000000000000442c                GPS::getSpeed()
 .text._ZN3GPS5writeEhhPKhh
                0x000000000000445c       0xdc build/program.a(GPS.cpp.o)
                0x000000000000445c                GPS::write(unsigned char, unsigned char, unsigned char const*, unsigned char)
 .text._ZN3GPS4InitEv
                0x0000000000004538      0x118 build/program.a(GPS.cpp.o)
                0x0000000000004538                GPS::Init()
 .text._ZN3GPS6UpdateEv
                0x0000000000004650      0x100 build/program.a(GPS.cpp.o)
                0x0000000000004650                GPS::Update()
 .text._ZN6Button5setupEh
                0x0000000000004750       0x16 build/program.a(Screen.cpp.o)
                0x0000000000004750                Button::setup(unsigned char)
 .text._ZN6Button5allowEv
                0x0000000000004766       0x68 build/program.a(Screen.cpp.o)
                0x0000000000004766                Button::allow()
 .text._ZN6ScreenC2Ev
                0x00000000000047ce       0x1a build/program.a(Screen.cpp.o)
                0x00000000000047ce                Screen::Screen()
                0x00000000000047ce                Screen::Screen()
 .text._ZN6Screen10PageUnloadEv
                0x00000000000047e8       0x1c build/program.a(Screen.cpp.o)
                0x00000000000047e8                Screen::PageUnload()
 .text._ZN6Screen11Splash_loadEv
                0x0000000000004804       0x2c build/program.a(Screen.cpp.o)
                0x0000000000004804                Screen::Splash_load()
 .text._ZN6Screen11Menu_updateEv
                0x0000000000004830       0x9c build/program.a(Screen.cpp.o)
                0x0000000000004830                Screen::Menu_update()
 .text._ZN6Screen9Menu_loadEv
                0x00000000000048cc       0x38 build/program.a(Screen.cpp.o)
                0x00000000000048cc                Screen::Menu_load()
 .text._ZN6Screen9Menu_nextEv
                0x0000000000004904       0x20 build/program.a(Screen.cpp.o)
                0x0000000000004904                Screen::Menu_next()
 .text._ZN6Screen9Menu_prevEv
                0x0000000000004924       0x20 build/program.a(Screen.cpp.o)
                0x0000000000004924                Screen::Menu_prev()
 .text._ZN6Screen24Accel_update_sat_messageEv
                0x0000000000004944       0x94 build/program.a(Screen.cpp.o)
                0x0000000000004944                Screen::Accel_update_sat_message()
 .text._ZN6Screen16Accel_update_satEv
                0x00000000000049d8       0x70 build/program.a(Screen.cpp.o)
                0x00000000000049d8                Screen::Accel_update_sat()
 .text._ZN6Screen25Accel_update_race_messageEb
                0x0000000000004a48       0x94 build/program.a(Screen.cpp.o)
                0x0000000000004a48                Screen::Accel_update_race_message(bool)
 .text._ZN6Screen18Accel_update_speedEv
                0x0000000000004adc       0x80 build/program.a(Screen.cpp.o)
                0x0000000000004adc                Screen::Accel_update_speed()
 .text._ZN6Screen26Accel_update_results_tableEb
                0x0000000000004b5c      0x118 build/program.a(Screen.cpp.o)
                0x0000000000004b5c                Screen::Accel_update_results_table(bool)
 .text._ZN6Screen10Accel_loadEv
                0x0000000000004c74      0x114 build/program.a(Screen.cpp.o)
                0x0000000000004c74                Screen::Accel_load()
 .text._ZN6Screen26Accel_results_table_switchEb
                0x0000000000004d88       0x34 build/program.a(Screen.cpp.o)
                0x0000000000004d88                Screen::Accel_results_table_switch(bool)
 .text._ZN6Screen11Accel_resetEv
                0x0000000000004dbc       0x18 build/program.a(Screen.cpp.o)
                0x0000000000004dbc                Screen::Accel_reset()
 .text._ZN6Screen10Debug_loadEv
                0x0000000000004dd4       0x3c build/program.a(Screen.cpp.o)
                0x0000000000004dd4                Screen::Debug_load()
 .text._ZN6Screen8PageLoadEh
                0x0000000000004e10       0x48 build/program.a(Screen.cpp.o)
                0x0000000000004e10                Screen::PageLoad(unsigned char)
 .text._ZN6Screen4InitEv
                0x0000000000004e58       0x70 build/program.a(Screen.cpp.o)
                0x0000000000004e58                Screen::Init()
 .text._ZN6Screen11Menu_selectEv
                0x0000000000004ec8       0x20 build/program.a(Screen.cpp.o)
                0x0000000000004ec8                Screen::Menu_select()
 .text._ZN6Screen13handleButtonsEv
                0x0000000000004ee8       0xc8 build/program.a(Screen.cpp.o)
                0x0000000000004ee8                Screen::handleButtons()
 .text._ZN6Screen6UpdateEv
                0x0000000000004fb0       0x40 build/program.a(Screen.cpp.o)
                0x0000000000004fb0                Screen::Update()
 .text._ZN7TwoWire5writeEPKhj
                0x0000000000004ff0       0x24 build/program.a(Wire.cpp.o)
                0x0000000000004ff0                TwoWire::write(unsigned char const*, unsigned int)
 .text._ZN7TwoWire5flushEv
                0x0000000000005014        0x2 build/program.a(Wire.cpp.o)
                0x0000000000005014                TwoWire::flush()
 .text._ZN7TwoWire4readEv
                0x0000000000005016        0xa build/program.a(Wire.cpp.o)
                0x0000000000005016                TwoWire::read()
 .text._ZN7TwoWire9availableEv
                0x0000000000005020        0xa build/program.a(Wire.cpp.o)
                0x0000000000005020                TwoWire::available()
 .text._ZN7TwoWire4peekEv
                0x000000000000502a        0xa build/program.a(Wire.cpp.o)
                0x000000000000502a                TwoWire::peek()
 .text._ZN7TwoWire5writeEh
                0x0000000000005034       0x3c build/program.a(Wire.cpp.o)
                0x0000000000005034                TwoWire::write(unsigned char)
 .text._ZN7TwoWireC2EP6SERCOMhh
                0x0000000000005070       0x3c build/program.a(Wire.cpp.o)
                0x0000000000005070                TwoWire::TwoWire(SERCOM*, unsigned char, unsigned char)
                0x0000000000005070                TwoWire::TwoWire(SERCOM*, unsigned char, unsigned char)
 .text._ZN7TwoWire9onServiceEv
                0x00000000000050ac       0xd8 build/program.a(Wire.cpp.o)
                0x00000000000050ac                TwoWire::onService()
 .text.SERCOM3_Handler
                0x0000000000005184       0x10 build/program.a(Wire.cpp.o)
                0x0000000000005184                SERCOM3_Handler
 .text.startup._GLOBAL__sub_I__ZN7TwoWireC2EP6SERCOMhh
                0x0000000000005194       0x18 build/program.a(Wire.cpp.o)
 .text._ZN12Adafruit_GFX8drawLineEsssst
                0x00000000000051ac       0xd4 build/program.a(Adafruit_GFX.cpp.o)
                0x00000000000051ac                Adafruit_GFX::drawLine(short, short, short, short, unsigned short)
 .text._ZN12Adafruit_GFX8drawRectEsssst
                0x0000000000005280       0x74 build/program.a(Adafruit_GFX.cpp.o)
                0x0000000000005280                Adafruit_GFX::drawRect(short, short, short, short, unsigned short)
 .text._ZN12Adafruit_GFX13drawFastVLineEssst
                0x00000000000052f4       0x1e build/program.a(Adafruit_GFX.cpp.o)
                0x00000000000052f4                Adafruit_GFX::drawFastVLine(short, short, short, unsigned short)
 .text._ZN12Adafruit_GFX13drawFastHLineEssst
                0x0000000000005312       0x18 build/program.a(Adafruit_GFX.cpp.o)
                0x0000000000005312                Adafruit_GFX::drawFastHLine(short, short, short, unsigned short)
 .text._ZN12Adafruit_GFX8fillRectEsssst
                0x000000000000532a       0x42 build/program.a(Adafruit_GFX.cpp.o)
                0x000000000000532a                Adafruit_GFX::fillRect(short, short, short, short, unsigned short)
 .text._ZN12Adafruit_GFX10fillScreenEt
                0x000000000000536c       0x1a build/program.a(Adafruit_GFX.cpp.o)
                0x000000000000536c                Adafruit_GFX::fillScreen(unsigned short)
 .text._ZN12Adafruit_GFX13invertDisplayEh
                0x0000000000005386        0x2 build/program.a(Adafruit_GFX.cpp.o)
                0x0000000000005386                Adafruit_GFX::invertDisplay(unsigned char)
 .text._ZN12Adafruit_GFXC2Ess
                0x0000000000005388       0x30 build/program.a(Adafruit_GFX.cpp.o)
                0x0000000000005388                Adafruit_GFX::Adafruit_GFX(short, short)
                0x0000000000005388                Adafruit_GFX::Adafruit_GFX(short, short)
 .text._ZN12Adafruit_GFX11drawXBitmapEssPKhsst
                0x00000000000053b8       0x8e build/program.a(Adafruit_GFX.cpp.o)
                0x00000000000053b8                Adafruit_GFX::drawXBitmap(short, short, unsigned char const*, short, short, unsigned short)
 *fill*         0x0000000000005446        0x2 
 .text._ZN12Adafruit_GFX8drawCharEsshtth
                0x0000000000005448      0x248 build/program.a(Adafruit_GFX.cpp.o)
                0x0000000000005448                Adafruit_GFX::drawChar(short, short, unsigned char, unsigned short, unsigned short, unsigned char)
 .text._ZN12Adafruit_GFX5writeEh
                0x0000000000005690       0xfe build/program.a(Adafruit_GFX.cpp.o)
                0x0000000000005690                Adafruit_GFX::write(unsigned char)
 .text._ZN12Adafruit_GFX9setCursorEss
                0x000000000000578e        0x6 build/program.a(Adafruit_GFX.cpp.o)
                0x000000000000578e                Adafruit_GFX::setCursor(short, short)
 .text._ZN12Adafruit_GFX12setTextColorEt
                0x0000000000005794        0x6 build/program.a(Adafruit_GFX.cpp.o)
                0x0000000000005794                Adafruit_GFX::setTextColor(unsigned short)
 .text._ZNK12Adafruit_GFX11getRotationEv
                0x000000000000579a        0x4 build/program.a(Adafruit_GFX.cpp.o)
                0x000000000000579a                Adafruit_GFX::getRotation() const
 .text._ZN12Adafruit_GFX7setFontEPK7GFXfont
                0x000000000000579e       0x1e build/program.a(Adafruit_GFX.cpp.o)
                0x000000000000579e                Adafruit_GFX::setFont(GFXfont const*)
 .text._ZNK12Adafruit_GFX5widthEv
                0x00000000000057bc        0x6 build/program.a(Adafruit_GFX.cpp.o)
                0x00000000000057bc                Adafruit_GFX::width() const
 .text._ZNK12Adafruit_GFX6heightEv
                0x00000000000057c2        0x6 build/program.a(Adafruit_GFX.cpp.o)
                0x00000000000057c2                Adafruit_GFX::height() const
 .text._ZN6ST75659drawPixelEsst
                0x00000000000057c8      0x11c build/program.a(ST7565.cpp.o)
                0x00000000000057c8                ST7565::drawPixel(short, short, unsigned short)
 .text._ZN6ST7565C2Eaaaaa
                0x00000000000058e4       0x5c build/program.a(ST7565.cpp.o)
                0x00000000000058e4                ST7565::ST7565(signed char, signed char, signed char, signed char, signed char)
                0x00000000000058e4                ST7565::ST7565(signed char, signed char, signed char, signed char, signed char)
 .text._ZN6ST75658setpixelEhhh
                0x0000000000005940       0x40 build/program.a(ST7565.cpp.o)
                0x0000000000005940                ST7565::setpixel(unsigned char, unsigned char, unsigned char)
 .text._ZN6ST75655clearEv
                0x0000000000005980       0x10 build/program.a(ST7565.cpp.o)
                0x0000000000005980                ST7565::clear()
 .text._ZN6ST75659fast_lineEhhhhh
                0x0000000000005990       0xb6 build/program.a(ST7565.cpp.o)
                0x0000000000005990                ST7565::fast_line(unsigned char, unsigned char, unsigned char, unsigned char, unsigned char)
 .text._ZN6ST75659fast_rectEhhhhh
                0x0000000000005a46       0x78 build/program.a(ST7565.cpp.o)
                0x0000000000005a46                ST7565::fast_rect(unsigned char, unsigned char, unsigned char, unsigned char, unsigned char)
 .text._ZN6ST756516fast_rect_filledEhhhhh
                0x0000000000005abe       0x48 build/program.a(ST7565.cpp.o)
                0x0000000000005abe                ST7565::fast_rect_filled(unsigned char, unsigned char, unsigned char, unsigned char, unsigned char)
 *fill*         0x0000000000005b06        0x2 
 .text._ZN6ST75658spiwriteEh
                0x0000000000005b08       0x3c build/program.a(ST7565.cpp.o)
                0x0000000000005b08                ST7565::spiwrite(unsigned char)
 .text._ZN6ST756514st7565_commandEh
                0x0000000000005b44       0x20 build/program.a(ST7565.cpp.o)
                0x0000000000005b44                ST7565::st7565_command(unsigned char)
 .text._ZN6ST756511st7565_initEv
                0x0000000000005b64       0xe4 build/program.a(ST7565.cpp.o)
                0x0000000000005b64                ST7565::st7565_init()
 .text._ZN6ST756511st7565_dataEh
                0x0000000000005c48       0x20 build/program.a(ST7565.cpp.o)
                0x0000000000005c48                ST7565::st7565_data(unsigned char)
 .text._ZN6ST75656updateEv
                0x0000000000005c68       0x50 build/program.a(ST7565.cpp.o)
                0x0000000000005c68                ST7565::update()
 .text.startup._GLOBAL__sub_I_g_APinDescription
                0x0000000000005cb8       0x88 build/variant.cpp.o
 .text.millis   0x0000000000005d40        0xc build/core.a(delay.c.o)
                0x0000000000005d40                millis
 .text.delay    0x0000000000005d4c       0x20 build/core.a(delay.c.o)
                0x0000000000005d4c                delay
 .text.SysTick_Handler
                0x0000000000005d6c       0x10 build/core.a(delay.c.o)
                0x0000000000005d6c                SysTick_Handler
 .text.__empty  0x0000000000005d7c        0x2 build/core.a(hooks.c.o)
                0x0000000000005d7c                yield
 .text.Dummy_Handler
                0x0000000000005d7e        0x2 build/core.a(startup.c.o)
                0x0000000000005d7e                SYSCTRL_Handler
                0x0000000000005d7e                HardFault_Handler
                0x0000000000005d7e                AC_Handler
                0x0000000000005d7e                PendSV_Handler
                0x0000000000005d7e                NMI_Handler
                0x0000000000005d7e                TC7_Handler
                0x0000000000005d7e                SERCOM1_Handler
                0x0000000000005d7e                ADC_Handler
                0x0000000000005d7e                TCC1_Handler
                0x0000000000005d7e                SERCOM2_Handler
                0x0000000000005d7e                TCC0_Handler
                0x0000000000005d7e                RTC_Handler
                0x0000000000005d7e                EIC_Handler
                0x0000000000005d7e                TC6_Handler
                0x0000000000005d7e                WDT_Handler
                0x0000000000005d7e                TC4_Handler
                0x0000000000005d7e                TC3_Handler
                0x0000000000005d7e                Dummy_Handler
                0x0000000000005d7e                PM_Handler
                0x0000000000005d7e                SVC_Handler
                0x0000000000005d7e                TCC2_Handler
                0x0000000000005d7e                EVSYS_Handler
                0x0000000000005d7e                SERCOM4_Handler
                0x0000000000005d7e                I2S_Handler
                0x0000000000005d7e                NVMCTRL_Handler
                0x0000000000005d7e                DAC_Handler
                0x0000000000005d7e                PTC_Handler
                0x0000000000005d7e                TC5_Handler
                0x0000000000005d7e                DMAC_Handler
 .text.USB_Handler
                0x0000000000005d80       0x14 build/core.a(startup.c.o)
                0x0000000000005d80                USB_Handler
 .text.SystemInit
                0x0000000000005d94      0x154 build/core.a(startup.c.o)
                0x0000000000005d94                SystemInit
 .text.Reset_Handler
                0x0000000000005ee8       0x58 build/core.a(startup.c.o)
                0x0000000000005ee8                Reset_Handler
 .text.USB_SetHandler
                0x0000000000005f40        0xc build/core.a(startup.c.o)
                0x0000000000005f40                USB_SetHandler
 .text.init     0x0000000000005f4c       0xd0 build/core.a(wiring.c.o)
                0x0000000000005f4c                init
 .text.analogWrite
                0x000000000000601c      0x1b0 build/core.a(wiring_analog.c.o)
                0x000000000000601c                analogWrite
 .text.pinMode  0x00000000000061cc       0x78 build/core.a(wiring_digital.c.o)
                0x00000000000061cc                pinMode
 .text.pinPeripheral
                0x0000000000006244       0xc4 build/core.a(wiring_digital.c.o)
                0x0000000000006244                pinPeripheral
 .text.digitalWrite
                0x0000000000006308       0x50 build/core.a(wiring_digital.c.o)
                0x0000000000006308                digitalWrite
 .text.digitalRead
                0x0000000000006358       0x30 build/core.a(wiring_digital.c.o)
                0x0000000000006358                digitalRead
 .text._ZN5Print5writeEPKhj
                0x0000000000006388       0x22 build/core.a(Print.cpp.o)
                0x0000000000006388                Print::write(unsigned char const*, unsigned int)
 .text._ZN5Print5writeEPKc
                0x00000000000063aa       0x1c build/core.a(Print.cpp.o)
                0x00000000000063aa                Print::write(char const*)
 .text._ZN5Print5printEPKc
                0x00000000000063c6        0x8 build/core.a(Print.cpp.o)
                0x00000000000063c6                Print::print(char const*)
 .text._ZN5Print5printEc
                0x00000000000063ce        0xa build/core.a(Print.cpp.o)
                0x00000000000063ce                Print::print(char)
 .text._ZN5Print7printlnEv
                0x00000000000063d8       0x10 build/core.a(Print.cpp.o)
                0x00000000000063d8                Print::println()
 .text._ZN5Print7printlnEPKc
                0x00000000000063e8       0x14 build/core.a(Print.cpp.o)
                0x00000000000063e8                Print::println(char const*)
 .text._ZN5Print11printNumberEmh
                0x00000000000063fc       0x4e build/core.a(Print.cpp.o)
                0x00000000000063fc                Print::printNumber(unsigned long, unsigned char)
 .text._ZN5Print5printEli
                0x000000000000644a       0x3c build/core.a(Print.cpp.o)
                0x000000000000644a                Print::print(long, int)
 .text._ZN5Print5printEii
                0x0000000000006486        0x8 build/core.a(Print.cpp.o)
                0x0000000000006486                Print::print(int, int)
 .text._ZN5Print5printEmi
                0x000000000000648e       0x18 build/core.a(Print.cpp.o)
                0x000000000000648e                Print::print(unsigned long, int)
 .text._ZN5Print5printEhi
                0x00000000000064a6        0x8 build/core.a(Print.cpp.o)
                0x00000000000064a6                Print::print(unsigned char, int)
 .text._ZN10RingBufferC2Ev
                0x00000000000064ae       0x16 build/core.a(RingBuffer.cpp.o)
                0x00000000000064ae                RingBuffer::RingBuffer()
                0x00000000000064ae                RingBuffer::RingBuffer()
 .text._ZN10RingBuffer10store_charEh
                0x00000000000064c4       0x16 build/core.a(RingBuffer.cpp.o)
                0x00000000000064c4                RingBuffer::store_char(unsigned char)
 .text._ZN10RingBuffer5clearEv
                0x00000000000064da        0x8 build/core.a(RingBuffer.cpp.o)
                0x00000000000064da                RingBuffer::clear()
 .text._ZN10RingBuffer9read_charEv
                0x00000000000064e2       0x1c build/core.a(RingBuffer.cpp.o)
                0x00000000000064e2                RingBuffer::read_char()
 .text._ZN10RingBuffer9availableEv
                0x00000000000064fe        0xc build/core.a(RingBuffer.cpp.o)
                0x00000000000064fe                RingBuffer::available()
 .text._ZN10RingBuffer4peekEv
                0x000000000000650a       0x12 build/core.a(RingBuffer.cpp.o)
                0x000000000000650a                RingBuffer::peek()
 .text._ZN10RingBuffer6isFullEv
                0x000000000000651c       0x14 build/core.a(RingBuffer.cpp.o)
                0x000000000000651c                RingBuffer::isFull()
 .text._ZN6SERCOMC2EP6Sercom
                0x0000000000006530        0x4 build/core.a(SERCOM.cpp.o)
                0x0000000000006530                SERCOM::SERCOM(Sercom*)
                0x0000000000006530                SERCOM::SERCOM(Sercom*)
 .text._ZN6SERCOM9initFrameE18SercomUartCharSize15SercomDataOrder16SercomParityMode19SercomNumberStopBit
                0x0000000000006534       0x38 build/core.a(SERCOM.cpp.o)
                0x0000000000006534                SERCOM::initFrame(SercomUartCharSize, SercomDataOrder, SercomParityMode, SercomNumberStopBit)
 .text._ZN6SERCOM8initPadsE15SercomUartTXPad11SercomRXPad
                0x000000000000656c       0x26 build/core.a(SERCOM.cpp.o)
                0x000000000000656c                SERCOM::initPads(SercomUartTXPad, SercomRXPad)
 .text._ZN6SERCOM9resetUARTEv
                0x0000000000006592       0x1c build/core.a(SERCOM.cpp.o)
                0x0000000000006592                SERCOM::resetUART()
 .text._ZN6SERCOM10enableUARTEv
                0x00000000000065ae       0x14 build/core.a(SERCOM.cpp.o)
                0x00000000000065ae                SERCOM::enableUART()
 .text._ZN6SERCOM9flushUARTEv
                0x00000000000065c2        0xa build/core.a(SERCOM.cpp.o)
                0x00000000000065c2                SERCOM::flushUART()
 .text._ZN6SERCOM15clearStatusUARTEv
                0x00000000000065cc        0x8 build/core.a(SERCOM.cpp.o)
                0x00000000000065cc                SERCOM::clearStatusUART()
 .text._ZN6SERCOM17availableDataUARTEv
                0x00000000000065d4        0xa build/core.a(SERCOM.cpp.o)
                0x00000000000065d4                SERCOM::availableDataUART()
 .text._ZN6SERCOM25isBufferOverflowErrorUARTEv
                0x00000000000065de        0xa build/core.a(SERCOM.cpp.o)
                0x00000000000065de                SERCOM::isBufferOverflowErrorUART()
 .text._ZN6SERCOM16isFrameErrorUARTEv
                0x00000000000065e8        0xa build/core.a(SERCOM.cpp.o)
                0x00000000000065e8                SERCOM::isFrameErrorUART()
 .text._ZN6SERCOM17isParityErrorUARTEv
                0x00000000000065f2        0xa build/core.a(SERCOM.cpp.o)
                0x00000000000065f2                SERCOM::isParityErrorUART()
 .text._ZN6SERCOM12readDataUARTEv
                0x00000000000065fc        0x8 build/core.a(SERCOM.cpp.o)
                0x00000000000065fc                SERCOM::readDataUART()
 .text._ZN6SERCOM13writeDataUARTEh
                0x0000000000006604        0xe build/core.a(SERCOM.cpp.o)
                0x0000000000006604                SERCOM::writeDataUART(unsigned char)
 .text._ZN6SERCOM18prepareNackBitWIREEv
                0x0000000000006612       0x10 build/core.a(SERCOM.cpp.o)
                0x0000000000006612                SERCOM::prepareNackBitWIRE()
 *fill*         0x0000000000006622        0x2 
 .text._ZN6SERCOM17prepareAckBitWIREEv
                0x0000000000006624       0x14 build/core.a(SERCOM.cpp.o)
                0x0000000000006624                SERCOM::prepareAckBitWIRE()
 .text._ZN6SERCOM22prepareCommandBitsWireEh
                0x0000000000006638       0x2c build/core.a(SERCOM.cpp.o)
                0x0000000000006638                SERCOM::prepareCommandBitsWire(unsigned char)
 .text._ZN6SERCOM17sendDataSlaveWIREEh
                0x0000000000006664       0x18 build/core.a(SERCOM.cpp.o)
                0x0000000000006664                SERCOM::sendDataSlaveWIRE(unsigned char)
 .text._ZN6SERCOM12isMasterWIREEv
                0x000000000000667c       0x12 build/core.a(SERCOM.cpp.o)
                0x000000000000667c                SERCOM::isMasterWIRE()
 .text._ZN6SERCOM11isSlaveWIREEv
                0x000000000000668e       0x12 build/core.a(SERCOM.cpp.o)
                0x000000000000668e                SERCOM::isSlaveWIRE()
 .text._ZN6SERCOM15isDataReadyWIREEv
                0x00000000000066a0        0xa build/core.a(SERCOM.cpp.o)
                0x00000000000066a0                SERCOM::isDataReadyWIRE()
 .text._ZN6SERCOM18isStopDetectedWIREEv
                0x00000000000066aa        0xa build/core.a(SERCOM.cpp.o)
                0x00000000000066aa                SERCOM::isStopDetectedWIRE()
 .text._ZN6SERCOM21isRestartDetectedWIREEv
                0x00000000000066b4        0xa build/core.a(SERCOM.cpp.o)
                0x00000000000066b4                SERCOM::isRestartDetectedWIRE()
 .text._ZN6SERCOM14isAddressMatchEv
                0x00000000000066be        0xa build/core.a(SERCOM.cpp.o)
                0x00000000000066be                SERCOM::isAddressMatch()
 .text._ZN6SERCOM25isMasterReadOperationWIREEv
                0x00000000000066c8        0xa build/core.a(SERCOM.cpp.o)
                0x00000000000066c8                SERCOM::isMasterReadOperationWIRE()
 .text._ZN6SERCOM12readDataWIREEv
                0x00000000000066d2       0x1a build/core.a(SERCOM.cpp.o)
                0x00000000000066d2                SERCOM::readDataWIRE()
 .text._ZN6SERCOM13initClockNVICEv
                0x00000000000066ec       0xac build/core.a(SERCOM.cpp.o)
                0x00000000000066ec                SERCOM::initClockNVIC()
 .text._ZN6SERCOM8initUARTE14SercomUartMode20SercomUartSampleRatem
                0x0000000000006798       0x6c build/core.a(SERCOM.cpp.o)
                0x0000000000006798                SERCOM::initUART(SercomUartMode, SercomUartSampleRate, unsigned long)
 .text._ZN4UartcvbEv
                0x0000000000006804        0x4 build/core.a(Uart.cpp.o)
                0x0000000000006804                Uart::operator bool()
 .text._ZN4Uart3endEv
                0x0000000000006808       0x14 build/core.a(Uart.cpp.o)
                0x0000000000006808                Uart::end()
 .text._ZN4Uart5flushEv
                0x000000000000681c        0xa build/core.a(Uart.cpp.o)
                0x000000000000681c                Uart::flush()
 .text._ZN4Uart9availableEv
                0x0000000000006826        0xa build/core.a(Uart.cpp.o)
                0x0000000000006826                Uart::available()
 .text._ZN4Uart4peekEv
                0x0000000000006830        0xa build/core.a(Uart.cpp.o)
                0x0000000000006830                Uart::peek()
 .text._ZN4Uart4readEv
                0x000000000000683a        0xa build/core.a(Uart.cpp.o)
                0x000000000000683a                Uart::read()
 .text._ZN4Uart5writeEh
                0x0000000000006844        0xc build/core.a(Uart.cpp.o)
                0x0000000000006844                Uart::write(unsigned char)
 .text._ZN4UartC2EP6SERCOMhh
                0x0000000000006850       0x34 build/core.a(Uart.cpp.o)
                0x0000000000006850                Uart::Uart(SERCOM*, unsigned char, unsigned char)
                0x0000000000006850                Uart::Uart(SERCOM*, unsigned char, unsigned char)
 .text._ZN4Uart10IrqHandlerEv
                0x0000000000006884       0x44 build/core.a(Uart.cpp.o)
                0x0000000000006884                Uart::IrqHandler()
 .text._ZN4Uart16extractNbStopBitEh
                0x00000000000068c8        0xe build/core.a(Uart.cpp.o)
                0x00000000000068c8                Uart::extractNbStopBit(unsigned char)
 .text._ZN4Uart15extractCharSizeEh
                0x00000000000068d6        0x4 build/core.a(Uart.cpp.o)
                0x00000000000068d6                Uart::extractCharSize(unsigned char)
 .text._ZN4Uart13extractParityEh
                0x00000000000068da       0x18 build/core.a(Uart.cpp.o)
                0x00000000000068da                Uart::extractParity(unsigned char)
 *fill*         0x00000000000068f2        0x2 
 .text._ZN4Uart5beginEmh
                0x00000000000068f4       0x84 build/core.a(Uart.cpp.o)
                0x00000000000068f4                Uart::begin(unsigned long, unsigned char)
 .text._ZN4Uart5beginEm
                0x0000000000006978        0xa build/core.a(Uart.cpp.o)
                0x0000000000006978                Uart::begin(unsigned long)
 *fill*         0x0000000000006982        0x2 
 .text.SERCOM0_Handler
                0x0000000000006984       0x10 build/core.a(Uart.cpp.o)
                0x0000000000006984                SERCOM0_Handler
 .text.SERCOM5_Handler
                0x0000000000006994       0x10 build/core.a(Uart.cpp.o)
                0x0000000000006994                SERCOM5_Handler
 .text._ZN7Serial_4peekEv
                0x00000000000069a4       0x2c build/core.a(CDC.cpp.o)
                0x00000000000069a4                Serial_::peek()
 .text._ZN7Serial_5writeEh
                0x00000000000069d0       0x14 build/core.a(CDC.cpp.o)
                0x00000000000069d0                Serial_::write(unsigned char)
 .text._ZN7Serial_6acceptEv
                0x00000000000069e4       0x64 build/core.a(CDC.cpp.o)
                0x00000000000069e4                Serial_::accept()
 .text._ZN7Serial_4readEv
                0x0000000000006a48       0x68 build/core.a(CDC.cpp.o)
                0x0000000000006a48                Serial_::read()
 .text._ZN7Serial_5flushEv
                0x0000000000006ab0        0xa build/core.a(CDC.cpp.o)
                0x0000000000006ab0                Serial_::flush()
 *fill*         0x0000000000006aba        0x2 
 .text._ZN7Serial_9availableEv
                0x0000000000006abc       0x3c build/core.a(CDC.cpp.o)
                0x0000000000006abc                Serial_::available()
 .text._ZN7Serial_5writeEPKhj
                0x0000000000006af8       0x24 build/core.a(CDC.cpp.o)
                0x0000000000006af8                Serial_::write(unsigned char const*, unsigned int)
 .text._Z16CDC_GetInterfacePh
                0x0000000000006b1c       0x18 build/core.a(CDC.cpp.o)
                0x0000000000006b1c                CDC_GetInterface(unsigned char*)
 .text._Z9CDC_SetupR5Setup
                0x0000000000006b34       0x78 build/core.a(CDC.cpp.o)
                0x0000000000006b34                CDC_Setup(Setup&)
 .text._ZN7Serial_5beginEm
                0x0000000000006bac        0x2 build/core.a(CDC.cpp.o)
                0x0000000000006bac                Serial_::begin(unsigned long)
 *fill*         0x0000000000006bae        0x2 
 .text.startup._GLOBAL__sub_I_cdc_rx_buffer
                0x0000000000006bb0       0x24 build/core.a(CDC.cpp.o)
 .text._Z6initEPmm.part.3
                0x0000000000006bd4       0x80 build/core.a(USBCore.cpp.o)
 .text._ZN20USBDevice_SAMD21G18x5resetEv
                0x0000000000006c54       0x28 build/core.a(USBCore.cpp.o)
                0x0000000000006c54                USBDevice_SAMD21G18x::reset()
 .text._ZN20USBDevice_SAMD21G18x9calibrateEv
                0x0000000000006c7c       0x5c build/core.a(USBCore.cpp.o)
                0x0000000000006c7c                USBDevice_SAMD21G18x::calibrate()
 .text._Z9USBD_SendmPKvm
                0x0000000000006cd8       0xac build/core.a(USBCore.cpp.o)
                0x0000000000006cd8                USBD_Send(unsigned long, void const*, unsigned long)
 .text._Z12USBD_armSendmPKvm
                0x0000000000006d84       0x44 build/core.a(USBCore.cpp.o)
                0x0000000000006d84                USBD_armSend(unsigned long, void const*, unsigned long)
 .text._Z16USBD_SendControlPKvm
                0x0000000000006dc8       0x58 build/core.a(USBCore.cpp.o)
                0x0000000000006dc8                USBD_SendControl(void const*, unsigned long)
 .text._Z12packMessagesb.part.2
                0x0000000000006e20       0x20 build/core.a(USBCore.cpp.o)
 .text._Z25USBD_SendStringDescriptorPKhh
                0x0000000000006e40       0x52 build/core.a(USBCore.cpp.o)
                0x0000000000006e40                USBD_SendStringDescriptor(unsigned char const*, unsigned char)
 .text._Z19USBD_SendInterfacesPm
                0x0000000000006e92       0x1c build/core.a(USBCore.cpp.o)
                0x0000000000006e92                USBD_SendInterfaces(unsigned long*)
 *fill*         0x0000000000006eae        0x2 
 .text._Z22USBD_SendConfigurationm
                0x0000000000006eb0       0x84 build/core.a(USBCore.cpp.o)
                0x0000000000006eb0                USBD_SendConfiguration(unsigned long)
 .text._Z19USBD_SendDescriptorR5Setup
                0x0000000000006f34       0x78 build/core.a(USBCore.cpp.o)
                0x0000000000006f34                USBD_SendDescriptor(Setup&)
 .text._Z6initEPmm
                0x0000000000006fac       0xe0 build/core.a(USBCore.cpp.o)
                0x0000000000006fac                initEP(unsigned long, unsigned long)
 .text._Z10setAddressm
                0x000000000000708c       0x48 build/core.a(USBCore.cpp.o)
                0x000000000000708c                setAddress(unsigned long)
 .text._Z13initEndpointsv
                0x00000000000070d4       0x20 build/core.a(USBCore.cpp.o)
                0x00000000000070d4                initEndpoints()
 .text._Z19handleStandardSetupR5Setup
                0x00000000000070f4      0x108 build/core.a(USBCore.cpp.o)
                0x00000000000070f4                handleStandardSetup(Setup&)
 .text._Z25handleClassInterfaceSetupR5Setup
                0x00000000000071fc       0x28 build/core.a(USBCore.cpp.o)
                0x00000000000071fc                handleClassInterfaceSetup(Setup&)
 .text._Z10USBD_Flushm
                0x0000000000007224       0x2c build/core.a(USBCore.cpp.o)
                0x0000000000007224                USBD_Flush(unsigned long)
 .text._Z14armRecvCtrlOUTm
                0x0000000000007250       0x60 build/core.a(USBCore.cpp.o)
                0x0000000000007250                armRecvCtrlOUT(unsigned long)
 .text._Z16USBD_RecvControlPvm
                0x00000000000072b0       0x3c build/core.a(USBCore.cpp.o)
                0x00000000000072b0                USBD_RecvControl(void*, unsigned long)
 .text._Z14USBD_Availablem
                0x00000000000072ec       0x14 build/core.a(USBCore.cpp.o)
                0x00000000000072ec                USBD_Available(unsigned long)
 .text._Z7armRecvm
                0x0000000000007300       0x3c build/core.a(USBCore.cpp.o)
                0x0000000000007300                armRecv(unsigned long)
 .text._Z9USBD_RecvmPvm
                0x000000000000733c       0x98 build/core.a(USBCore.cpp.o)
                0x000000000000733c                USBD_Recv(unsigned long, void*, unsigned long)
 .text._ZN10USBDevice_4initEv
                0x00000000000073d4       0xc0 build/core.a(USBCore.cpp.o)
                0x00000000000073d4                USBDevice_::init()
 .text._ZN10USBDevice_6attachEv
                0x0000000000007494       0x34 build/core.a(USBCore.cpp.o)
                0x0000000000007494                USBDevice_::attach()
 .text.startup._GLOBAL__sub_I__ZN20USBDevice_SAMD21G18x5resetEv
                0x00000000000074c8       0x10 build/core.a(USBCore.cpp.o)
 .text._Z14handleEndpointh
                0x00000000000074d8       0x5c build/core.a(USBCore.cpp.o)
                0x00000000000074d8                handleEndpoint(unsigned char)
 .text._Z10ISRHandlerv
                0x0000000000007534      0x104 build/core.a(USBCore.cpp.o)
                0x0000000000007534                ISRHandler()
 .text.UDD_Handler
                0x0000000000007638        0x8 build/core.a(USBCore.cpp.o)
                0x0000000000007638                UDD_Handler
 .text.initiateReset
                0x0000000000007640       0x14 build/core.a(Reset.cpp.o)
                0x0000000000007640                initiateReset
 .text.cancelReset
                0x0000000000007654       0x10 build/core.a(Reset.cpp.o)
                0x0000000000007654                cancelReset
 .text._ZdaPv   0x0000000000007664        0x8 /Users/aw/Documents/DEVICE_ARM/ARM/gcc-arm-none-eabi-4.8.3-2014q1/bin/../lib/gcc/arm-none-eabi/4.8.3/../../../../arm-none-eabi/lib/armv6-m/libstdc++_s.a(del_opv.o)
                0x0000000000007664                operator delete[](void*)
 .text._Znaj    0x000000000000766c        0x8 /Users/aw/Documents/DEVICE_ARM/ARM/gcc-arm-none-eabi-4.8.3-2014q1/bin/../lib/gcc/arm-none-eabi/4.8.3/../../../../arm-none-eabi/lib/armv6-m/libstdc++_s.a(new_opv.o)
                0x000000000000766c                operator new[](unsigned int)
 .text.__cxa_pure_virtual
                0x0000000000007674       0x14 /Users/aw/Documents/DEVICE_ARM/ARM/gcc-arm-none-eabi-4.8.3-2014q1/bin/../lib/gcc/arm-none-eabi/4.8.3/../../../../arm-none-eabi/lib/armv6-m/libstdc++_s.a(pure.o)
                0x0000000000007674                __cxa_pure_virtual
 .text._ZdlPv   0x0000000000007688        0xc /Users/aw/Documents/DEVICE_ARM/ARM/gcc-arm-none-eabi-4.8.3-2014q1/bin/../lib/gcc/arm-none-eabi/4.8.3/../../../../arm-none-eabi/lib/armv6-m/libstdc++_s.a(del_op.o)
                0x0000000000007688                operator delete(void*)
 .text._ZN10__cxxabiv111__terminateEPFvvE
                0x0000000000007694        0x8 /Users/aw/Documents/DEVICE_ARM/ARM/gcc-arm-none-eabi-4.8.3-2014q1/bin/../lib/gcc/arm-none-eabi/4.8.3/../../../../arm-none-eabi/lib/armv6-m/libstdc++_s.a(eh_terminate.o)
                0x0000000000007694                __cxxabiv1::__terminate(void (*)())
 .text._ZSt9terminatev
                0x000000000000769c       0x10 /Users/aw/Documents/DEVICE_ARM/ARM/gcc-arm-none-eabi-4.8.3-2014q1/bin/../lib/gcc/arm-none-eabi/4.8.3/../../../../arm-none-eabi/lib/armv6-m/libstdc++_s.a(eh_terminate.o)
                0x000000000000769c                std::terminate()
 .text._Znwj    0x00000000000076ac       0x28 /Users/aw/Documents/DEVICE_ARM/ARM/gcc-arm-none-eabi-4.8.3-2014q1/bin/../lib/gcc/arm-none-eabi/4.8.3/../../../../arm-none-eabi/lib/armv6-m/libstdc++_s.a(new_op.o)
                0x00000000000076ac                operator new(unsigned int)
 .text._ZN9__gnu_cxx27__verbose_terminate_handlerEv
                0x00000000000076d4       0xa0 /Users/aw/Documents/DEVICE_ARM/ARM/gcc-arm-none-eabi-4.8.3-2014q1/bin/../lib/gcc/arm-none-eabi/4.8.3/../../../../arm-none-eabi/lib/armv6-m/libstdc++_s.a(vterminate.o)
                0x00000000000076d4                __gnu_cxx::__verbose_terminate_handler()
 .text          0x0000000000007774     0x5d44 /Users/aw/Documents/DEVICE_ARM/ARM/gcc-arm-none-eabi-4.8.3-2014q1/bin/../lib/gcc/arm-none-eabi/4.8.3/../../../../arm-none-eabi/lib/armv6-m/libstdc++_s.a(cp-demangle.o)
                0x000000000000d3d0                __cxa_demangle
                0x000000000000d494                __gcclibcxx_demangle_callback
 .text.__cxa_current_exception_type
                0x000000000000d4b8       0x1e /Users/aw/Documents/DEVICE_ARM/ARM/gcc-arm-none-eabi-4.8.3-2014q1/bin/../lib/gcc/arm-none-eabi/4.8.3/../../../../arm-none-eabi/lib/armv6-m/libstdc++_s.a(eh_type.o)
                0x000000000000d4b8                __cxa_current_exception_type
 *fill*         0x000000000000d4d6        0x2 
 .text.__cxa_get_globals
                0x000000000000d4d8        0x8 /Users/aw/Documents/DEVICE_ARM/ARM/gcc-arm-none-eabi-4.8.3-2014q1/bin/../lib/gcc/arm-none-eabi/4.8.3/../../../../arm-none-eabi/lib/armv6-m/libstdc++_s.a(eh_globals.o)
                0x000000000000d4d8                __cxa_get_globals
 .text          0x000000000000d4e0       0x14 /Users/aw/Documents/DEVICE_ARM/ARM/gcc-arm-none-eabi-4.8.3-2014q1/bin/../lib/gcc/arm-none-eabi/4.8.3/armv6-m/libgcc.a(_thumb1_case_uqi.o)
                0x000000000000d4e0                __gnu_thumb1_case_uqi
 .text          0x000000000000d4f4       0x9c /Users/aw/Documents/DEVICE_ARM/ARM/gcc-arm-none-eabi-4.8.3-2014q1/bin/../lib/gcc/arm-none-eabi/4.8.3/armv6-m/libgcc.a(_udivsi3.o)
                0x000000000000d4f4                __udivsi3
                0x000000000000d4f4                __aeabi_uidiv
                0x000000000000d57c                __aeabi_uidivmod
 .text          0x000000000000d590        0x4 /Users/aw/Documents/DEVICE_ARM/ARM/gcc-arm-none-eabi-4.8.3-2014q1/bin/../lib/gcc/arm-none-eabi/4.8.3/armv6-m/libgcc.a(_dvmd_tls.o)
                0x000000000000d590                __aeabi_ldiv0
                0x000000000000d590                __aeabi_idiv0
 .text.abort    0x000000000000d594        0xe /Users/aw/Documents/DEVICE_ARM/ARM/gcc-arm-none-eabi-4.8.3-2014q1/bin/../lib/gcc/arm-none-eabi/4.8.3/../../../../arm-none-eabi/lib/armv6-m/libc_s.a(lib_a-abort.o)
                0x000000000000d594                abort
 *fill*         0x000000000000d5a2        0x2 
 .text._fputs_r
                0x000000000000d5a4       0xa8 /Users/aw/Documents/DEVICE_ARM/ARM/gcc-arm-none-eabi-4.8.3-2014q1/bin/../lib/gcc/arm-none-eabi/4.8.3/../../../../arm-none-eabi/lib/armv6-m/libc_s.a(lib_a-fputs.o)
                0x000000000000d5a4                _fputs_r
 .text.fputs    0x000000000000d64c       0x18 /Users/aw/Documents/DEVICE_ARM/ARM/gcc-arm-none-eabi-4.8.3-2014q1/bin/../lib/gcc/arm-none-eabi/4.8.3/../../../../arm-none-eabi/lib/armv6-m/libc_s.a(lib_a-fputs.o)
                0x000000000000d64c                fputs
 .text.__libc_init_array
                0x000000000000d664       0x4c /Users/aw/Documents/DEVICE_ARM/ARM/gcc-arm-none-eabi-4.8.3-2014q1/bin/../lib/gcc/arm-none-eabi/4.8.3/../../../../arm-none-eabi/lib/armv6-m/libc_s.a(lib_a-init.o)
                0x000000000000d664                __libc_init_array
 .text.malloc   0x000000000000d6b0       0x14 /Users/aw/Documents/DEVICE_ARM/ARM/gcc-arm-none-eabi-4.8.3-2014q1/bin/../lib/gcc/arm-none-eabi/4.8.3/../../../../arm-none-eabi/lib/armv6-m/libc_s.a(lib_a-malloc.o)
                0x000000000000d6b0                malloc
 .text.free     0x000000000000d6c4       0x14 /Users/aw/Documents/DEVICE_ARM/ARM/gcc-arm-none-eabi-4.8.3-2014q1/bin/../lib/gcc/arm-none-eabi/4.8.3/../../../../arm-none-eabi/lib/armv6-m/libc_s.a(lib_a-malloc.o)
                0x000000000000d6c4                free
 .text.memcmp   0x000000000000d6d8       0x1e /Users/aw/Documents/DEVICE_ARM/ARM/gcc-arm-none-eabi-4.8.3-2014q1/bin/../lib/gcc/arm-none-eabi/4.8.3/../../../../arm-none-eabi/lib/armv6-m/libc_s.a(lib_a-memcmp.o)
                0x000000000000d6d8                memcmp
 .text.memcpy   0x000000000000d6f6       0x12 /Users/aw/Documents/DEVICE_ARM/ARM/gcc-arm-none-eabi-4.8.3-2014q1/bin/../lib/gcc/arm-none-eabi/4.8.3/../../../../arm-none-eabi/lib/armv6-m/libc_s.a(lib_a-memcpy-stub.o)
                0x000000000000d6f6                memcpy
 .text.memset   0x000000000000d708       0x10 /Users/aw/Documents/DEVICE_ARM/ARM/gcc-arm-none-eabi-4.8.3-2014q1/bin/../lib/gcc/arm-none-eabi/4.8.3/../../../../arm-none-eabi/lib/armv6-m/libc_s.a(lib_a-memset.o)
                0x000000000000d708                memset
 .text._free_r  0x000000000000d718       0x90 /Users/aw/Documents/DEVICE_ARM/ARM/gcc-arm-none-eabi-4.8.3-2014q1/bin/../lib/gcc/arm-none-eabi/4.8.3/../../../../arm-none-eabi/lib/armv6-m/libc_s.a(lib_a-nano-freer.o)
                0x000000000000d718                _free_r
 .text._malloc_r
                0x000000000000d7a8       0xa8 /Users/aw/Documents/DEVICE_ARM/ARM/gcc-arm-none-eabi-4.8.3-2014q1/bin/../lib/gcc/arm-none-eabi/4.8.3/../../../../arm-none-eabi/lib/armv6-m/libc_s.a(lib_a-nano-mallocr.o)
                0x000000000000d7a8                _malloc_r
 .text.printf   0x000000000000d850       0x34 /Users/aw/Documents/DEVICE_ARM/ARM/gcc-arm-none-eabi-4.8.3-2014q1/bin/../lib/gcc/arm-none-eabi/4.8.3/../../../../arm-none-eabi/lib/armv6-m/libc_s.a(lib_a-printf.o)
                0x000000000000d850                printf
                0x000000000000d850                iprintf
 .text.realloc  0x000000000000d884       0x18 /Users/aw/Documents/DEVICE_ARM/ARM/gcc-arm-none-eabi-4.8.3-2014q1/bin/../lib/gcc/arm-none-eabi/4.8.3/../../../../arm-none-eabi/lib/armv6-m/libc_s.a(lib_a-realloc.o)
                0x000000000000d884                realloc
 .text._sbrk_r  0x000000000000d89c       0x24 /Users/aw/Documents/DEVICE_ARM/ARM/gcc-arm-none-eabi-4.8.3-2014q1/bin/../lib/gcc/arm-none-eabi/4.8.3/../../../../arm-none-eabi/lib/armv6-m/libc_s.a(lib_a-sbrkr.o)
                0x000000000000d89c                _sbrk_r
 .text._raise_r
                0x000000000000d8c0       0x56 /Users/aw/Documents/DEVICE_ARM/ARM/gcc-arm-none-eabi-4.8.3-2014q1/bin/../lib/gcc/arm-none-eabi/4.8.3/../../../../arm-none-eabi/lib/armv6-m/libc_s.a(lib_a-signal.o)
                0x000000000000d8c0                _raise_r
 *fill*         0x000000000000d916        0x2 
 .text.raise    0x000000000000d918       0x14 /Users/aw/Documents/DEVICE_ARM/ARM/gcc-arm-none-eabi-4.8.3-2014q1/bin/../lib/gcc/arm-none-eabi/4.8.3/../../../../arm-none-eabi/lib/armv6-m/libc_s.a(lib_a-signal.o)
                0x000000000000d918                raise
 .text._kill_r  0x000000000000d92c       0x24 /Users/aw/Documents/DEVICE_ARM/ARM/gcc-arm-none-eabi-4.8.3-2014q1/bin/../lib/gcc/arm-none-eabi/4.8.3/../../../../arm-none-eabi/lib/armv6-m/libc_s.a(lib_a-signalr.o)
                0x000000000000d92c                _kill_r
 .text._getpid_r
                0x000000000000d950        0x8 /Users/aw/Documents/DEVICE_ARM/ARM/gcc-arm-none-eabi-4.8.3-2014q1/bin/../lib/gcc/arm-none-eabi/4.8.3/../../../../arm-none-eabi/lib/armv6-m/libc_s.a(lib_a-signalr.o)
                0x000000000000d950                _getpid_r
 .text.sprintf  0x000000000000d958       0x44 /Users/aw/Documents/DEVICE_ARM/ARM/gcc-arm-none-eabi-4.8.3-2014q1/bin/../lib/gcc/arm-none-eabi/4.8.3/../../../../arm-none-eabi/lib/armv6-m/libc_s.a(lib_a-sprintf.o)
                0x000000000000d958                sprintf
                0x000000000000d958                siprintf
 .text          0x000000000000d99c       0x14 /Users/aw/Documents/DEVICE_ARM/ARM/gcc-arm-none-eabi-4.8.3-2014q1/bin/../lib/gcc/arm-none-eabi/4.8.3/../../../../arm-none-eabi/lib/armv6-m/libc_s.a(lib_a-strcmp.o)
                0x000000000000d99c                strcmp
 .text.strlen   0x000000000000d9b0        0xe /Users/aw/Documents/DEVICE_ARM/ARM/gcc-arm-none-eabi-4.8.3-2014q1/bin/../lib/gcc/arm-none-eabi/4.8.3/../../../../arm-none-eabi/lib/armv6-m/libc_s.a(lib_a-strlen.o)
                0x000000000000d9b0                strlen
 .text.strncmp  0x000000000000d9be       0x2c /Users/aw/Documents/DEVICE_ARM/ARM/gcc-arm-none-eabi-4.8.3-2014q1/bin/../lib/gcc/arm-none-eabi/4.8.3/../../../../arm-none-eabi/lib/armv6-m/libc_s.a(lib_a-strncmp.o)
                0x000000000000d9be                strncmp
 *fill*         0x000000000000d9ea        0x2 
 .text.__ssputs_r
                0x000000000000d9ec       0xc0 /Users/aw/Documents/DEVICE_ARM/ARM/gcc-arm-none-eabi-4.8.3-2014q1/bin/../lib/gcc/arm-none-eabi/4.8.3/../../../../arm-none-eabi/lib/armv6-m/libc_s.a(lib_a-svfprintf.o)
                0x000000000000d9ec                __ssputs_r
 .text._svfprintf_r
                0x000000000000daac      0x1e0 /Users/aw/Documents/DEVICE_ARM/ARM/gcc-arm-none-eabi-4.8.3-2014q1/bin/../lib/gcc/arm-none-eabi/4.8.3/../../../../arm-none-eabi/lib/armv6-m/libc_s.a(lib_a-svfprintf.o)
                0x000000000000daac                _svfprintf_r
                0x000000000000daac                _svfiprintf_r
 .text.write    0x000000000000dc8c       0x1c /Users/aw/Documents/DEVICE_ARM/ARM/gcc-arm-none-eabi-4.8.3-2014q1/bin/../lib/gcc/arm-none-eabi/4.8.3/../../../../arm-none-eabi/lib/armv6-m/libc_s.a(lib_a-syswrite.o)
                0x000000000000dc8c                write
 .text.__sfputc_r
                0x000000000000dca8       0x2a /Users/aw/Documents/DEVICE_ARM/ARM/gcc-arm-none-eabi-4.8.3-2014q1/bin/../lib/gcc/arm-none-eabi/4.8.3/../../../../arm-none-eabi/lib/armv6-m/libc_s.a(lib_a-vfprintf.o)
 .text.__sfputs_r
                0x000000000000dcd2       0x24 /Users/aw/Documents/DEVICE_ARM/ARM/gcc-arm-none-eabi-4.8.3-2014q1/bin/../lib/gcc/arm-none-eabi/4.8.3/../../../../arm-none-eabi/lib/armv6-m/libc_s.a(lib_a-vfprintf.o)
                0x000000000000dcd2                __sfputs_r
 *fill*         0x000000000000dcf6        0x2 
 .text._vfprintf_r
                0x000000000000dcf8      0x210 /Users/aw/Documents/DEVICE_ARM/ARM/gcc-arm-none-eabi-4.8.3-2014q1/bin/../lib/gcc/arm-none-eabi/4.8.3/../../../../arm-none-eabi/lib/armv6-m/libc_s.a(lib_a-vfprintf.o)
                0x000000000000dcf8                _vfiprintf_r
                0x000000000000dcf8                _vfprintf_r
 .text._printf_common
                0x000000000000df08       0xe8 /Users/aw/Documents/DEVICE_ARM/ARM/gcc-arm-none-eabi-4.8.3-2014q1/bin/../lib/gcc/arm-none-eabi/4.8.3/../../../../arm-none-eabi/lib/armv6-m/libc_s.a(lib_a-vfprintf_i.o)
                0x000000000000df08                _printf_common
 .text._printf_i
                0x000000000000dff0      0x22c /Users/aw/Documents/DEVICE_ARM/ARM/gcc-arm-none-eabi-4.8.3-2014q1/bin/../lib/gcc/arm-none-eabi/4.8.3/../../../../arm-none-eabi/lib/armv6-m/libc_s.a(lib_a-vfprintf_i.o)
                0x000000000000dff0                _printf_i
 .text.__swbuf_r
                0x000000000000e21c       0xb0 /Users/aw/Documents/DEVICE_ARM/ARM/gcc-arm-none-eabi-4.8.3-2014q1/bin/../lib/gcc/arm-none-eabi/4.8.3/../../../../arm-none-eabi/lib/armv6-m/libc_s.a(lib_a-wbuf.o)
                0x000000000000e21c                __swbuf_r
 .text._write_r
                0x000000000000e2cc       0x28 /Users/aw/Documents/DEVICE_ARM/ARM/gcc-arm-none-eabi-4.8.3-2014q1/bin/../lib/gcc/arm-none-eabi/4.8.3/../../../../arm-none-eabi/lib/armv6-m/libc_s.a(lib_a-writer.o)
                0x000000000000e2cc                _write_r
 .text.__swsetup_r
                0x000000000000e2f4       0xe4 /Users/aw/Documents/DEVICE_ARM/ARM/gcc-arm-none-eabi-4.8.3-2014q1/bin/../lib/gcc/arm-none-eabi/4.8.3/../../../../arm-none-eabi/lib/armv6-m/libc_s.a(lib_a-wsetup.o)
                0x000000000000e2f4                __swsetup_r
 .text.__sflush_r
                0x000000000000e3d8      0x112 /Users/aw/Documents/DEVICE_ARM/ARM/gcc-arm-none-eabi-4.8.3-2014q1/bin/../lib/gcc/arm-none-eabi/4.8.3/../../../../arm-none-eabi/lib/armv6-m/libc_s.a(lib_a-fflush.o)
                0x000000000000e3d8                __sflush_r
 *fill*         0x000000000000e4ea        0x2 
 .text._fflush_r
                0x000000000000e4ec       0x58 /Users/aw/Documents/DEVICE_ARM/ARM/gcc-arm-none-eabi-4.8.3-2014q1/bin/../lib/gcc/arm-none-eabi/4.8.3/../../../../arm-none-eabi/lib/armv6-m/libc_s.a(lib_a-fflush.o)
                0x000000000000e4ec                _fflush_r
 .text._cleanup_r
                0x000000000000e544       0x34 /Users/aw/Documents/DEVICE_ARM/ARM/gcc-arm-none-eabi-4.8.3-2014q1/bin/../lib/gcc/arm-none-eabi/4.8.3/../../../../arm-none-eabi/lib/armv6-m/libc_s.a(lib_a-findfp.o)
                0x000000000000e544                _cleanup_r
 .text.std.isra.0
                0x000000000000e578       0x48 /Users/aw/Documents/DEVICE_ARM/ARM/gcc-arm-none-eabi-4.8.3-2014q1/bin/../lib/gcc/arm-none-eabi/4.8.3/../../../../arm-none-eabi/lib/armv6-m/libc_s.a(lib_a-findfp.o)
 .text.__sfmoreglue
                0x000000000000e5c0       0x2c /Users/aw/Documents/DEVICE_ARM/ARM/gcc-arm-none-eabi-4.8.3-2014q1/bin/../lib/gcc/arm-none-eabi/4.8.3/../../../../arm-none-eabi/lib/armv6-m/libc_s.a(lib_a-findfp.o)
                0x000000000000e5c0                __sfmoreglue
 .text.__sinit  0x000000000000e5ec       0x64 /Users/aw/Documents/DEVICE_ARM/ARM/gcc-arm-none-eabi-4.8.3-2014q1/bin/../lib/gcc/arm-none-eabi/4.8.3/../../../../arm-none-eabi/lib/armv6-m/libc_s.a(lib_a-findfp.o)
                0x000000000000e5ec                __sinit
 .text.__sfp    0x000000000000e650       0x7c /Users/aw/Documents/DEVICE_ARM/ARM/gcc-arm-none-eabi-4.8.3-2014q1/bin/../lib/gcc/arm-none-eabi/4.8.3/../../../../arm-none-eabi/lib/armv6-m/libc_s.a(lib_a-findfp.o)
                0x000000000000e650                __sfp
 .text.__smakebuf_r
                0x000000000000e6cc       0xa0 /Users/aw/Documents/DEVICE_ARM/ARM/gcc-arm-none-eabi-4.8.3-2014q1/bin/../lib/gcc/arm-none-eabi/4.8.3/../../../../arm-none-eabi/lib/armv6-m/libc_s.a(lib_a-makebuf.o)
                0x000000000000e6cc                __smakebuf_r
 .text.memchr   0x000000000000e76c       0x16 /Users/aw/Documents/DEVICE_ARM/ARM/gcc-arm-none-eabi-4.8.3-2014q1/bin/../lib/gcc/arm-none-eabi/4.8.3/../../../../arm-none-eabi/lib/armv6-m/libc_s.a(lib_a-memchr-stub.o)
                0x000000000000e76c                memchr
 .text.memmove  0x000000000000e782       0x32 /Users/aw/Documents/DEVICE_ARM/ARM/gcc-arm-none-eabi-4.8.3-2014q1/bin/../lib/gcc/arm-none-eabi/4.8.3/../../../../arm-none-eabi/lib/armv6-m/libc_s.a(lib_a-memmove.o)
                0x000000000000e782                memmove
 .text._realloc_r
                0x000000000000e7b4       0x4c /Users/aw/Documents/DEVICE_ARM/ARM/gcc-arm-none-eabi-4.8.3-2014q1/bin/../lib/gcc/arm-none-eabi/4.8.3/../../../../arm-none-eabi/lib/armv6-m/libc_s.a(lib_a-nano-reallocr.o)
                0x000000000000e7b4                _realloc_r
 .text.__sread  0x000000000000e800       0x28 /Users/aw/Documents/DEVICE_ARM/ARM/gcc-arm-none-eabi-4.8.3-2014q1/bin/../lib/gcc/arm-none-eabi/4.8.3/../../../../arm-none-eabi/lib/armv6-m/libc_s.a(lib_a-stdio.o)
                0x000000000000e800                __sread
 .text.__swrite
                0x000000000000e828       0x38 /Users/aw/Documents/DEVICE_ARM/ARM/gcc-arm-none-eabi-4.8.3-2014q1/bin/../lib/gcc/arm-none-eabi/4.8.3/../../../../arm-none-eabi/lib/armv6-m/libc_s.a(lib_a-stdio.o)
                0x000000000000e828                __swrite
 .text.__sseek  0x000000000000e860       0x2c /Users/aw/Documents/DEVICE_ARM/ARM/gcc-arm-none-eabi-4.8.3-2014q1/bin/../lib/gcc/arm-none-eabi/4.8.3/../../../../arm-none-eabi/lib/armv6-m/libc_s.a(lib_a-stdio.o)
                0x000000000000e860                __sseek
 .text.__sclose
                0x000000000000e88c        0xc /Users/aw/Documents/DEVICE_ARM/ARM/gcc-arm-none-eabi-4.8.3-2014q1/bin/../lib/gcc/arm-none-eabi/4.8.3/../../../../arm-none-eabi/lib/armv6-m/libc_s.a(lib_a-stdio.o)
                0x000000000000e88c                __sclose
 .text._close_r
                0x000000000000e898       0x24 /Users/aw/Documents/DEVICE_ARM/ARM/gcc-arm-none-eabi-4.8.3-2014q1/bin/../lib/gcc/arm-none-eabi/4.8.3/../../../../arm-none-eabi/lib/armv6-m/libc_s.a(lib_a-closer.o)
                0x000000000000e898                _close_r
 .text._fstat_r
                0x000000000000e8bc       0x24 /Users/aw/Documents/DEVICE_ARM/ARM/gcc-arm-none-eabi-4.8.3-2014q1/bin/../lib/gcc/arm-none-eabi/4.8.3/../../../../arm-none-eabi/lib/armv6-m/libc_s.a(lib_a-fstatr.o)
                0x000000000000e8bc                _fstat_r
 .text._isatty_r
                0x000000000000e8e0       0x24 /Users/aw/Documents/DEVICE_ARM/ARM/gcc-arm-none-eabi-4.8.3-2014q1/bin/../lib/gcc/arm-none-eabi/4.8.3/../../../../arm-none-eabi/lib/armv6-m/libc_s.a(lib_a-isattyr.o)
                0x000000000000e8e0                _isatty_r
 .text._lseek_r
                0x000000000000e904       0x28 /Users/aw/Documents/DEVICE_ARM/ARM/gcc-arm-none-eabi-4.8.3-2014q1/bin/../lib/gcc/arm-none-eabi/4.8.3/../../../../arm-none-eabi/lib/armv6-m/libc_s.a(lib_a-lseekr.o)
                0x000000000000e904                _lseek_r
 .text._malloc_usable_size_r
                0x000000000000e92c       0x12 /Users/aw/Documents/DEVICE_ARM/ARM/gcc-arm-none-eabi-4.8.3-2014q1/bin/../lib/gcc/arm-none-eabi/4.8.3/../../../../arm-none-eabi/lib/armv6-m/libc_s.a(lib_a-nano-msizer.o)
                0x000000000000e92c                _malloc_usable_size_r
 *fill*         0x000000000000e93e        0x2 
 .text._read_r  0x000000000000e940       0x28 /Users/aw/Documents/DEVICE_ARM/ARM/gcc-arm-none-eabi-4.8.3-2014q1/bin/../lib/gcc/arm-none-eabi/4.8.3/../../../../arm-none-eabi/lib/armv6-m/libc_s.a(lib_a-readr.o)
                0x000000000000e940                _read_r
 *(.init)
 .init          0x000000000000e968        0x4 /Users/aw/Documents/DEVICE_ARM/ARM/gcc-arm-none-eabi-4.8.3-2014q1/bin/../lib/gcc/arm-none-eabi/4.8.3/armv6-m/crti.o
                0x000000000000e968                _init
 .init          0x000000000000e96c        0x8 /Users/aw/Documents/DEVICE_ARM/ARM/gcc-arm-none-eabi-4.8.3-2014q1/bin/../lib/gcc/arm-none-eabi/4.8.3/armv6-m/crtn.o
 *(.fini)
 .fini          0x000000000000e974        0x4 /Users/aw/Documents/DEVICE_ARM/ARM/gcc-arm-none-eabi-4.8.3-2014q1/bin/../lib/gcc/arm-none-eabi/4.8.3/armv6-m/crti.o
                0x000000000000e974                _fini
 .fini          0x000000000000e978        0x8 /Users/aw/Documents/DEVICE_ARM/ARM/gcc-arm-none-eabi-4.8.3-2014q1/bin/../lib/gcc/arm-none-eabi/4.8.3/armv6-m/crtn.o
 *crtbegin.o(.ctors)
 *crtbegin?.o(.ctors)
 *(EXCLUDE_FILE(*crtend.o *crtend?.o) .ctors)
 *(SORT(.ctors.*))
 *(.ctors)
 *crtbegin.o(.dtors)
 *crtbegin?.o(.dtors)
 *(EXCLUDE_FILE(*crtend.o *crtend?.o) .dtors)
 *(SORT(.dtors.*))
 *(.dtors)
 *(.rodata*)
 .rodata.str1.1
                0x000000000000e980       0x19 build/core/syscalls.c.o
 .rodata        0x000000000000e999        0xa build/program.a(Accel.cpp.o)
 .rodata._ZL14UBX_RATE_200MS
                0x000000000000e9a3        0x6 build/program.a(GPS.cpp.o)
 .rodata._ZL7GGA_CFG
                0x000000000000e9a9        0x8 build/program.a(GPS.cpp.o)
 .rodata._ZL7GRS_CFG
                0x000000000000e9b1        0x8 build/program.a(GPS.cpp.o)
 .rodata._ZL7GSA_CFG
                0x000000000000e9b9        0x8 build/program.a(GPS.cpp.o)
 .rodata._ZL7GST_CFG
                0x000000000000e9c1        0x8 build/program.a(GPS.cpp.o)
 .rodata._ZL7GSV_CFG
                0x000000000000e9c9        0x8 build/program.a(GPS.cpp.o)
 .rodata._ZL7RMC_CFG
                0x000000000000e9d1        0x8 build/program.a(GPS.cpp.o)
 .rodata.str1.1
                0x000000000000e9d9       0x19 build/program.a(GPS.cpp.o)
 .rodata._ZL10UBX_HEADER
                0x000000000000e9f2        0x2 build/program.a(GPS.cpp.o)
 .rodata._ZL11UBX_SOL_CFG
                0x000000000000e9f4        0x3 build/program.a(GPS.cpp.o)
 .rodata._ZL7GLL_CFG
                0x000000000000e9f7        0x8 build/program.a(GPS.cpp.o)
 .rodata._ZL7VTG_CFG
                0x000000000000e9ff        0x8 build/program.a(GPS.cpp.o)
 .rodata._ZL19UBX_ENGINE_SETTINGS
                0x000000000000ea07       0x24 build/program.a(GPS.cpp.o)
 .rodata._ZL7ZDA_CFG
                0x000000000000ea2b        0x8 build/program.a(GPS.cpp.o)
 .rodata._ZL7GBS_CFG
                0x000000000000ea33        0x8 build/program.a(GPS.cpp.o)
 .rodata._ZL14UBX_VELNED_CFG
                0x000000000000ea3b        0x3 build/program.a(GPS.cpp.o)
 .rodata._ZL23Minecraftia8pt7bBitmaps
                0x000000000000ea3e      0x528 build/program.a(Screen.cpp.o)
 *fill*         0x000000000000ef66        0x2 
 .rodata._ZL15ThinPixel10pt7b
                0x000000000000ef68        0xc build/program.a(Screen.cpp.o)
 .rodata.str1.1
                0x000000000000ef74       0x53 build/program.a(Screen.cpp.o)
                                         0x55 (size before relaxing)
 *fill*         0x000000000000efc7        0x1 
 .rodata._ZL21ThinPixel10pt7bGlyphs
                0x000000000000efc8      0x2f8 build/program.a(Screen.cpp.o)
 .rodata._ZL22ThinPixel10pt7bBitmaps
                0x000000000000f2c0      0x16c build/program.a(Screen.cpp.o)
 .rodata._ZL22Minecraftia8pt7bGlyphs
                0x000000000000f42c      0x2f8 build/program.a(Screen.cpp.o)
 .rodata._ZL16Minecraftia8pt7b
                0x000000000000f724        0xc build/program.a(Screen.cpp.o)
 .rodata._ZTV7TwoWire
                0x000000000000f730       0x20 build/program.a(Wire.cpp.o)
                0x000000000000f730                vtable for TwoWire
 .rodata._ZL4font
                0x000000000000f750      0x500 build/program.a(Adafruit_GFX.cpp.o)
 .rodata._ZTV12Adafruit_GFX
                0x000000000000fc50       0x30 build/program.a(Adafruit_GFX.cpp.o)
                0x000000000000fc50                vtable for Adafruit_GFX
 .rodata._ZTV6ST7565
                0x000000000000fc80       0x30 build/program.a(ST7565.cpp.o)
                0x000000000000fc80                vtable for ST7565
 .rodata._ZL7pagemap
                0x000000000000fcb0        0x8 build/program.a(ST7565.cpp.o)
 .rodata.g_APinDescription
                0x000000000000fcb8      0x480 build/variant.cpp.o
                0x000000000000fcb8                g_APinDescription
 .rodata.str1.1
                0x0000000000010138        0xf build/core.a(Print.cpp.o)
                                         0x11 (size before relaxing)
 *fill*         0x0000000000010147        0x1 
 .rodata._ZTV4Uart
                0x0000000000010148       0x30 build/core.a(Uart.cpp.o)
                0x0000000000010148                vtable for Uart
 .rodata._ZTV7Serial_
                0x0000000000010178       0x28 build/core.a(CDC.cpp.o)
                0x0000000000010178                vtable for Serial_
 .rodata._ZL15STRING_LANGUAGE
                0x00000000000101a0        0x4 build/core.a(USBCore.cpp.o)
 .rodata._ZL19STRING_MANUFACTURER
                0x00000000000101a4        0xc build/core.a(USBCore.cpp.o)
 .rodata._ZL20USB_DeviceDescriptor
                0x00000000000101b0       0x12 build/core.a(USBCore.cpp.o)
 .rodata._ZL14STRING_PRODUCT
                0x00000000000101c2       0x16 build/core.a(USBCore.cpp.o)
 .rodata.str1.1
                0x00000000000101d8       0x3b /Users/aw/Documents/DEVICE_ARM/ARM/gcc-arm-none-eabi-4.8.3-2014q1/bin/../lib/gcc/arm-none-eabi/4.8.3/../../../../arm-none-eabi/lib/armv6-m/libstdc++_s.a(pure.o)
 .rodata.str1.1
                0x0000000000010213       0x80 /Users/aw/Documents/DEVICE_ARM/ARM/gcc-arm-none-eabi-4.8.3-2014q1/bin/../lib/gcc/arm-none-eabi/4.8.3/../../../../arm-none-eabi/lib/armv6-m/libstdc++_s.a(vterminate.o)
 *fill*         0x0000000000010293        0x1 
 .rodata        0x0000000000010294     0x1020 /Users/aw/Documents/DEVICE_ARM/ARM/gcc-arm-none-eabi-4.8.3-2014q1/bin/../lib/gcc/arm-none-eabi/4.8.3/../../../../arm-none-eabi/lib/armv6-m/libstdc++_s.a(cp-demangle.o)
 .rodata.str1.4
                0x00000000000112b4      0x7f4 /Users/aw/Documents/DEVICE_ARM/ARM/gcc-arm-none-eabi-4.8.3-2014q1/bin/../lib/gcc/arm-none-eabi/4.8.3/../../../../arm-none-eabi/lib/armv6-m/libstdc++_s.a(cp-demangle.o)
                                        0x840 (size before relaxing)
 .rodata.str1.1
                0x0000000000011aa8        0x2 /Users/aw/Documents/DEVICE_ARM/ARM/gcc-arm-none-eabi-4.8.3-2014q1/bin/../lib/gcc/arm-none-eabi/4.8.3/../../../../arm-none-eabi/lib/armv6-m/libc_s.a(lib_a-impure.o)
 *fill*         0x0000000000011aaa        0x2 
 .rodata._global_impure_ptr
                0x0000000000011aac        0x4 /Users/aw/Documents/DEVICE_ARM/ARM/gcc-arm-none-eabi-4.8.3-2014q1/bin/../lib/gcc/arm-none-eabi/4.8.3/../../../../arm-none-eabi/lib/armv6-m/libc_s.a(lib_a-impure.o)
                0x0000000000011aac                _global_impure_ptr
 .rodata.str1.1
                0x0000000000011ab0       0x11 /Users/aw/Documents/DEVICE_ARM/ARM/gcc-arm-none-eabi-4.8.3-2014q1/bin/../lib/gcc/arm-none-eabi/4.8.3/../../../../arm-none-eabi/lib/armv6-m/libc_s.a(lib_a-svfprintf.o)
 .rodata.str1.1
                0x0000000000000000       0x11 /Users/aw/Documents/DEVICE_ARM/ARM/gcc-arm-none-eabi-4.8.3-2014q1/bin/../lib/gcc/arm-none-eabi/4.8.3/../../../../arm-none-eabi/lib/armv6-m/libc_s.a(lib_a-vfprintf.o)
 .rodata.str1.1
                0x0000000000011ac1       0x22 /Users/aw/Documents/DEVICE_ARM/ARM/gcc-arm-none-eabi-4.8.3-2014q1/bin/../lib/gcc/arm-none-eabi/4.8.3/../../../../arm-none-eabi/lib/armv6-m/libc_s.a(lib_a-vfprintf_i.o)
 *fill*         0x0000000000011ae3        0x1 
 .rodata.__sf_fake_stdin
                0x0000000000011ae4       0x20 /Users/aw/Documents/DEVICE_ARM/ARM/gcc-arm-none-eabi-4.8.3-2014q1/bin/../lib/gcc/arm-none-eabi/4.8.3/../../../../arm-none-eabi/lib/armv6-m/libc_s.a(lib_a-findfp.o)
                0x0000000000011ae4                __sf_fake_stdin
 .rodata.__sf_fake_stdout
                0x0000000000011b04       0x20 /Users/aw/Documents/DEVICE_ARM/ARM/gcc-arm-none-eabi-4.8.3-2014q1/bin/../lib/gcc/arm-none-eabi/4.8.3/../../../../arm-none-eabi/lib/armv6-m/libc_s.a(lib_a-findfp.o)
                0x0000000000011b04                __sf_fake_stdout
 .rodata.__sf_fake_stderr
                0x0000000000011b24       0x20 /Users/aw/Documents/DEVICE_ARM/ARM/gcc-arm-none-eabi-4.8.3-2014q1/bin/../lib/gcc/arm-none-eabi/4.8.3/../../../../arm-none-eabi/lib/armv6-m/libc_s.a(lib_a-findfp.o)
                0x0000000000011b24                __sf_fake_stderr
 *(.eh_frame*)
 .eh_frame      0x0000000000011b44        0x0 /Users/aw/Documents/DEVICE_ARM/ARM/gcc-arm-none-eabi-4.8.3-2014q1/bin/../lib/gcc/arm-none-eabi/4.8.3/armv6-m/crtbegin.o
 .eh_frame      0x0000000000011b44        0x4 /Users/aw/Documents/DEVICE_ARM/ARM/gcc-arm-none-eabi-4.8.3-2014q1/bin/../lib/gcc/arm-none-eabi/4.8.3/armv6-m/crtend.o

.glue_7         0x0000000000011b48        0x0
 .glue_7        0x0000000000000000        0x0 linker stubs

.glue_7t        0x0000000000011b48        0x0
 .glue_7t       0x0000000000000000        0x0 linker stubs

.vfp11_veneer   0x0000000000011b48        0x0
 .vfp11_veneer  0x0000000000000000        0x0 linker stubs

.v4_bx          0x0000000000011b48        0x0
 .v4_bx         0x0000000000000000        0x0 linker stubs

.iplt           0x0000000000011b48        0x0
 .iplt          0x0000000000000000        0x0 /Users/aw/Documents/DEVICE_ARM/ARM/gcc-arm-none-eabi-4.8.3-2014q1/bin/../lib/gcc/arm-none-eabi/4.8.3/armv6-m/crtbegin.o

.ramfunc        0x0000000000011b48       0x1c
 .ramfunc       0x0000000000011b48       0x1c build/core.a(Reset.cpp.o)

.rel.dyn        0x0000000000011b64        0x0
 .rel.iplt      0x0000000000000000        0x0 /Users/aw/Documents/DEVICE_ARM/ARM/gcc-arm-none-eabi-4.8.3-2014q1/bin/../lib/gcc/arm-none-eabi/4.8.3/armv6-m/crtbegin.o

.ARM.extab
 *(.ARM.extab* .gnu.linkonce.armextab.*)
                0x0000000000011b64                __exidx_start = .

.ARM.exidx
 *(.ARM.exidx* .gnu.linkonce.armexidx.*)
                0x0000000000011b64                __exidx_end = .
                0x0000000000011b64                __etext = .

.data           0x0000000020000000      0x3cc load address 0x0000000000011b64
                0x0000000020000000                __data_start__ = .
 *(vtable)
 *(.data*)
 .data._ZL10screen_var
                0x0000000020000000        0x6 build/program.a(Screen.cpp.o)
 .data._ZL13boot_img_bits
                0x0000000020000006      0x2a0 build/program.a(Screen.cpp.o)
 *fill*         0x00000000200002a6        0x2 
 .data._ZL4Menu
                0x00000000200002a8        0xc build/program.a(Screen.cpp.o)
 .data._ZL13icon_gps_bits
                0x00000000200002b4       0x12 build/program.a(Screen.cpp.o)
 .data._ZL12warning_bits
                0x00000000200002c6       0x12 build/program.a(Screen.cpp.o)
 .data.SystemCoreClock
                0x00000000200002d8        0x4 build/core.a(wiring.c.o)
                0x00000000200002d8                SystemCoreClock
 .data._writeResolution
                0x00000000200002dc        0x4 build/core.a(wiring_analog.c.o)
 .data._ZL10breakValue
                0x00000000200002e0        0x4 build/core.a(CDC.cpp.o)
 .data._ZL13_cdcInterface
                0x00000000200002e4       0x42 build/core.a(CDC.cpp.o)
 *fill*         0x0000000020000326        0x2 
 .data._ZL12_usbLineInfo
                0x0000000020000328        0x8 build/core.a(CDC.cpp.o)
 .data.EndPoints
                0x0000000020000330       0x10 build/core.a(USBCore.cpp.o)
                0x0000000020000330                EndPoints
 .data._ZL5ticks
                0x0000000020000340        0x4 build/core.a(Reset.cpp.o)
 .data._ZN10__cxxabiv119__terminate_handlerE
                0x0000000020000344        0x4 /Users/aw/Documents/DEVICE_ARM/ARM/gcc-arm-none-eabi-4.8.3-2014q1/bin/../lib/gcc/arm-none-eabi/4.8.3/../../../../arm-none-eabi/lib/armv6-m/libstdc++_s.a(eh_term_handler.o)
                0x0000000020000344                __cxxabiv1::__terminate_handler
 .data.impure_data
                0x0000000020000348       0x60 /Users/aw/Documents/DEVICE_ARM/ARM/gcc-arm-none-eabi-4.8.3-2014q1/bin/../lib/gcc/arm-none-eabi/4.8.3/../../../../arm-none-eabi/lib/armv6-m/libc_s.a(lib_a-impure.o)
 .data._impure_ptr
                0x00000000200003a8        0x4 /Users/aw/Documents/DEVICE_ARM/ARM/gcc-arm-none-eabi-4.8.3-2014q1/bin/../lib/gcc/arm-none-eabi/4.8.3/../../../../arm-none-eabi/lib/armv6-m/libc_s.a(lib_a-impure.o)
                0x00000000200003a8                _impure_ptr
                0x00000000200003ac                . = ALIGN (0x4)
                0x00000000200003ac                PROVIDE (__preinit_array_start, .)
 *(.preinit_array)
                0x00000000200003ac                PROVIDE (__preinit_array_end, .)
                0x00000000200003ac                . = ALIGN (0x4)
                0x00000000200003ac                PROVIDE (__init_array_start, .)
 *(SORT(.init_array.*))
 *(.init_array)
 .init_array    0x00000000200003ac        0x4 /Users/aw/Documents/DEVICE_ARM/ARM/gcc-arm-none-eabi-4.8.3-2014q1/bin/../lib/gcc/arm-none-eabi/4.8.3/armv6-m/crtbegin.o
 .init_array    0x00000000200003b0        0x4 build/program.a(main.cpp.o)
 .init_array    0x00000000200003b4        0x4 build/program.a(Wire.cpp.o)
 .init_array    0x00000000200003b8        0x4 build/variant.cpp.o
 .init_array    0x00000000200003bc        0x4 build/core.a(CDC.cpp.o)
 .init_array    0x00000000200003c0        0x4 build/core.a(USBCore.cpp.o)
                0x00000000200003c4                PROVIDE (__init_array_end, .)
                0x00000000200003c4                . = ALIGN (0x4)
                0x00000000200003c4                PROVIDE (__fini_array_start, .)
 *(SORT(.fini_array.*))
 *(.fini_array)
 .fini_array    0x00000000200003c4        0x4 /Users/aw/Documents/DEVICE_ARM/ARM/gcc-arm-none-eabi-4.8.3-2014q1/bin/../lib/gcc/arm-none-eabi/4.8.3/armv6-m/crtbegin.o
                0x00000000200003c8                PROVIDE (__fini_array_end, .)
 *(.jcr*)
 .jcr           0x00000000200003c8        0x0 /Users/aw/Documents/DEVICE_ARM/ARM/gcc-arm-none-eabi-4.8.3-2014q1/bin/../lib/gcc/arm-none-eabi/4.8.3/armv6-m/crtbegin.o
 .jcr           0x00000000200003c8        0x4 /Users/aw/Documents/DEVICE_ARM/ARM/gcc-arm-none-eabi-4.8.3-2014q1/bin/../lib/gcc/arm-none-eabi/4.8.3/armv6-m/crtend.o
                0x00000000200003cc                . = ALIGN (0x4)
                0x00000000200003cc                __data_end__ = .

.igot.plt       0x00000000200003cc        0x0 load address 0x0000000000011f30
 .igot.plt      0x0000000000000000        0x0 /Users/aw/Documents/DEVICE_ARM/ARM/gcc-arm-none-eabi-4.8.3-2014q1/bin/../lib/gcc/arm-none-eabi/4.8.3/armv6-m/crtbegin.o

.bss            0x00000000200003cc      0xdd0 load address 0x0000000000011f30
                0x00000000200003cc                . = ALIGN (0x4)
                0x00000000200003cc                __bss_start__ = .
 *(.bss*)
 .bss           0x00000000200003cc       0x1c /Users/aw/Documents/DEVICE_ARM/ARM/gcc-arm-none-eabi-4.8.3-2014q1/bin/../lib/gcc/arm-none-eabi/4.8.3/armv6-m/crtbegin.o
 .bss.heap.10814
                0x00000000200003e8        0x4 build/core/syscalls.c.o
 .bss.ui        0x00000000200003ec      0x434 build/program.a(main.cpp.o)
                0x00000000200003ec                ui
 .bss.gyro      0x0000000020000820        0x6 build/program.a(main.cpp.o)
                0x0000000020000820                gyro
 *fill*         0x0000000020000826        0x2 
 .bss.accel     0x0000000020000828       0x50 build/program.a(main.cpp.o)
                0x0000000020000828                accel
 .bss.gps       0x0000000020000878       0x90 build/program.a(main.cpp.o)
                0x0000000020000878                gps
 .bss.show_tests
                0x0000000020000908        0x1 build/program.a(Accel.cpp.o)
                0x0000000020000908                show_tests
 *fill*         0x0000000020000909        0x3 
 .bss.ButtonLeft
                0x000000002000090c        0x8 build/program.a(Screen.cpp.o)
                0x000000002000090c                ButtonLeft
 .bss.ButtonMenu
                0x0000000020000914        0x8 build/program.a(Screen.cpp.o)
                0x0000000020000914                ButtonMenu
 .bss.ButtonRight
                0x000000002000091c        0x8 build/program.a(Screen.cpp.o)
                0x000000002000091c                ButtonRight
 .bss.ButtonReset
                0x0000000020000924        0x8 build/program.a(Screen.cpp.o)
                0x0000000020000924                ButtonReset
 .bss.Wire      0x000000002000092c       0xb4 build/program.a(Wire.cpp.o)
                0x000000002000092c                Wire
 .bss.Serial    0x00000000200009e0       0x60 build/variant.cpp.o
                0x00000000200009e0                Serial
 .bss.Serial5   0x0000000020000a40       0x60 build/variant.cpp.o
                0x0000000020000a40                Serial5
 .bss.sercom3   0x0000000020000aa0        0x4 build/variant.cpp.o
                0x0000000020000aa0                sercom3
 .bss.sercom0   0x0000000020000aa4        0x4 build/variant.cpp.o
                0x0000000020000aa4                sercom0
 .bss.sercom1   0x0000000020000aa8        0x4 build/variant.cpp.o
                0x0000000020000aa8                sercom1
 .bss.sercom2   0x0000000020000aac        0x4 build/variant.cpp.o
                0x0000000020000aac                sercom2
 .bss.sercom4   0x0000000020000ab0        0x4 build/variant.cpp.o
                0x0000000020000ab0                sercom4
 .bss.sercom5   0x0000000020000ab4        0x4 build/variant.cpp.o
                0x0000000020000ab4                sercom5
 .bss._ulTickCount
                0x0000000020000ab8        0x4 build/core.a(delay.c.o)
 .bss.usb_isr   0x0000000020000abc        0x4 build/core.a(startup.c.o)
 .bss.cdc_rx_buffer
                0x0000000020000ac0      0x10c build/core.a(CDC.cpp.o)
                0x0000000020000ac0                cdc_rx_buffer
 .bss.SerialUSB
                0x0000000020000bcc       0x18 build/core.a(CDC.cpp.o)
                0x0000000020000bcc                SerialUSB
 .bss._pack_buffer
                0x0000000020000be4      0x100 build/core.a(USBCore.cpp.o)
                0x0000000020000be4                _pack_buffer
 .bss._pack_size
                0x0000000020000ce4        0x2 build/core.a(USBCore.cpp.o)
                0x0000000020000ce4                _pack_size
 *fill*         0x0000000020000ce6        0x2 
 .bss._ZL22udd_ep_in_cache_buffer
                0x0000000020000ce8      0x1c0 build/core.a(USBCore.cpp.o)
 .bss._ZL23udd_ep_out_cache_buffer
                0x0000000020000ea8      0x1c0 build/core.a(USBCore.cpp.o)
 .bss._ZL14isEndpointHalt
                0x0000000020001068        0x1 build/core.a(USBCore.cpp.o)
 .bss._pack_message
                0x0000000020001069        0x1 build/core.a(USBCore.cpp.o)
                0x0000000020001069                _pack_message
 .bss._ZL21isRemoteWakeUpEnabled
                0x000000002000106a        0x1 build/core.a(USBCore.cpp.o)
 .bss._dry_run  0x000000002000106b        0x1 build/core.a(USBCore.cpp.o)
                0x000000002000106b                _dry_run
 .bss.USBDevice
                0x000000002000106c        0x1 build/core.a(USBCore.cpp.o)
                0x000000002000106c                USBDevice
 *fill*         0x000000002000106d        0x3 
 .bss._usbSetInterface
                0x0000000020001070        0x4 build/core.a(USBCore.cpp.o)
                0x0000000020001070                _usbSetInterface
 .bss.usbd      0x0000000020001074      0x104 build/core.a(USBCore.cpp.o)
                0x0000000020001074                usbd
 .bss._usbConfiguration
                0x0000000020001178        0x4 build/core.a(USBCore.cpp.o)
                0x0000000020001178                _usbConfiguration
 .bss.__new_handler
                0x000000002000117c        0x4 /Users/aw/Documents/DEVICE_ARM/ARM/gcc-arm-none-eabi-4.8.3-2014q1/bin/../lib/gcc/arm-none-eabi/4.8.3/../../../../arm-none-eabi/lib/armv6-m/libstdc++_s.a(new_handler.o)
                0x000000002000117c                __new_handler
 .bss._ZZN9__gnu_cxx27__verbose_terminate_handlerEvE11terminating
                0x0000000020001180        0x1 /Users/aw/Documents/DEVICE_ARM/ARM/gcc-arm-none-eabi-4.8.3-2014q1/bin/../lib/gcc/arm-none-eabi/4.8.3/../../../../arm-none-eabi/lib/armv6-m/libstdc++_s.a(vterminate.o)
 *fill*         0x0000000020001181        0x3 
 .bss._ZL10eh_globals
                0x0000000020001184        0xc /Users/aw/Documents/DEVICE_ARM/ARM/gcc-arm-none-eabi-4.8.3-2014q1/bin/../lib/gcc/arm-none-eabi/4.8.3/../../../../arm-none-eabi/lib/armv6-m/libstdc++_s.a(eh_globals.o)
 .bss.__malloc_sbrk_start
                0x0000000020001190        0x4 /Users/aw/Documents/DEVICE_ARM/ARM/gcc-arm-none-eabi-4.8.3-2014q1/bin/../lib/gcc/arm-none-eabi/4.8.3/../../../../arm-none-eabi/lib/armv6-m/libc_s.a(lib_a-nano-mallocr.o)
                0x0000000020001190                __malloc_sbrk_start
 .bss.__malloc_free_list
                0x0000000020001194        0x4 /Users/aw/Documents/DEVICE_ARM/ARM/gcc-arm-none-eabi-4.8.3-2014q1/bin/../lib/gcc/arm-none-eabi/4.8.3/../../../../arm-none-eabi/lib/armv6-m/libc_s.a(lib_a-nano-mallocr.o)
                0x0000000020001194                __malloc_free_list
 *(COMMON)
 COMMON         0x0000000020001198        0x4 /Users/aw/Documents/DEVICE_ARM/ARM/gcc-arm-none-eabi-4.8.3-2014q1/bin/../lib/gcc/arm-none-eabi/4.8.3/../../../../arm-none-eabi/lib/armv6-m/libc_s.a(lib_a-reent.o)
                0x0000000020001198                errno
                0x000000002000119c                . = ALIGN (0x4)
                0x000000002000119c                __bss_end__ = .

.heap           0x000000002000119c        0x0
                0x000000002000119c                __end__ = .
                0x000000002000119c                PROVIDE (end, .)
 *(.heap*)
                0x000000002000119c                __HeapLimit = .

.stack_dummy    0x000000002000119c        0x0
 *(.stack*)
                0x0000000020008000                __StackTop = (ORIGIN (RAM) + 0x8000)
                0x0000000020008000                __StackLimit = (__StackTop - SIZEOF (.stack_dummy))
                0x0000000020008000                PROVIDE (__stack, __StackTop)
                0x0000000020007fff                __ram_end__ = ((ORIGIN (RAM) + 0x8000) - 0x1)
                0x0000000000000001                ASSERT ((__StackLimit >= __HeapLimit), region RAM overflowed with stack)
OUTPUT(firmware.elf elf32-littlearm)

.ARM.attributes
                0x0000000000000000       0x28
 .ARM.attributes
                0x0000000000000000       0x1e /Users/aw/Documents/DEVICE_ARM/ARM/gcc-arm-none-eabi-4.8.3-2014q1/bin/../lib/gcc/arm-none-eabi/4.8.3/armv6-m/crti.o
 .ARM.attributes
                0x000000000000001e       0x2c /Users/aw/Documents/DEVICE_ARM/ARM/gcc-arm-none-eabi-4.8.3-2014q1/bin/../lib/gcc/arm-none-eabi/4.8.3/armv6-m/crtbegin.o
 .ARM.attributes
                0x000000000000004a       0x32 build/core/syscalls.c.o
 .ARM.attributes
                0x000000000000007c       0x32 build/program.a(main.cpp.o)
 .ARM.attributes
                0x00000000000000ae       0x32 build/program.a(Gyro.cpp.o)
 .ARM.attributes
                0x00000000000000e0       0x32 build/program.a(Accel.cpp.o)
 .ARM.attributes
                0x0000000000000112       0x32 build/program.a(GPS.cpp.o)
 .ARM.attributes
                0x0000000000000144       0x32 build/program.a(Screen.cpp.o)
 .ARM.attributes
                0x0000000000000176       0x32 build/program.a(Wire.cpp.o)
 .ARM.attributes
                0x00000000000001a8       0x32 build/program.a(Adafruit_GFX.cpp.o)
 .ARM.attributes
                0x00000000000001da       0x32 build/program.a(ST7565.cpp.o)
 .ARM.attributes
                0x000000000000020c       0x32 build/variant.cpp.o
 .ARM.attributes
                0x000000000000023e       0x32 build/core.a(delay.c.o)
 .ARM.attributes
                0x0000000000000270       0x32 build/core.a(hooks.c.o)
 .ARM.attributes
                0x00000000000002a2       0x32 build/core.a(startup.c.o)
 .ARM.attributes
                0x00000000000002d4       0x32 build/core.a(wiring.c.o)
 .ARM.attributes
                0x0000000000000306       0x32 build/core.a(wiring_analog.c.o)
 .ARM.attributes
                0x0000000000000338       0x32 build/core.a(wiring_digital.c.o)
 .ARM.attributes
                0x000000000000036a       0x32 build/core.a(Print.cpp.o)
 .ARM.attributes
                0x000000000000039c       0x32 build/core.a(RingBuffer.cpp.o)
 .ARM.attributes
                0x00000000000003ce       0x32 build/core.a(SERCOM.cpp.o)
 .ARM.attributes
                0x0000000000000400       0x32 build/core.a(Uart.cpp.o)
 .ARM.attributes
                0x0000000000000432       0x32 build/core.a(CDC.cpp.o)
 .ARM.attributes
                0x0000000000000464       0x32 build/core.a(USBCore.cpp.o)
 .ARM.attributes
                0x0000000000000496       0x32 build/core.a(Reset.cpp.o)
 .ARM.attributes
                0x00000000000004c8       0x2c /Users/aw/Documents/DEVICE_ARM/ARM/gcc-arm-none-eabi-4.8.3-2014q1/bin/../lib/gcc/arm-none-eabi/4.8.3/../../../../arm-none-eabi/lib/armv6-m/libstdc++_s.a(del_opv.o)
 .ARM.attributes
                0x00000000000004f4       0x2c /Users/aw/Documents/DEVICE_ARM/ARM/gcc-arm-none-eabi-4.8.3-2014q1/bin/../lib/gcc/arm-none-eabi/4.8.3/../../../../arm-none-eabi/lib/armv6-m/libstdc++_s.a(new_opv.o)
 .ARM.attributes
                0x0000000000000520       0x2c /Users/aw/Documents/DEVICE_ARM/ARM/gcc-arm-none-eabi-4.8.3-2014q1/bin/../lib/gcc/arm-none-eabi/4.8.3/../../../../arm-none-eabi/lib/armv6-m/libstdc++_s.a(pure.o)
 .ARM.attributes
                0x000000000000054c       0x2c /Users/aw/Documents/DEVICE_ARM/ARM/gcc-arm-none-eabi-4.8.3-2014q1/bin/../lib/gcc/arm-none-eabi/4.8.3/../../../../arm-none-eabi/lib/armv6-m/libstdc++_s.a(del_op.o)
 .ARM.attributes
                0x0000000000000578       0x2c /Users/aw/Documents/DEVICE_ARM/ARM/gcc-arm-none-eabi-4.8.3-2014q1/bin/../lib/gcc/arm-none-eabi/4.8.3/../../../../arm-none-eabi/lib/armv6-m/libstdc++_s.a(eh_terminate.o)
 .ARM.attributes
                0x00000000000005a4       0x2c /Users/aw/Documents/DEVICE_ARM/ARM/gcc-arm-none-eabi-4.8.3-2014q1/bin/../lib/gcc/arm-none-eabi/4.8.3/../../../../arm-none-eabi/lib/armv6-m/libstdc++_s.a(new_op.o)
 .ARM.attributes
                0x00000000000005d0       0x2c /Users/aw/Documents/DEVICE_ARM/ARM/gcc-arm-none-eabi-4.8.3-2014q1/bin/../lib/gcc/arm-none-eabi/4.8.3/../../../../arm-none-eabi/lib/armv6-m/libstdc++_s.a(eh_term_handler.o)
 .ARM.attributes
                0x00000000000005fc       0x2c /Users/aw/Documents/DEVICE_ARM/ARM/gcc-arm-none-eabi-4.8.3-2014q1/bin/../lib/gcc/arm-none-eabi/4.8.3/../../../../arm-none-eabi/lib/armv6-m/libstdc++_s.a(new_handler.o)
 .ARM.attributes
                0x0000000000000628       0x2c /Users/aw/Documents/DEVICE_ARM/ARM/gcc-arm-none-eabi-4.8.3-2014q1/bin/../lib/gcc/arm-none-eabi/4.8.3/../../../../arm-none-eabi/lib/armv6-m/libstdc++_s.a(vterminate.o)
 .ARM.attributes
                0x0000000000000654       0x2c /Users/aw/Documents/DEVICE_ARM/ARM/gcc-arm-none-eabi-4.8.3-2014q1/bin/../lib/gcc/arm-none-eabi/4.8.3/../../../../arm-none-eabi/lib/armv6-m/libstdc++_s.a(cp-demangle.o)
 .ARM.attributes
                0x0000000000000680       0x2c /Users/aw/Documents/DEVICE_ARM/ARM/gcc-arm-none-eabi-4.8.3-2014q1/bin/../lib/gcc/arm-none-eabi/4.8.3/../../../../arm-none-eabi/lib/armv6-m/libstdc++_s.a(eh_type.o)
 .ARM.attributes
                0x00000000000006ac       0x2c /Users/aw/Documents/DEVICE_ARM/ARM/gcc-arm-none-eabi-4.8.3-2014q1/bin/../lib/gcc/arm-none-eabi/4.8.3/../../../../arm-none-eabi/lib/armv6-m/libstdc++_s.a(eh_globals.o)
 .ARM.attributes
                0x00000000000006d8       0x1e /Users/aw/Documents/DEVICE_ARM/ARM/gcc-arm-none-eabi-4.8.3-2014q1/bin/../lib/gcc/arm-none-eabi/4.8.3/armv6-m/libgcc.a(_thumb1_case_uqi.o)
 .ARM.attributes
                0x00000000000006f6       0x1e /Users/aw/Documents/DEVICE_ARM/ARM/gcc-arm-none-eabi-4.8.3-2014q1/bin/../lib/gcc/arm-none-eabi/4.8.3/armv6-m/libgcc.a(_udivsi3.o)
 .ARM.attributes
                0x0000000000000714       0x1e /Users/aw/Documents/DEVICE_ARM/ARM/gcc-arm-none-eabi-4.8.3-2014q1/bin/../lib/gcc/arm-none-eabi/4.8.3/armv6-m/libgcc.a(_dvmd_tls.o)
 .ARM.attributes
                0x0000000000000732       0x2c /Users/aw/Documents/DEVICE_ARM/ARM/gcc-arm-none-eabi-4.8.3-2014q1/bin/../lib/gcc/arm-none-eabi/4.8.3/../../../../arm-none-eabi/lib/armv6-m/libc_s.a(lib_a-abort.o)
 .ARM.attributes
                0x000000000000075e       0x2c /Users/aw/Documents/DEVICE_ARM/ARM/gcc-arm-none-eabi-4.8.3-2014q1/bin/../lib/gcc/arm-none-eabi/4.8.3/../../../../arm-none-eabi/lib/armv6-m/libc_s.a(lib_a-fputs.o)
 .ARM.attributes
                0x000000000000078a       0x2c /Users/aw/Documents/DEVICE_ARM/ARM/gcc-arm-none-eabi-4.8.3-2014q1/bin/../lib/gcc/arm-none-eabi/4.8.3/../../../../arm-none-eabi/lib/armv6-m/libc_s.a(lib_a-impure.o)
 .ARM.attributes
                0x00000000000007b6       0x2c /Users/aw/Documents/DEVICE_ARM/ARM/gcc-arm-none-eabi-4.8.3-2014q1/bin/../lib/gcc/arm-none-eabi/4.8.3/../../../../arm-none-eabi/lib/armv6-m/libc_s.a(lib_a-init.o)
 .ARM.attributes
                0x00000000000007e2       0x2c /Users/aw/Documents/DEVICE_ARM/ARM/gcc-arm-none-eabi-4.8.3-2014q1/bin/../lib/gcc/arm-none-eabi/4.8.3/../../../../arm-none-eabi/lib/armv6-m/libc_s.a(lib_a-malloc.o)
 .ARM.attributes
                0x000000000000080e       0x2c /Users/aw/Documents/DEVICE_ARM/ARM/gcc-arm-none-eabi-4.8.3-2014q1/bin/../lib/gcc/arm-none-eabi/4.8.3/../../../../arm-none-eabi/lib/armv6-m/libc_s.a(lib_a-memcmp.o)
 .ARM.attributes
                0x000000000000083a       0x2c /Users/aw/Documents/DEVICE_ARM/ARM/gcc-arm-none-eabi-4.8.3-2014q1/bin/../lib/gcc/arm-none-eabi/4.8.3/../../../../arm-none-eabi/lib/armv6-m/libc_s.a(lib_a-memcpy-stub.o)
 .ARM.attributes
                0x0000000000000866       0x2c /Users/aw/Documents/DEVICE_ARM/ARM/gcc-arm-none-eabi-4.8.3-2014q1/bin/../lib/gcc/arm-none-eabi/4.8.3/../../../../arm-none-eabi/lib/armv6-m/libc_s.a(lib_a-memset.o)
 .ARM.attributes
                0x0000000000000892       0x2c /Users/aw/Documents/DEVICE_ARM/ARM/gcc-arm-none-eabi-4.8.3-2014q1/bin/../lib/gcc/arm-none-eabi/4.8.3/../../../../arm-none-eabi/lib/armv6-m/libc_s.a(lib_a-nano-freer.o)
 .ARM.attributes
                0x00000000000008be       0x2c /Users/aw/Documents/DEVICE_ARM/ARM/gcc-arm-none-eabi-4.8.3-2014q1/bin/../lib/gcc/arm-none-eabi/4.8.3/../../../../arm-none-eabi/lib/armv6-m/libc_s.a(lib_a-nano-mallocr.o)
 .ARM.attributes
                0x00000000000008ea       0x2c /Users/aw/Documents/DEVICE_ARM/ARM/gcc-arm-none-eabi-4.8.3-2014q1/bin/../lib/gcc/arm-none-eabi/4.8.3/../../../../arm-none-eabi/lib/armv6-m/libc_s.a(lib_a-printf.o)
 .ARM.attributes
                0x0000000000000916       0x2c /Users/aw/Documents/DEVICE_ARM/ARM/gcc-arm-none-eabi-4.8.3-2014q1/bin/../lib/gcc/arm-none-eabi/4.8.3/../../../../arm-none-eabi/lib/armv6-m/libc_s.a(lib_a-realloc.o)
 .ARM.attributes
                0x0000000000000942       0x2c /Users/aw/Documents/DEVICE_ARM/ARM/gcc-arm-none-eabi-4.8.3-2014q1/bin/../lib/gcc/arm-none-eabi/4.8.3/../../../../arm-none-eabi/lib/armv6-m/libc_s.a(lib_a-reent.o)
 .ARM.attributes
                0x000000000000096e       0x2c /Users/aw/Documents/DEVICE_ARM/ARM/gcc-arm-none-eabi-4.8.3-2014q1/bin/../lib/gcc/arm-none-eabi/4.8.3/../../../../arm-none-eabi/lib/armv6-m/libc_s.a(lib_a-sbrkr.o)
 .ARM.attributes
                0x000000000000099a       0x2c /Users/aw/Documents/DEVICE_ARM/ARM/gcc-arm-none-eabi-4.8.3-2014q1/bin/../lib/gcc/arm-none-eabi/4.8.3/../../../../arm-none-eabi/lib/armv6-m/libc_s.a(lib_a-signal.o)
 .ARM.attributes