Archive member included because of file (symbol)

build/program.a(main.cpp.o)   /Users/aw/Documents/DRACE/ARM/gcc-arm-none-eabi-4.8.3-2014q1/bin/../lib/gcc/arm-none-eabi/4.8.3/../../../../arm-none-eabi/lib/armv6-m/crt0.o (main)
build/program.a(GPS.cpp.o)    build/program.a(main.cpp.o) (GPS::Update())
build/program.a(UI.cpp.o)     build/program.a(main.cpp.o) (UI::Menu_load())
build/program.a(Adafruit_GFX.cpp.o)
                              build/program.a(UI.cpp.o) (Adafruit_GFX::drawXBitmap(short, short, unsigned char const*, short, short, unsigned short))
build/program.a(ST7565.cpp.o)
                              build/program.a(UI.cpp.o) (ST7565::ST7565(signed char, signed char, signed char, signed char, signed char))
build/program.a(Accel.cpp.o)  build/program.a(UI.cpp.o) (Accel::GetResult(int))
build/core.a(delay.c.o)       build/program.a(UI.cpp.o) (millis)
build/core.a(hooks.c.o)       build/core.a(delay.c.o) (yield)
build/core.a(startup.c.o)     (Reset_Handler)
build/core.a(wiring.c.o)      build/program.a(main.cpp.o) (init)
build/core.a(wiring_analog.c.o)
                              build/program.a(UI.cpp.o) (analogWrite)
build/core.a(wiring_digital.c.o)
                              build/program.a(UI.cpp.o) (pinMode)
build/core.a(Print.cpp.o)     build/program.a(Adafruit_GFX.cpp.o) (Print::write(unsigned char const*, unsigned int))
build/core.a(SERCOM.cpp.o)    build/variant.cpp.o (SERCOM::SERCOM(Sercom*))
build/core.a(Uart.cpp.o)      build/program.a(GPS.cpp.o) (Uart::end())
build/core.a(CDC.cpp.o)       build/program.a(GPS.cpp.o) (SerialUSB)
build/core.a(USBCore.cpp.o)   build/core.a(CDC.cpp.o) (USBD_Send(unsigned long, void const*, unsigned long))
build/core.a(Reset.cpp.o)     build/core.a(CDC.cpp.o) (initiateReset)
build/core.a(RingBuffer.cpp.o)
                              build/core.a(Uart.cpp.o) (RingBuffer::RingBuffer())
/Users/aw/Documents/DRACE/ARM/gcc-arm-none-eabi-4.8.3-2014q1/bin/../lib/gcc/arm-none-eabi/4.8.3/../../../../arm-none-eabi/lib/armv6-m/libstdc++_s.a(del_opv.o)
                              build/program.a(GPS.cpp.o) (operator delete[](void*))
/Users/aw/Documents/DRACE/ARM/gcc-arm-none-eabi-4.8.3-2014q1/bin/../lib/gcc/arm-none-eabi/4.8.3/../../../../arm-none-eabi/lib/armv6-m/libstdc++_s.a(new_opv.o)
                              build/program.a(GPS.cpp.o) (operator new[](unsigned int))
/Users/aw/Documents/DRACE/ARM/gcc-arm-none-eabi-4.8.3-2014q1/bin/../lib/gcc/arm-none-eabi/4.8.3/../../../../arm-none-eabi/lib/armv6-m/libstdc++_s.a(pure.o)
                              build/program.a(Adafruit_GFX.cpp.o) (__cxa_pure_virtual)
/Users/aw/Documents/DRACE/ARM/gcc-arm-none-eabi-4.8.3-2014q1/bin/../lib/gcc/arm-none-eabi/4.8.3/../../../../arm-none-eabi/lib/armv6-m/libstdc++_s.a(del_op.o)
                              /Users/aw/Documents/DRACE/ARM/gcc-arm-none-eabi-4.8.3-2014q1/bin/../lib/gcc/arm-none-eabi/4.8.3/../../../../arm-none-eabi/lib/armv6-m/libstdc++_s.a(del_opv.o) (operator delete(void*))
/Users/aw/Documents/DRACE/ARM/gcc-arm-none-eabi-4.8.3-2014q1/bin/../lib/gcc/arm-none-eabi/4.8.3/../../../../arm-none-eabi/lib/armv6-m/libstdc++_s.a(eh_terminate.o)
                              /Users/aw/Documents/DRACE/ARM/gcc-arm-none-eabi-4.8.3-2014q1/bin/../lib/gcc/arm-none-eabi/4.8.3/../../../../arm-none-eabi/lib/armv6-m/libstdc++_s.a(pure.o) (std::terminate())
/Users/aw/Documents/DRACE/ARM/gcc-arm-none-eabi-4.8.3-2014q1/bin/../lib/gcc/arm-none-eabi/4.8.3/../../../../arm-none-eabi/lib/armv6-m/libstdc++_s.a(eh_unex_handler.o)
                              /Users/aw/Documents/DRACE/ARM/gcc-arm-none-eabi-4.8.3-2014q1/bin/../lib/gcc/arm-none-eabi/4.8.3/../../../../arm-none-eabi/lib/armv6-m/libstdc++_s.a(eh_terminate.o) (__cxxabiv1::__unexpected_handler)
/Users/aw/Documents/DRACE/ARM/gcc-arm-none-eabi-4.8.3-2014q1/bin/../lib/gcc/arm-none-eabi/4.8.3/../../../../arm-none-eabi/lib/armv6-m/libstdc++_s.a(new_op.o)
                              /Users/aw/Documents/DRACE/ARM/gcc-arm-none-eabi-4.8.3-2014q1/bin/../lib/gcc/arm-none-eabi/4.8.3/../../../../arm-none-eabi/lib/armv6-m/libstdc++_s.a(new_opv.o) (operator new(unsigned int))
/Users/aw/Documents/DRACE/ARM/gcc-arm-none-eabi-4.8.3-2014q1/bin/../lib/gcc/arm-none-eabi/4.8.3/../../../../arm-none-eabi/lib/armv6-m/libstdc++_s.a(eh_term_handler.o)
                              /Users/aw/Documents/DRACE/ARM/gcc-arm-none-eabi-4.8.3-2014q1/bin/../lib/gcc/arm-none-eabi/4.8.3/../../../../arm-none-eabi/lib/armv6-m/libstdc++_s.a(eh_terminate.o) (__cxxabiv1::__terminate_handler)
/Users/aw/Documents/DRACE/ARM/gcc-arm-none-eabi-4.8.3-2014q1/bin/../lib/gcc/arm-none-eabi/4.8.3/../../../../arm-none-eabi/lib/armv6-m/libstdc++_s.a(new_handler.o)
                              /Users/aw/Documents/DRACE/ARM/gcc-arm-none-eabi-4.8.3-2014q1/bin/../lib/gcc/arm-none-eabi/4.8.3/../../../../arm-none-eabi/lib/armv6-m/libstdc++_s.a(new_op.o) (__new_handler)
[...]
Memory Configuration

Name             Origin             Length             Attributes
FLASH            0x0000000000004000 0x000000000003c000 xr
RAM              0x0000000020000000 0x0000000000008000 xrw
*default*        0x0000000000000000 0xffffffffffffffff

Linker script and memory map

LOAD /Users/aw/Documents/DRACE/ARM/gcc-arm-none-eabi-4.8.3-2014q1/bin/../lib/gcc/arm-none-eabi/4.8.3/armv6-m/crti.o
LOAD /Users/aw/Documents/DRACE/ARM/gcc-arm-none-eabi-4.8.3-2014q1/bin/../lib/gcc/arm-none-eabi/4.8.3/armv6-m/crtbegin.o
LOAD /Users/aw/Documents/DRACE/ARM/gcc-arm-none-eabi-4.8.3-2014q1/bin/../lib/gcc/arm-none-eabi/4.8.3/../../../../arm-none-eabi/lib/armv6-m/crt0.o
START GROUP
LOAD /Users/aw/Documents/DRACE/ARM/gcc-arm-none-eabi-4.8.3-2014q1/bin/../lib/gcc/arm-none-eabi/4.8.3/armv6-m/libgcc.a
END GROUP
START GROUP
LOAD build/core/syscalls.c.o
LOAD build/program.a
LOAD build/variant.cpp.o
LOAD build/core.a
END GROUP
Address of section .text set to 0x4000
LOAD /Users/aw/Documents/DRACE/ARM/gcc-arm-none-eabi-4.8.3-2014q1/bin/../lib/gcc/arm-none-eabi/4.8.3/../../../../arm-none-eabi/lib/armv6-m/libstdc++_s.a
LOAD /Users/aw/Documents/DRACE/ARM/gcc-arm-none-eabi-4.8.3-2014q1/bin/../lib/gcc/arm-none-eabi/4.8.3/../../../../arm-none-eabi/lib/armv6-m/libm.a
START GROUP
LOAD /Users/aw/Documents/DRACE/ARM/gcc-arm-none-eabi-4.8.3-2014q1/bin/../lib/gcc/arm-none-eabi/4.8.3/armv6-m/libgcc.a
LOAD /Users/aw/Documents/DRACE/ARM/gcc-arm-none-eabi-4.8.3-2014q1/bin/../lib/gcc/arm-none-eabi/4.8.3/../../../../arm-none-eabi/lib/armv6-m/libc_s.a
END GROUP
START GROUP
LOAD /Users/aw/Documents/DRACE/ARM/gcc-arm-none-eabi-4.8.3-2014q1/bin/../lib/gcc/arm-none-eabi/4.8.3/armv6-m/libgcc.a
LOAD /Users/aw/Documents/DRACE/ARM/gcc-arm-none-eabi-4.8.3-2014q1/bin/../lib/gcc/arm-none-eabi/4.8.3/../../../../arm-none-eabi/lib/armv6-m/libc_s.a
END GROUP
LOAD /Users/aw/Documents/DRACE/ARM/gcc-arm-none-eabi-4.8.3-2014q1/bin/../lib/gcc/arm-none-eabi/4.8.3/armv6-m/crtend.o
LOAD /Users/aw/Documents/DRACE/ARM/gcc-arm-none-eabi-4.8.3-2014q1/bin/../lib/gcc/arm-none-eabi/4.8.3/armv6-m/crtn.o

.text           0x0000000000004000     0xcdb8
 *(.isr_vector)
 .isr_vector    0x0000000000004000       0xb0 build/core.a(startup.c.o)
                0x0000000000004000                exception_table
 *(.text*)
 .text          0x00000000000040b0       0x60 /Users/aw/Documents/DRACE/ARM/gcc-arm-none-eabi-4.8.3-2014q1/bin/../lib/gcc/arm-none-eabi/4.8.3/armv6-m/crtbegin.o
 .text._sbrk    0x0000000000004110       0x30 build/core/syscalls.c.o
                0x0000000000004110                _sbrk
 .text._close   0x0000000000004140        0x6 build/core/syscalls.c.o
                0x0000000000004140                _close
 .text._fstat   0x0000000000004146        0xa build/core/syscalls.c.o
                0x0000000000004146                _fstat
 .text._isatty  0x0000000000004150        0x4 build/core/syscalls.c.o
                0x0000000000004150                _isatty
 .text._lseek   0x0000000000004154        0x4 build/core/syscalls.c.o
                0x0000000000004154                _lseek
 .text._read    0x0000000000004158        0x4 build/core/syscalls.c.o
                0x0000000000004158                _read
 .text._write   0x000000000000415c       0x20 build/core/syscalls.c.o
                0x000000000000415c                _write
 .text._exit    0x000000000000417c       0x10 build/core/syscalls.c.o
                0x000000000000417c                _exit
 .text._kill    0x000000000000418c        0x2 build/core/syscalls.c.o
                0x000000000000418c                _kill
 .text._getpid  0x000000000000418e        0x6 build/core/syscalls.c.o
                0x000000000000418e                _getpid
 .text._Z8init_TC3v
                0x0000000000004194       0x60 build/program.a(main.cpp.o)
                0x0000000000004194                init_TC3()
 .text.TC3_Handler
                0x00000000000041f4       0x24 build/program.a(main.cpp.o)
                0x00000000000041f4                TC3_Handler
 .text.startup.main
                0x0000000000004218       0x40 build/program.a(main.cpp.o)
                0x0000000000004218                main
 .text._ZN3GPSC2Ev
                0x0000000000004258       0x16 build/program.a(GPS.cpp.o)
                0x0000000000004258                GPS::GPS()
                0x0000000000004258                GPS::GPS()
 *fill*         0x000000000000426e        0x2 
 .text.startup._GLOBAL__sub_I_gps
                0x0000000000004270       0x10 build/program.a(GPS.cpp.o)
 .text._ZN3GPS6UpdateEv
                0x0000000000004280       0xdc build/program.a(GPS.cpp.o)
                0x0000000000004280                GPS::Update()
 .text._ZN3GPS5writeEhhPKhh
                0x000000000000435c       0xdc build/program.a(GPS.cpp.o)
                0x000000000000435c                GPS::write(unsigned char, unsigned char, unsigned char const*, unsigned char)
 .text._ZN3GPS4InitEv
                0x0000000000004438      0x144 build/program.a(GPS.cpp.o)
                0x0000000000004438                GPS::Init()
 .text._ZN6Button5setupEh
                0x000000000000457c       0x16 build/program.a(UI.cpp.o)
                0x000000000000457c                Button::setup(unsigned char)
 .text._ZN6Button5allowEv
                0x0000000000004592       0x68 build/program.a(UI.cpp.o)
                0x0000000000004592                Button::allow()
 .text._ZN2UIC2Ev
                0x00000000000045fa       0x1a build/program.a(UI.cpp.o)
                0x00000000000045fa                UI::UI()
                0x00000000000045fa                UI::UI()
 .text._ZN2UI10PageUnloadEv
                0x0000000000004614       0x1c build/program.a(UI.cpp.o)
                0x0000000000004614                UI::PageUnload()
 .text._ZN2UI11Splash_loadEv
                0x0000000000004630       0x2c build/program.a(UI.cpp.o)
                0x0000000000004630                UI::Splash_load()
 .text._ZN2UI11Menu_updateEv
                0x000000000000465c       0x9c build/program.a(UI.cpp.o)
                0x000000000000465c                UI::Menu_update()
 .text._ZN2UI9Menu_loadEv
                0x00000000000046f8       0x38 build/program.a(UI.cpp.o)
                0x00000000000046f8                UI::Menu_load()
 .text._ZN2UI9Menu_nextEv
                0x0000000000004730       0x20 build/program.a(UI.cpp.o)
                0x0000000000004730                UI::Menu_next()
 .text._ZN2UI9Menu_prevEv
                0x0000000000004750       0x20 build/program.a(UI.cpp.o)
                0x0000000000004750                UI::Menu_prev()
 .text._ZN2UI25Accel_update_race_messageEb
                0x0000000000004770       0x94 build/program.a(UI.cpp.o)
                0x0000000000004770                UI::Accel_update_race_message(bool)
 .text._ZN2UI26Accel_update_results_tableEb
                0x0000000000004804      0x118 build/program.a(UI.cpp.o)
                0x0000000000004804                UI::Accel_update_results_table(bool)
 .text._ZN2UI10Accel_loadEv
                0x000000000000491c      0x114 build/program.a(UI.cpp.o)
                0x000000000000491c                UI::Accel_load()
 .text._ZN2UI26Accel_results_table_switchEb
                0x0000000000004a30       0x34 build/program.a(UI.cpp.o)
                0x0000000000004a30                UI::Accel_results_table_switch(bool)
 .text._ZN2UI11Accel_resetEv
                0x0000000000004a64       0x18 build/program.a(UI.cpp.o)
                0x0000000000004a64                UI::Accel_reset()
 .text._ZN2UI10Debug_loadEv
                0x0000000000004a7c       0x3c build/program.a(UI.cpp.o)
                0x0000000000004a7c                UI::Debug_load()
 .text._ZN2UI8PageLoadEh
                0x0000000000004ab8       0x48 build/program.a(UI.cpp.o)
                0x0000000000004ab8                UI::PageLoad(unsigned char)
 .text._ZN2UI4InitEv
                0x0000000000004b00       0x70 build/program.a(UI.cpp.o)
                0x0000000000004b00                UI::Init()
 .text._ZN2UI11Menu_selectEv
                0x0000000000004b70       0x20 build/program.a(UI.cpp.o)
                0x0000000000004b70                UI::Menu_select()
 .text._ZN2UI14buttonsHandlerEv
                0x0000000000004b90       0xc8 build/program.a(UI.cpp.o)
                0x0000000000004b90                UI::buttonsHandler()
 .text._ZN2UI6UpdateEv
                0x0000000000004c58       0x40 build/program.a(UI.cpp.o)
                0x0000000000004c58                UI::Update()
 .text.startup._GLOBAL__sub_I__ZN6Button5allowEv
                0x0000000000004c98       0x10 build/program.a(UI.cpp.o)
 .text._ZN12Adafruit_GFX8drawLineEsssst
                0x0000000000004ca8       0xd4 build/program.a(Adafruit_GFX.cpp.o)
                0x0000000000004ca8                Adafruit_GFX::drawLine(short, short, short, short, unsigned short)
 .text._ZN12Adafruit_GFX8drawRectEsssst
                0x0000000000004d7c       0x74 build/program.a(Adafruit_GFX.cpp.o)
                0x0000000000004d7c                Adafruit_GFX::drawRect(short, short, short, short, unsigned short)
 .text._ZN12Adafruit_GFX13drawFastVLineEssst
                0x0000000000004df0       0x1e build/program.a(Adafruit_GFX.cpp.o)
                0x0000000000004df0                Adafruit_GFX::drawFastVLine(short, short, short, unsigned short)
 .text._ZN12Adafruit_GFX13drawFastHLineEssst
                0x0000000000004e0e       0x18 build/program.a(Adafruit_GFX.cpp.o)
                0x0000000000004e0e                Adafruit_GFX::drawFastHLine(short, short, short, unsigned short)
 .text._ZN12Adafruit_GFX8fillRectEsssst
                0x0000000000004e26       0x42 build/program.a(Adafruit_GFX.cpp.o)
                0x0000000000004e26                Adafruit_GFX::fillRect(short, short, short, short, unsigned short)
 .text._ZN12Adafruit_GFX10fillScreenEt
                0x0000000000004e68       0x1a build/program.a(Adafruit_GFX.cpp.o)
                0x0000000000004e68                Adafruit_GFX::fillScreen(unsigned short)
 .text._ZN12Adafruit_GFX13invertDisplayEh
                0x0000000000004e82        0x2 build/program.a(Adafruit_GFX.cpp.o)
                0x0000000000004e82                Adafruit_GFX::invertDisplay(unsigned char)
 .text._ZN12Adafruit_GFXC2Ess
                0x0000000000004e84       0x30 build/program.a(Adafruit_GFX.cpp.o)
                0x0000000000004e84                Adafruit_GFX::Adafruit_GFX(short, short)
                0x0000000000004e84                Adafruit_GFX::Adafruit_GFX(short, short)
 .text._ZN12Adafruit_GFX11drawXBitmapEssPKhsst
                0x0000000000004eb4       0x8e build/program.a(Adafruit_GFX.cpp.o)
                0x0000000000004eb4                Adafruit_GFX::drawXBitmap(short, short, unsigned char const*, short, short, unsigned short)
 *fill*         0x0000000000004f42        0x2 
 .text._ZN12Adafruit_GFX8drawCharEsshtth
                0x0000000000004f44      0x248 build/program.a(Adafruit_GFX.cpp.o)
                0x0000000000004f44                Adafruit_GFX::drawChar(short, short, unsigned char, unsigned short, unsigned short, unsigned char)
 .text._ZN12Adafruit_GFX5writeEh
                0x000000000000518c       0xfe build/program.a(Adafruit_GFX.cpp.o)
                0x000000000000518c                Adafruit_GFX::write(unsigned char)
 .text._ZN12Adafruit_GFX9setCursorEss
                0x000000000000528a        0x6 build/program.a(Adafruit_GFX.cpp.o)
                0x000000000000528a                Adafruit_GFX::setCursor(short, short)
 .text._ZN12Adafruit_GFX12setTextColorEt
                0x0000000000005290        0x6 build/program.a(Adafruit_GFX.cpp.o)
                0x0000000000005290                Adafruit_GFX::setTextColor(unsigned short)
 .text._ZNK12Adafruit_GFX11getRotationEv
                0x0000000000005296        0x4 build/program.a(Adafruit_GFX.cpp.o)
                0x0000000000005296                Adafruit_GFX::getRotation() const
 .text._ZN12Adafruit_GFX7setFontEPK7GFXfont
                0x000000000000529a       0x1e build/program.a(Adafruit_GFX.cpp.o)
                0x000000000000529a                Adafruit_GFX::setFont(GFXfont const*)
 .text._ZNK12Adafruit_GFX5widthEv
                0x00000000000052b8        0x6 build/program.a(Adafruit_GFX.cpp.o)
                0x00000000000052b8                Adafruit_GFX::width() const
 .text._ZNK12Adafruit_GFX6heightEv
                0x00000000000052be        0x6 build/program.a(Adafruit_GFX.cpp.o)
                0x00000000000052be                Adafruit_GFX::height() const
 .text._ZN6ST75659drawPixelEsst
                0x00000000000052c4      0x11c build/program.a(ST7565.cpp.o)
                0x00000000000052c4                ST7565::drawPixel(short, short, unsigned short)
 .text._ZN6ST7565C2Eaaaaa
                0x00000000000053e0       0x5c build/program.a(ST7565.cpp.o)
                0x00000000000053e0                ST7565::ST7565(signed char, signed char, signed char, signed char, signed char)
                0x00000000000053e0                ST7565::ST7565(signed char, signed char, signed char, signed char, signed char)
 .text._ZN6ST75658setpixelEhhh
                0x000000000000543c       0x40 build/program.a(ST7565.cpp.o)
                0x000000000000543c                ST7565::setpixel(unsigned char, unsigned char, unsigned char)
 .text._ZN6ST75655clearEv
                0x000000000000547c       0x10 build/program.a(ST7565.cpp.o)
                0x000000000000547c                ST7565::clear()
 .text._ZN6ST75659fast_lineEhhhhh
                0x000000000000548c       0xb6 build/program.a(ST7565.cpp.o)
                0x000000000000548c                ST7565::fast_line(unsigned char, unsigned char, unsigned char, unsigned char, unsigned char)
 .text._ZN6ST75659fast_rectEhhhhh
                0x0000000000005542       0x78 build/program.a(ST7565.cpp.o)
                0x0000000000005542                ST7565::fast_rect(unsigned char, unsigned char, unsigned char, unsigned char, unsigned char)
 .text._ZN6ST756516fast_rect_filledEhhhhh
                0x00000000000055ba       0x48 build/program.a(ST7565.cpp.o)
                0x00000000000055ba                ST7565::fast_rect_filled(unsigned char, unsigned char, unsigned char, unsigned char, unsigned char)
 *fill*         0x0000000000005602        0x2 
 .text._ZN6ST75658spiwriteEh
                0x0000000000005604       0x3c build/program.a(ST7565.cpp.o)
                0x0000000000005604                ST7565::spiwrite(unsigned char)
 .text._ZN6ST756514st7565_commandEh
                0x0000000000005640       0x20 build/program.a(ST7565.cpp.o)
                0x0000000000005640                ST7565::st7565_command(unsigned char)
 .text._ZN6ST756511st7565_initEv
                0x0000000000005660       0xe4 build/program.a(ST7565.cpp.o)
                0x0000000000005660                ST7565::st7565_init()
 .text._ZN6ST756511st7565_dataEh
                0x0000000000005744       0x20 build/program.a(ST7565.cpp.o)
                0x0000000000005744                ST7565::st7565_data(unsigned char)
 .text._ZN6ST75656updateEv
                0x0000000000005764       0x50 build/program.a(ST7565.cpp.o)
                0x0000000000005764                ST7565::update()
 .text._ZN5Accel9GetResultEi
                0x00000000000057b4        0xa build/program.a(Accel.cpp.o)
                0x00000000000057b4                Accel::GetResult(int)
 *fill*         0x00000000000057be        0x2 
 .text._ZN5Accel5ResetEv
                0x00000000000057c0       0x48 build/program.a(Accel.cpp.o)
                0x00000000000057c0                Accel::Reset()
 .text._ZN5AccelC2Ev
                0x0000000000005808       0x1c build/program.a(Accel.cpp.o)
                0x0000000000005808                Accel::Accel()
                0x0000000000005808                Accel::Accel()
 .text.startup._GLOBAL__sub_I_accel
                0x0000000000005824       0x10 build/program.a(Accel.cpp.o)
 .text.startup._GLOBAL__sub_I_g_APinDescription
                0x0000000000005834       0x88 build/variant.cpp.o
 .text.millis   0x00000000000058bc        0xc build/core.a(delay.c.o)
                0x00000000000058bc                millis
 .text.delay    0x00000000000058c8       0x20 build/core.a(delay.c.o)
                0x00000000000058c8                delay
 .text.SysTick_Handler
                0x00000000000058e8       0x10 build/core.a(delay.c.o)
                0x00000000000058e8                SysTick_Handler
 .text.__empty  0x00000000000058f8        0x2 build/core.a(hooks.c.o)
                0x00000000000058f8                yield
 .text.Dummy_Handler
                0x00000000000058fa        0x2 build/core.a(startup.c.o)
                0x00000000000058fa                SYSCTRL_Handler
                0x00000000000058fa                HardFault_Handler
                0x00000000000058fa                AC_Handler
                0x00000000000058fa                PendSV_Handler
                0x00000000000058fa                NMI_Handler
                0x00000000000058fa                TC7_Handler
                0x00000000000058fa                SERCOM1_Handler
                0x00000000000058fa                ADC_Handler
                0x00000000000058fa                TCC1_Handler
                0x00000000000058fa                SERCOM2_Handler
                0x00000000000058fa                TCC0_Handler
                0x00000000000058fa                RTC_Handler
                0x00000000000058fa                EIC_Handler
                0x00000000000058fa                TC6_Handler
                0x00000000000058fa                WDT_Handler
                0x00000000000058fa                TC4_Handler
                0x00000000000058fa                Dummy_Handler
                0x00000000000058fa                PM_Handler
                0x00000000000058fa                SVC_Handler
                0x00000000000058fa                TCC2_Handler
                0x00000000000058fa                EVSYS_Handler
                0x00000000000058fa                SERCOM3_Handler
                0x00000000000058fa                SERCOM4_Handler
                0x00000000000058fa                I2S_Handler
                0x00000000000058fa                NVMCTRL_Handler
                0x00000000000058fa                DAC_Handler
                0x00000000000058fa                PTC_Handler
                0x00000000000058fa                TC5_Handler
                0x00000000000058fa                DMAC_Handler
 .text.USB_Handler
                0x00000000000058fc       0x14 build/core.a(startup.c.o)
                0x00000000000058fc                USB_Handler
 .text.SystemInit
                0x0000000000005910      0x154 build/core.a(startup.c.o)
                0x0000000000005910                SystemInit
 .text.Reset_Handler
                0x0000000000005a64       0x58 build/core.a(startup.c.o)
                0x0000000000005a64                Reset_Handler
 .text.USB_SetHandler
                0x0000000000005abc        0xc build/core.a(startup.c.o)
                0x0000000000005abc                USB_SetHandler
 .text.init     0x0000000000005ac8       0xd0 build/core.a(wiring.c.o)
                0x0000000000005ac8                init
 .text.analogWrite
                0x0000000000005b98      0x1b0 build/core.a(wiring_analog.c.o)
                0x0000000000005b98                analogWrite
 .text.pinMode  0x0000000000005d48       0x78 build/core.a(wiring_digital.c.o)
                0x0000000000005d48                pinMode
 .text.pinPeripheral
                0x0000000000005dc0       0xc4 build/core.a(wiring_digital.c.o)
                0x0000000000005dc0                pinPeripheral
 .text.digitalWrite
                0x0000000000005e84       0x50 build/core.a(wiring_digital.c.o)
                0x0000000000005e84                digitalWrite
 .text.digitalRead
                0x0000000000005ed4       0x30 build/core.a(wiring_digital.c.o)
                0x0000000000005ed4                digitalRead
 .text._ZN5Print5writeEPKhj
                0x0000000000005f04       0x22 build/core.a(Print.cpp.o)
                0x0000000000005f04                Print::write(unsigned char const*, unsigned int)
 .text._ZN5Print5writeEPKc
                0x0000000000005f26       0x1c build/core.a(Print.cpp.o)
                0x0000000000005f26                Print::write(char const*)
 .text._ZN5Print5printEPKc
                0x0000000000005f42        0x8 build/core.a(Print.cpp.o)
                0x0000000000005f42                Print::print(char const*)
 .text._ZN5Print5printEc
                0x0000000000005f4a        0xa build/core.a(Print.cpp.o)
                0x0000000000005f4a                Print::print(char)
 .text._ZN5Print7printlnEv
                0x0000000000005f54       0x10 build/core.a(Print.cpp.o)
                0x0000000000005f54                Print::println()
 .text._ZN5Print7printlnEPKc
                0x0000000000005f64       0x14 build/core.a(Print.cpp.o)
                0x0000000000005f64                Print::println(char const*)
 .text._ZN5Print11printNumberEmh
                0x0000000000005f78       0x4e build/core.a(Print.cpp.o)
                0x0000000000005f78                Print::printNumber(unsigned long, unsigned char)
 .text._ZN5Print5printEli
                0x0000000000005fc6       0x3c build/core.a(Print.cpp.o)
                0x0000000000005fc6                Print::print(long, int)
 .text._ZN5Print5printEii
                0x0000000000006002        0x8 build/core.a(Print.cpp.o)
                0x0000000000006002                Print::print(int, int)
 .text._ZN5Print5printEmi
                0x000000000000600a       0x18 build/core.a(Print.cpp.o)
                0x000000000000600a                Print::print(unsigned long, int)
 .text._ZN5Print5printEhi
                0x0000000000006022        0x8 build/core.a(Print.cpp.o)
                0x0000000000006022                Print::print(unsigned char, int)
 .text._ZN6SERCOMC2EP6Sercom
                0x000000000000602a        0x4 build/core.a(SERCOM.cpp.o)
                0x000000000000602a                SERCOM::SERCOM(Sercom*)
                0x000000000000602a                SERCOM::SERCOM(Sercom*)
 .text._ZN6SERCOM9initFrameE18SercomUartCharSize15SercomDataOrder16SercomParityMode19SercomNumberStopBit
                0x000000000000602e       0x38 build/core.a(SERCOM.cpp.o)
                0x000000000000602e                SERCOM::initFrame(SercomUartCharSize, SercomDataOrder, SercomParityMode, SercomNumberStopBit)
 .text._ZN6SERCOM8initPadsE15SercomUartTXPad11SercomRXPad
                0x0000000000006066       0x26 build/core.a(SERCOM.cpp.o)
                0x0000000000006066                SERCOM::initPads(SercomUartTXPad, SercomRXPad)
 .text._ZN6SERCOM9resetUARTEv
                0x000000000000608c       0x1c build/core.a(SERCOM.cpp.o)
                0x000000000000608c                SERCOM::resetUART()
 .text._ZN6SERCOM10enableUARTEv
                0x00000000000060a8       0x14 build/core.a(SERCOM.cpp.o)
                0x00000000000060a8                SERCOM::enableUART()
 .text._ZN6SERCOM9flushUARTEv
                0x00000000000060bc        0xa build/core.a(SERCOM.cpp.o)
                0x00000000000060bc                SERCOM::flushUART()
 .text._ZN6SERCOM15clearStatusUARTEv
                0x00000000000060c6        0x8 build/core.a(SERCOM.cpp.o)
                0x00000000000060c6                SERCOM::clearStatusUART()
 .text._ZN6SERCOM17availableDataUARTEv
                0x00000000000060ce        0xa build/core.a(SERCOM.cpp.o)
                0x00000000000060ce                SERCOM::availableDataUART()
 .text._ZN6SERCOM25isBufferOverflowErrorUARTEv
                0x00000000000060d8        0xa build/core.a(SERCOM.cpp.o)
                0x00000000000060d8                SERCOM::isBufferOverflowErrorUART()
 .text._ZN6SERCOM16isFrameErrorUARTEv
                0x00000000000060e2        0xa build/core.a(SERCOM.cpp.o)
                0x00000000000060e2                SERCOM::isFrameErrorUART()
 .text._ZN6SERCOM17isParityErrorUARTEv
                0x00000000000060ec        0xa build/core.a(SERCOM.cpp.o)
                0x00000000000060ec                SERCOM::isParityErrorUART()
 .text._ZN6SERCOM12readDataUARTEv
                0x00000000000060f6        0x8 build/core.a(SERCOM.cpp.o)
                0x00000000000060f6                SERCOM::readDataUART()
 .text._ZN6SERCOM13writeDataUARTEh
                0x00000000000060fe        0xe build/core.a(SERCOM.cpp.o)
                0x00000000000060fe                SERCOM::writeDataUART(unsigned char)
 .text._ZN6SERCOM13initClockNVICEv
                0x000000000000610c       0xac build/core.a(SERCOM.cpp.o)
                0x000000000000610c                SERCOM::initClockNVIC()
 .text._ZN6SERCOM8initUARTE14SercomUartMode20SercomUartSampleRatem
                0x00000000000061b8       0x6c build/core.a(SERCOM.cpp.o)
                0x00000000000061b8                SERCOM::initUART(SercomUartMode, SercomUartSampleRate, unsigned long)
 .text._ZN4UartcvbEv
                0x0000000000006224        0x4 build/core.a(Uart.cpp.o)
                0x0000000000006224                Uart::operator bool()
 .text._ZN4Uart3endEv
                0x0000000000006228       0x14 build/core.a(Uart.cpp.o)
                0x0000000000006228                Uart::end()
 .text._ZN4Uart5flushEv
                0x000000000000623c        0xa build/core.a(Uart.cpp.o)
                0x000000000000623c                Uart::flush()
 .text._ZN4Uart9availableEv
                0x0000000000006246        0xa build/core.a(Uart.cpp.o)
                0x0000000000006246                Uart::available()
 .text._ZN4Uart4peekEv
                0x0000000000006250        0xa build/core.a(Uart.cpp.o)
                0x0000000000006250                Uart::peek()
 .text._ZN4Uart4readEv
                0x000000000000625a        0xa build/core.a(Uart.cpp.o)
                0x000000000000625a                Uart::read()
 .text._ZN4Uart5writeEh
                0x0000000000006264        0xc build/core.a(Uart.cpp.o)
                0x0000000000006264                Uart::write(unsigned char)
 .text._ZN4UartC2EP6SERCOMhh
                0x0000000000006270       0x34 build/core.a(Uart.cpp.o)
                0x0000000000006270                Uart::Uart(SERCOM*, unsigned char, unsigned char)
                0x0000000000006270                Uart::Uart(SERCOM*, unsigned char, unsigned char)
 .text._ZN4Uart10IrqHandlerEv
                0x00000000000062a4       0x44 build/core.a(Uart.cpp.o)
                0x00000000000062a4                Uart::IrqHandler()
 .text._ZN4Uart16extractNbStopBitEh
                0x00000000000062e8        0xe build/core.a(Uart.cpp.o)
                0x00000000000062e8                Uart::extractNbStopBit(unsigned char)
 .text._ZN4Uart15extractCharSizeEh
                0x00000000000062f6        0x4 build/core.a(Uart.cpp.o)
                0x00000000000062f6                Uart::extractCharSize(unsigned char)
 .text._ZN4Uart13extractParityEh
                0x00000000000062fa       0x18 build/core.a(Uart.cpp.o)
                0x00000000000062fa                Uart::extractParity(unsigned char)
 *fill*         0x0000000000006312        0x2 
 .text._ZN4Uart5beginEmh
                0x0000000000006314       0x80 build/core.a(Uart.cpp.o)
                0x0000000000006314                Uart::begin(unsigned long, unsigned char)
 .text._ZN4Uart5beginEm
                0x0000000000006394        0xa build/core.a(Uart.cpp.o)
                0x0000000000006394                Uart::begin(unsigned long)
 *fill*         0x000000000000639e        0x2 
 .text.SERCOM0_Handler
                0x00000000000063a0       0x10 build/core.a(Uart.cpp.o)
                0x00000000000063a0                SERCOM0_Handler
 .text.SERCOM5_Handler
                0x00000000000063b0       0x10 build/core.a(Uart.cpp.o)
                0x00000000000063b0                SERCOM5_Handler
 .text._ZN7Serial_4peekEv
                0x00000000000063c0       0x2c build/core.a(CDC.cpp.o)
                0x00000000000063c0                Serial_::peek()
 .text._ZN7Serial_5writeEh
                0x00000000000063ec       0x14 build/core.a(CDC.cpp.o)
                0x00000000000063ec                Serial_::write(unsigned char)
 .text._ZN7Serial_6acceptEv
                0x0000000000006400       0x64 build/core.a(CDC.cpp.o)
                0x0000000000006400                Serial_::accept()
 .text._ZN7Serial_4readEv
                0x0000000000006464       0x68 build/core.a(CDC.cpp.o)
                0x0000000000006464                Serial_::read()
 .text._ZN7Serial_5flushEv
                0x00000000000064cc        0xa build/core.a(CDC.cpp.o)
                0x00000000000064cc                Serial_::flush()
 *fill*         0x00000000000064d6        0x2 
 .text._ZN7Serial_9availableEv
                0x00000000000064d8       0x3c build/core.a(CDC.cpp.o)
                0x00000000000064d8                Serial_::available()
 .text._ZN7Serial_5writeEPKhj
                0x0000000000006514       0x24 build/core.a(CDC.cpp.o)
                0x0000000000006514                Serial_::write(unsigned char const*, unsigned int)
 .text._Z16CDC_GetInterfacePh
                0x0000000000006538       0x18 build/core.a(CDC.cpp.o)
                0x0000000000006538                CDC_GetInterface(unsigned char*)
 .text._Z9CDC_SetupR5Setup
                0x0000000000006550       0x78 build/core.a(CDC.cpp.o)
                0x0000000000006550                CDC_Setup(Setup&)
 .text.startup._GLOBAL__sub_I_cdc_rx_buffer
                0x00000000000065c8       0x24 build/core.a(CDC.cpp.o)
 .text._Z6initEPmm.part.3
                0x00000000000065ec       0x80 build/core.a(USBCore.cpp.o)
 .text._ZN20USBDevice_SAMD21G18x5resetEv
                0x000000000000666c       0x28 build/core.a(USBCore.cpp.o)
                0x000000000000666c                USBDevice_SAMD21G18x::reset()
 .text._ZN20USBDevice_SAMD21G18x9calibrateEv
                0x0000000000006694       0x5c build/core.a(USBCore.cpp.o)
                0x0000000000006694                USBDevice_SAMD21G18x::calibrate()
 .text._Z9USBD_SendmPKvm
                0x00000000000066f0       0xac build/core.a(USBCore.cpp.o)
                0x00000000000066f0                USBD_Send(unsigned long, void const*, unsigned long)
 .text._Z12USBD_armSendmPKvm
                0x000000000000679c       0x44 build/core.a(USBCore.cpp.o)
                0x000000000000679c                USBD_armSend(unsigned long, void const*, unsigned long)
 .text._Z16USBD_SendControlPKvm
                0x00000000000067e0       0x58 build/core.a(USBCore.cpp.o)
                0x00000000000067e0                USBD_SendControl(void const*, unsigned long)
 .text._Z12packMessagesb.part.2
                0x0000000000006838       0x20 build/core.a(USBCore.cpp.o)
 .text._Z25USBD_SendStringDescriptorPKhh
                0x0000000000006858       0x52 build/core.a(USBCore.cpp.o)
                0x0000000000006858                USBD_SendStringDescriptor(unsigned char const*, unsigned char)
 .text._Z19USBD_SendInterfacesPm
                0x00000000000068aa       0x1c build/core.a(USBCore.cpp.o)
                0x00000000000068aa                USBD_SendInterfaces(unsigned long*)
 *fill*         0x00000000000068c6        0x2 
 .text._Z22USBD_SendConfigurationm
                0x00000000000068c8       0x84 build/core.a(USBCore.cpp.o)
                0x00000000000068c8                USBD_SendConfiguration(unsigned long)
 .text._Z19USBD_SendDescriptorR5Setup
                0x000000000000694c       0x78 build/core.a(USBCore.cpp.o)
                0x000000000000694c                USBD_SendDescriptor(Setup&)
 .text._Z6initEPmm
                0x00000000000069c4       0xe0 build/core.a(USBCore.cpp.o)
                0x00000000000069c4                initEP(unsigned long, unsigned long)
 .text._Z10setAddressm
                0x0000000000006aa4       0x48 build/core.a(USBCore.cpp.o)
                0x0000000000006aa4                setAddress(unsigned long)
 .text._Z13initEndpointsv
                0x0000000000006aec       0x20 build/core.a(USBCore.cpp.o)
                0x0000000000006aec                initEndpoints()
 .text._Z19handleStandardSetupR5Setup
                0x0000000000006b0c      0x108 build/core.a(USBCore.cpp.o)
                0x0000000000006b0c                handleStandardSetup(Setup&)
 .text._Z25handleClassInterfaceSetupR5Setup
                0x0000000000006c14       0x28 build/core.a(USBCore.cpp.o)
                0x0000000000006c14                handleClassInterfaceSetup(Setup&)
 .text._Z10USBD_Flushm
                0x0000000000006c3c       0x2c build/core.a(USBCore.cpp.o)
                0x0000000000006c3c                USBD_Flush(unsigned long)
 .text._Z14armRecvCtrlOUTm
                0x0000000000006c68       0x60 build/core.a(USBCore.cpp.o)
                0x0000000000006c68                armRecvCtrlOUT(unsigned long)
 .text._Z16USBD_RecvControlPvm
                0x0000000000006cc8       0x3c build/core.a(USBCore.cpp.o)
                0x0000000000006cc8                USBD_RecvControl(void*, unsigned long)
 .text._Z14USBD_Availablem
                0x0000000000006d04       0x14 build/core.a(USBCore.cpp.o)
                0x0000000000006d04                USBD_Available(unsigned long)
 .text._Z7armRecvm
                0x0000000000006d18       0x3c build/core.a(USBCore.cpp.o)
                0x0000000000006d18                armRecv(unsigned long)
 .text._Z9USBD_RecvmPvm
                0x0000000000006d54       0x98 build/core.a(USBCore.cpp.o)
                0x0000000000006d54                USBD_Recv(unsigned long, void*, unsigned long)
 .text._ZN10USBDevice_4initEv
                0x0000000000006dec       0xc0 build/core.a(USBCore.cpp.o)
                0x0000000000006dec                USBDevice_::init()
 .text._ZN10USBDevice_6attachEv
                0x0000000000006eac       0x34 build/core.a(USBCore.cpp.o)
                0x0000000000006eac                USBDevice_::attach()
 .text.startup._GLOBAL__sub_I__ZN20USBDevice_SAMD21G18x5resetEv
                0x0000000000006ee0       0x10 build/core.a(USBCore.cpp.o)
 .text._Z14handleEndpointh
                0x0000000000006ef0       0x5c build/core.a(USBCore.cpp.o)
                0x0000000000006ef0                handleEndpoint(unsigned char)
 .text._Z10ISRHandlerv
                0x0000000000006f4c      0x104 build/core.a(USBCore.cpp.o)
                0x0000000000006f4c                ISRHandler()
 .text.UDD_Handler
                0x0000000000007050        0x8 build/core.a(USBCore.cpp.o)
                0x0000000000007050                UDD_Handler
 .text.initiateReset
                0x0000000000007058       0x14 build/core.a(Reset.cpp.o)
                0x0000000000007058                initiateReset
 .text.cancelReset
                0x000000000000706c       0x10 build/core.a(Reset.cpp.o)
                0x000000000000706c                cancelReset
 .text._ZN10RingBufferC2Ev
                0x000000000000707c       0x1c build/core.a(RingBuffer.cpp.o)
                0x000000000000707c                RingBuffer::RingBuffer()
                0x000000000000707c                RingBuffer::RingBuffer()
 .text._ZN10RingBuffer10store_charEh
                0x0000000000007098       0x18 build/core.a(RingBuffer.cpp.o)
                0x0000000000007098                RingBuffer::store_char(unsigned char)
 .text._ZN10RingBuffer5clearEv
                0x00000000000070b0        0xa build/core.a(RingBuffer.cpp.o)
                0x00000000000070b0                RingBuffer::clear()
 .text._ZN10RingBuffer9read_charEv
                0x00000000000070ba       0x1c build/core.a(RingBuffer.cpp.o)
                0x00000000000070ba                RingBuffer::read_char()
 .text._ZN10RingBuffer9availableEv
                0x00000000000070d6       0x12 build/core.a(RingBuffer.cpp.o)
                0x00000000000070d6                RingBuffer::available()
 .text._ZN10RingBuffer4peekEv
                0x00000000000070e8       0x16 build/core.a(RingBuffer.cpp.o)
                0x00000000000070e8                RingBuffer::peek()
 .text._ZdaPv   0x00000000000070fe        0x8 /Users/aw/Documents/DRACE/ARM/gcc-arm-none-eabi-4.8.3-2014q1/bin/../lib/gcc/arm-none-eabi/4.8.3/../../../../arm-none-eabi/lib/armv6-m/libstdc++_s.a(del_opv.o)
                0x00000000000070fe                operator delete[](void*)
 .text._Znaj    0x0000000000007106        0x8 /Users/aw/Documents/DRACE/ARM/gcc-arm-none-eabi-4.8.3-2014q1/bin/../lib/gcc/arm-none-eabi/4.8.3/../../../../arm-none-eabi/lib/armv6-m/libstdc++_s.a(new_opv.o)
                0x0000000000007106                operator new[](unsigned int)
 *fill*         0x000000000000710e        0x2 
 .text.__cxa_pure_virtual
                0x0000000000007110       0x14 /Users/aw/Documents/DRACE/ARM/gcc-arm-none-eabi-4.8.3-2014q1/bin/../lib/gcc/arm-none-eabi/4.8.3/../../../../arm-none-eabi/lib/armv6-m/libstdc++_s.a(pure.o)
                0x0000000000007110                __cxa_pure_virtual
 .text._ZdlPv   0x0000000000007124        0xc /Users/aw/Documents/DRACE/ARM/gcc-arm-none-eabi-4.8.3-2014q1/bin/../lib/gcc/arm-none-eabi/4.8.3/../../../../arm-none-eabi/lib/armv6-m/libstdc++_s.a(del_op.o)
                0x0000000000007124                operator delete(void*)
 .text._ZN10__cxxabiv111__terminateEPFvvE
                0x0000000000007130        0x8 /Users/aw/Documents/DRACE/ARM/gcc-arm-none-eabi-4.8.3-2014q1/bin/../lib/gcc/arm-none-eabi/4.8.3/../../../../arm-none-eabi/lib/armv6-m/libstdc++_s.a(eh_terminate.o)
                0x0000000000007130                __cxxabiv1::__terminate(void (*)())
 .text._ZSt9terminatev
                0x0000000000007138       0x10 /Users/aw/Documents/DRACE/ARM/gcc-arm-none-eabi-4.8.3-2014q1/bin/../lib/gcc/arm-none-eabi/4.8.3/../../../../arm-none-eabi/lib/armv6-m/libstdc++_s.a(eh_terminate.o)
                0x0000000000007138                std::terminate()
 .text._Znwj    0x0000000000007148       0x28 /Users/aw/Documents/DRACE/ARM/gcc-arm-none-eabi-4.8.3-2014q1/bin/../lib/gcc/arm-none-eabi/4.8.3/../../../../arm-none-eabi/lib/armv6-m/libstdc++_s.a(new_op.o)
                0x0000000000007148                operator new(unsigned int)
 .text._ZN9__gnu_cxx27__verbose_terminate_handlerEv
                0x0000000000007170       0xa0 /Users/aw/Documents/DRACE/ARM/gcc-arm-none-eabi-4.8.3-2014q1/bin/../lib/gcc/arm-none-eabi/4.8.3/../../../../arm-none-eabi/lib/armv6-m/libstdc++_s.a(vterminate.o)
                0x0000000000007170                __gnu_cxx::__verbose_terminate_handler()
 .text          0x0000000000007210     0x5d44 /Users/aw/Documents/DRACE/ARM/gcc-arm-none-eabi-4.8.3-2014q1/bin/../lib/gcc/arm-none-eabi/4.8.3/../../../../arm-none-eabi/lib/armv6-m/libstdc++_s.a(cp-demangle.o)
                0x000000000000ce6c                __cxa_demangle
                0x000000000000cf30                __gcclibcxx_demangle_callback
 .text.__cxa_current_exception_type
                0x000000000000cf54       0x1e /Users/aw/Documents/DRACE/ARM/gcc-arm-none-eabi-4.8.3-2014q1/bin/../lib/gcc/arm-none-eabi/4.8.3/../../../../arm-none-eabi/lib/armv6-m/libstdc++_s.a(eh_type.o)
                0x000000000000cf54                __cxa_current_exception_type
 *fill*         0x000000000000cf72        0x2 
 .text.__cxa_get_globals
                0x000000000000cf74        0x8 /Users/aw/Documents/DRACE/ARM/gcc-arm-none-eabi-4.8.3-2014q1/bin/../lib/gcc/arm-none-eabi/4.8.3/../../../../arm-none-eabi/lib/armv6-m/libstdc++_s.a(eh_globals.o)
                0x000000000000cf74                __cxa_get_globals
 .text          0x000000000000cf7c       0x14 /Users/aw/Documents/DRACE/ARM/gcc-arm-none-eabi-4.8.3-2014q1/bin/../lib/gcc/arm-none-eabi/4.8.3/armv6-m/libgcc.a(_thumb1_case_uqi.o)
                0x000000000000cf7c                __gnu_thumb1_case_uqi
 .text          0x000000000000cf90       0x9c /Users/aw/Documents/DRACE/ARM/gcc-arm-none-eabi-4.8.3-2014q1/bin/../lib/gcc/arm-none-eabi/4.8.3/armv6-m/libgcc.a(_udivsi3.o)
                0x000000000000cf90                __udivsi3
                0x000000000000cf90                __aeabi_uidiv
                0x000000000000d018                __aeabi_uidivmod
 .text          0x000000000000d02c        0x4 /Users/aw/Documents/DRACE/ARM/gcc-arm-none-eabi-4.8.3-2014q1/bin/../lib/gcc/arm-none-eabi/4.8.3/armv6-m/libgcc.a(_dvmd_tls.o)
                0x000000000000d02c                __aeabi_ldiv0
                0x000000000000d02c                __aeabi_idiv0
 .text.abort    0x000000000000d030        0xe /Users/aw/Documents/DRACE/ARM/gcc-arm-none-eabi-4.8.3-2014q1/bin/../lib/gcc/arm-none-eabi/4.8.3/../../../../arm-none-eabi/lib/armv6-m/libc_s.a(lib_a-abort.o)
                0x000000000000d030                abort
 *fill*         0x000000000000d03e        0x2 
 .text._fputs_r
                0x000000000000d040       0xa8 /Users/aw/Documents/DRACE/ARM/gcc-arm-none-eabi-4.8.3-2014q1/bin/../lib/gcc/arm-none-eabi/4.8.3/../../../../arm-none-eabi/lib/armv6-m/libc_s.a(lib_a-fputs.o)
                0x000000000000d040                _fputs_r
 .text.fputs    0x000000000000d0e8       0x18 /Users/aw/Documents/DRACE/ARM/gcc-arm-none-eabi-4.8.3-2014q1/bin/../lib/gcc/arm-none-eabi/4.8.3/../../../../arm-none-eabi/lib/armv6-m/libc_s.a(lib_a-fputs.o)
                0x000000000000d0e8                fputs
 .text.__libc_init_array
                0x000000000000d100       0x4c /Users/aw/Documents/DRACE/ARM/gcc-arm-none-eabi-4.8.3-2014q1/bin/../lib/gcc/arm-none-eabi/4.8.3/../../../../arm-none-eabi/lib/armv6-m/libc_s.a(lib_a-init.o)
                0x000000000000d100                __libc_init_array
 .text.malloc   0x000000000000d14c       0x14 /Users/aw/Documents/DRACE/ARM/gcc-arm-none-eabi-4.8.3-2014q1/bin/../lib/gcc/arm-none-eabi/4.8.3/../../../../arm-none-eabi/lib/armv6-m/libc_s.a(lib_a-malloc.o)
                0x000000000000d14c                malloc
 .text.free     0x000000000000d160       0x14 /Users/aw/Documents/DRACE/ARM/gcc-arm-none-eabi-4.8.3-2014q1/bin/../lib/gcc/arm-none-eabi/4.8.3/../../../../arm-none-eabi/lib/armv6-m/libc_s.a(lib_a-malloc.o)
                0x000000000000d160                free
 .text.memcmp   0x000000000000d174       0x1e /Users/aw/Documents/DRACE/ARM/gcc-arm-none-eabi-4.8.3-2014q1/bin/../lib/gcc/arm-none-eabi/4.8.3/../../../../arm-none-eabi/lib/armv6-m/libc_s.a(lib_a-memcmp.o)
                0x000000000000d174                memcmp
 .text.memcpy   0x000000000000d192       0x12 /Users/aw/Documents/DRACE/ARM/gcc-arm-none-eabi-4.8.3-2014q1/bin/../lib/gcc/arm-none-eabi/4.8.3/../../../../arm-none-eabi/lib/armv6-m/libc_s.a(lib_a-memcpy-stub.o)
                0x000000000000d192                memcpy
 .text.memset   0x000000000000d1a4       0x10 /Users/aw/Documents/DRACE/ARM/gcc-arm-none-eabi-4.8.3-2014q1/bin/../lib/gcc/arm-none-eabi/4.8.3/../../../../arm-none-eabi/lib/armv6-m/libc_s.a(lib_a-memset.o)
                0x000000000000d1a4                memset
 .text._free_r  0x000000000000d1b4       0x90 /Users/aw/Documents/DRACE/ARM/gcc-arm-none-eabi-4.8.3-2014q1/bin/../lib/gcc/arm-none-eabi/4.8.3/../../../../arm-none-eabi/lib/armv6-m/libc_s.a(lib_a-nano-freer.o)
                0x000000000000d1b4                _free_r
 .text._malloc_r
                0x000000000000d244       0xa8 /Users/aw/Documents/DRACE/ARM/gcc-arm-none-eabi-4.8.3-2014q1/bin/../lib/gcc/arm-none-eabi/4.8.3/../../../../arm-none-eabi/lib/armv6-m/libc_s.a(lib_a-nano-mallocr.o)
                0x000000000000d244                _malloc_r
 .text.printf   0x000000000000d2ec       0x34 /Users/aw/Documents/DRACE/ARM/gcc-arm-none-eabi-4.8.3-2014q1/bin/../lib/gcc/arm-none-eabi/4.8.3/../../../../arm-none-eabi/lib/armv6-m/libc_s.a(lib_a-printf.o)
                0x000000000000d2ec                printf
                0x000000000000d2ec                iprintf
 .text.realloc  0x000000000000d320       0x18 /Users/aw/Documents/DRACE/ARM/gcc-arm-none-eabi-4.8.3-2014q1/bin/../lib/gcc/arm-none-eabi/4.8.3/../../../../arm-none-eabi/lib/armv6-m/libc_s.a(lib_a-realloc.o)
                0x000000000000d320                realloc
 .text._sbrk_r  0x000000000000d338       0x24 /Users/aw/Documents/DRACE/ARM/gcc-arm-none-eabi-4.8.3-2014q1/bin/../lib/gcc/arm-none-eabi/4.8.3/../../../../arm-none-eabi/lib/armv6-m/libc_s.a(lib_a-sbrkr.o)
                0x000000000000d338                _sbrk_r
 .text._raise_r
                0x000000000000d35c       0x56 /Users/aw/Documents/DRACE/ARM/gcc-arm-none-eabi-4.8.3-2014q1/bin/../lib/gcc/arm-none-eabi/4.8.3/../../../../arm-none-eabi/lib/armv6-m/libc_s.a(lib_a-signal.o)
                0x000000000000d35c                _raise_r
 *fill*         0x000000000000d3b2        0x2 
 .text.raise    0x000000000000d3b4       0x14 /Users/aw/Documents/DRACE/ARM/gcc-arm-none-eabi-4.8.3-2014q1/bin/../lib/gcc/arm-none-eabi/4.8.3/../../../../arm-none-eabi/lib/armv6-m/libc_s.a(lib_a-signal.o)
                0x000000000000d3b4                raise
 .text._kill_r  0x000000000000d3c8       0x24 /Users/aw/Documents/DRACE/ARM/gcc-arm-none-eabi-4.8.3-2014q1/bin/../lib/gcc/arm-none-eabi/4.8.3/../../../../arm-none-eabi/lib/armv6-m/libc_s.a(lib_a-signalr.o)
                0x000000000000d3c8                _kill_r
 .text._getpid_r
                0x000000000000d3ec        0x8 /Users/aw/Documents/DRACE/ARM/gcc-arm-none-eabi-4.8.3-2014q1/bin/../lib/gcc/arm-none-eabi/4.8.3/../../../../arm-none-eabi/lib/armv6-m/libc_s.a(lib_a-signalr.o)
                0x000000000000d3ec                _getpid_r
 .text.sprintf  0x000000000000d3f4       0x44 /Users/aw/Documents/DRACE/ARM/gcc-arm-none-eabi-4.8.3-2014q1/bin/../lib/gcc/arm-none-eabi/4.8.3/../../../../arm-none-eabi/lib/armv6-m/libc_s.a(lib_a-sprintf.o)
                0x000000000000d3f4                sprintf
                0x000000000000d3f4                siprintf
 .text          0x000000000000d438       0x14 /Users/aw/Documents/DRACE/ARM/gcc-arm-none-eabi-4.8.3-2014q1/bin/../lib/gcc/arm-none-eabi/4.8.3/../../../../arm-none-eabi/lib/armv6-m/libc_s.a(lib_a-strcmp.o)
                0x000000000000d438                strcmp
 .text.strlen   0x000000000000d44c        0xe /Users/aw/Documents/DRACE/ARM/gcc-arm-none-eabi-4.8.3-2014q1/bin/../lib/gcc/arm-none-eabi/4.8.3/../../../../arm-none-eabi/lib/armv6-m/libc_s.a(lib_a-strlen.o)
                0x000000000000d44c                strlen
 .text.strncmp  0x000000000000d45a       0x2c /Users/aw/Documents/DRACE/ARM/gcc-arm-none-eabi-4.8.3-2014q1/bin/../lib/gcc/arm-none-eabi/4.8.3/../../../../arm-none-eabi/lib/armv6-m/libc_s.a(lib_a-strncmp.o)
                0x000000000000d45a                strncmp
 *fill*         0x000000000000d486        0x2 
 .text.__ssputs_r
                0x000000000000d488       0xc0 /Users/aw/Documents/DRACE/ARM/gcc-arm-none-eabi-4.8.3-2014q1/bin/../lib/gcc/arm-none-eabi/4.8.3/../../../../arm-none-eabi/lib/armv6-m/libc_s.a(lib_a-svfprintf.o)
                0x000000000000d488                __ssputs_r
 .text._svfprintf_r
                0x000000000000d548      0x1e0 /Users/aw/Documents/DRACE/ARM/gcc-arm-none-eabi-4.8.3-2014q1/bin/../lib/gcc/arm-none-eabi/4.8.3/../../../../arm-none-eabi/lib/armv6-m/libc_s.a(lib_a-svfprintf.o)
                0x000000000000d548                _svfprintf_r
                0x000000000000d548                _svfiprintf_r
 .text.write    0x000000000000d728       0x1c /Users/aw/Documents/DRACE/ARM/gcc-arm-none-eabi-4.8.3-2014q1/bin/../lib/gcc/arm-none-eabi/4.8.3/../../../../arm-none-eabi/lib/armv6-m/libc_s.a(lib_a-syswrite.o)
                0x000000000000d728                write
 .text.__sfputc_r
                0x000000000000d744       0x2a /Users/aw/Documents/DRACE/ARM/gcc-arm-none-eabi-4.8.3-2014q1/bin/../lib/gcc/arm-none-eabi/4.8.3/../../../../arm-none-eabi/lib/armv6-m/libc_s.a(lib_a-vfprintf.o)
 .text.__sfputs_r
                0x000000000000d76e       0x24 /Users/aw/Documents/DRACE/ARM/gcc-arm-none-eabi-4.8.3-2014q1/bin/../lib/gcc/arm-none-eabi/4.8.3/../../../../arm-none-eabi/lib/armv6-m/libc_s.a(lib_a-vfprintf.o)
                0x000000000000d76e                __sfputs_r
 *fill*         0x000000000000d792        0x2 
 .text._vfprintf_r
                0x000000000000d794      0x210 /Users/aw/Documents/DRACE/ARM/gcc-arm-none-eabi-4.8.3-2014q1/bin/../lib/gcc/arm-none-eabi/4.8.3/../../../../arm-none-eabi/lib/armv6-m/libc_s.a(lib_a-vfprintf.o)
                0x000000000000d794                _vfiprintf_r
                0x000000000000d794                _vfprintf_r
 .text._printf_common
                0x000000000000d9a4       0xe8 /Users/aw/Documents/DRACE/ARM/gcc-arm-none-eabi-4.8.3-2014q1/bin/../lib/gcc/arm-none-eabi/4.8.3/../../../../arm-none-eabi/lib/armv6-m/libc_s.a(lib_a-vfprintf_i.o)
                0x000000000000d9a4                _printf_common
 .text._printf_i
                0x000000000000da8c      0x22c /Users/aw/Documents/DRACE/ARM/gcc-arm-none-eabi-4.8.3-2014q1/bin/../lib/gcc/arm-none-eabi/4.8.3/../../../../arm-none-eabi/lib/armv6-m/libc_s.a(lib_a-vfprintf_i.o)
                0x000000000000da8c                _printf_i
 .text.__swbuf_r
                0x000000000000dcb8       0xb0 /Users/aw/Documents/DRACE/ARM/gcc-arm-none-eabi-4.8.3-2014q1/bin/../lib/gcc/arm-none-eabi/4.8.3/../../../../arm-none-eabi/lib/armv6-m/libc_s.a(lib_a-wbuf.o)
                0x000000000000dcb8                __swbuf_r
 .text._write_r
                0x000000000000dd68       0x28 /Users/aw/Documents/DRACE/ARM/gcc-arm-none-eabi-4.8.3-2014q1/bin/../lib/gcc/arm-none-eabi/4.8.3/../../../../arm-none-eabi/lib/armv6-m/libc_s.a(lib_a-writer.o)
                0x000000000000dd68                _write_r
 .text.__swsetup_r
                0x000000000000dd90       0xe4 /Users/aw/Documents/DRACE/ARM/gcc-arm-none-eabi-4.8.3-2014q1/bin/../lib/gcc/arm-none-eabi/4.8.3/../../../../arm-none-eabi/lib/armv6-m/libc_s.a(lib_a-wsetup.o)
                0x000000000000dd90                __swsetup_r
 .text.__sflush_r
                0x000000000000de74      0x112 /Users/aw/Documents/DRACE/ARM/gcc-arm-none-eabi-4.8.3-2014q1/bin/../lib/gcc/arm-none-eabi/4.8.3/../../../../arm-none-eabi/lib/armv6-m/libc_s.a(lib_a-fflush.o)
                0x000000000000de74                __sflush_r
 *fill*         0x000000000000df86        0x2 
 .text._fflush_r
                0x000000000000df88       0x58 /Users/aw/Documents/DRACE/ARM/gcc-arm-none-eabi-4.8.3-2014q1/bin/../lib/gcc/arm-none-eabi/4.8.3/../../../../arm-none-eabi/lib/armv6-m/libc_s.a(lib_a-fflush.o)
                0x000000000000df88                _fflush_r
 .text._cleanup_r
                0x000000000000dfe0       0x34 /Users/aw/Documents/DRACE/ARM/gcc-arm-none-eabi-4.8.3-2014q1/bin/../lib/gcc/arm-none-eabi/4.8.3/../../../../arm-none-eabi/lib/armv6-m/libc_s.a(lib_a-findfp.o)
                0x000000000000dfe0                _cleanup_r
 .text.std.isra.0
                0x000000000000e014       0x48 /Users/aw/Documents/DRACE/ARM/gcc-arm-none-eabi-4.8.3-2014q1/bin/../lib/gcc/arm-none-eabi/4.8.3/../../../../arm-none-eabi/lib/armv6-m/libc_s.a(lib_a-findfp.o)
 .text.__sfmoreglue
                0x000000000000e05c       0x2c /Users/aw/Documents/DRACE/ARM/gcc-arm-none-eabi-4.8.3-2014q1/bin/../lib/gcc/arm-none-eabi/4.8.3/../../../../arm-none-eabi/lib/armv6-m/libc_s.a(lib_a-findfp.o)
                0x000000000000e05c                __sfmoreglue
 .text.__sinit  0x000000000000e088       0x64 /Users/aw/Documents/DRACE/ARM/gcc-arm-none-eabi-4.8.3-2014q1/bin/../lib/gcc/arm-none-eabi/4.8.3/../../../../arm-none-eabi/lib/armv6-m/libc_s.a(lib_a-findfp.o)
                0x000000000000e088                __sinit
 .text.__sfp    0x000000000000e0ec       0x7c /Users/aw/Documents/DRACE/ARM/gcc-arm-none-eabi-4.8.3-2014q1/bin/../lib/gcc/arm-none-eabi/4.8.3/../../../../arm-none-eabi/lib/armv6-m/libc_s.a(lib_a-findfp.o)
                0x000000000000e0ec                __sfp
 .text.__smakebuf_r
                0x000000000000e168       0xa0 /Users/aw/Documents/DRACE/ARM/gcc-arm-none-eabi-4.8.3-2014q1/bin/../lib/gcc/arm-none-eabi/4.8.3/../../../../arm-none-eabi/lib/armv6-m/libc_s.a(lib_a-makebuf.o)
                0x000000000000e168                __smakebuf_r
 .text.memchr   0x000000000000e208       0x16 /Users/aw/Documents/DRACE/ARM/gcc-arm-none-eabi-4.8.3-2014q1/bin/../lib/gcc/arm-none-eabi/4.8.3/../../../../arm-none-eabi/lib/armv6-m/libc_s.a(lib_a-memchr-stub.o)
                0x000000000000e208                memchr
 .text.memmove  0x000000000000e21e       0x32 /Users/aw/Documents/DRACE/ARM/gcc-arm-none-eabi-4.8.3-2014q1/bin/../lib/gcc/arm-none-eabi/4.8.3/../../../../arm-none-eabi/lib/armv6-m/libc_s.a(lib_a-memmove.o)
                0x000000000000e21e                memmove
 .text._realloc_r
                0x000000000000e250       0x4c /Users/aw/Documents/DRACE/ARM/gcc-arm-none-eabi-4.8.3-2014q1/bin/../lib/gcc/arm-none-eabi/4.8.3/../../../../arm-none-eabi/lib/armv6-m/libc_s.a(lib_a-nano-reallocr.o)
                0x000000000000e250                _realloc_r
 .text.__sread  0x000000000000e29c       0x28 /Users/aw/Documents/DRACE/ARM/gcc-arm-none-eabi-4.8.3-2014q1/bin/../lib/gcc/arm-none-eabi/4.8.3/../../../../arm-none-eabi/lib/armv6-m/libc_s.a(lib_a-stdio.o)
                0x000000000000e29c                __sread
 .text.__swrite
                0x000000000000e2c4       0x38 /Users/aw/Documents/DRACE/ARM/gcc-arm-none-eabi-4.8.3-2014q1/bin/../lib/gcc/arm-none-eabi/4.8.3/../../../../arm-none-eabi/lib/armv6-m/libc_s.a(lib_a-stdio.o)
                0x000000000000e2c4                __swrite
 .text.__sseek  0x000000000000e2fc       0x2c /Users/aw/Documents/DRACE/ARM/gcc-arm-none-eabi-4.8.3-2014q1/bin/../lib/gcc/arm-none-eabi/4.8.3/../../../../arm-none-eabi/lib/armv6-m/libc_s.a(lib_a-stdio.o)
                0x000000000000e2fc                __sseek
 .text.__sclose
                0x000000000000e328        0xc /Users/aw/Documents/DRACE/ARM/gcc-arm-none-eabi-4.8.3-2014q1/bin/../lib/gcc/arm-none-eabi/4.8.3/../../../../arm-none-eabi/lib/armv6-m/libc_s.a(lib_a-stdio.o)
                0x000000000000e328                __sclose
 .text._close_r
                0x000000000000e334       0x24 /Users/aw/Documents/DRACE/ARM/gcc-arm-none-eabi-4.8.3-2014q1/bin/../lib/gcc/arm-none-eabi/4.8.3/../../../../arm-none-eabi/lib/armv6-m/libc_s.a(lib_a-closer.o)
                0x000000000000e334                _close_r
 .text._fstat_r
                0x000000000000e358       0x24 /Users/aw/Documents/DRACE/ARM/gcc-arm-none-eabi-4.8.3-2014q1/bin/../lib/gcc/arm-none-eabi/4.8.3/../../../../arm-none-eabi/lib/armv6-m/libc_s.a(lib_a-fstatr.o)
                0x000000000000e358                _fstat_r
 .text._isatty_r
                0x000000000000e37c       0x24 /Users/aw/Documents/DRACE/ARM/gcc-arm-none-eabi-4.8.3-2014q1/bin/../lib/gcc/arm-none-eabi/4.8.3/../../../../arm-none-eabi/lib/armv6-m/libc_s.a(lib_a-isattyr.o)
                0x000000000000e37c                _isatty_r
 .text._lseek_r
                0x000000000000e3a0       0x28 /Users/aw/Documents/DRACE/ARM/gcc-arm-none-eabi-4.8.3-2014q1/bin/../lib/gcc/arm-none-eabi/4.8.3/../../../../arm-none-eabi/lib/armv6-m/libc_s.a(lib_a-lseekr.o)
                0x000000000000e3a0                _lseek_r
 .text._malloc_usable_size_r
                0x000000000000e3c8       0x12 /Users/aw/Documents/DRACE/ARM/gcc-arm-none-eabi-4.8.3-2014q1/bin/../lib/gcc/arm-none-eabi/4.8.3/../../../../arm-none-eabi/lib/armv6-m/libc_s.a(lib_a-nano-msizer.o)
                0x000000000000e3c8                _malloc_usable_size_r
 *fill*         0x000000000000e3da        0x2 
 .text._read_r  0x000000000000e3dc       0x28 /Users/aw/Documents/DRACE/ARM/gcc-arm-none-eabi-4.8.3-2014q1/bin/../lib/gcc/arm-none-eabi/4.8.3/../../../../arm-none-eabi/lib/armv6-m/libc_s.a(lib_a-readr.o)
                0x000000000000e3dc                _read_r
 *(.init)
 .init          0x000000000000e404        0x4 /Users/aw/Documents/DRACE/ARM/gcc-arm-none-eabi-4.8.3-2014q1/bin/../lib/gcc/arm-none-eabi/4.8.3/armv6-m/crti.o
                0x000000000000e404                _init
 .init          0x000000000000e408        0x8 /Users/aw/Documents/DRACE/ARM/gcc-arm-none-eabi-4.8.3-2014q1/bin/../lib/gcc/arm-none-eabi/4.8.3/armv6-m/crtn.o
 *(.fini)
 .fini          0x000000000000e410        0x4 /Users/aw/Documents/DRACE/ARM/gcc-arm-none-eabi-4.8.3-2014q1/bin/../lib/gcc/arm-none-eabi/4.8.3/armv6-m/crti.o
                0x000000000000e410                _fini
 .fini          0x000000000000e414        0x8 /Users/aw/Documents/DRACE/ARM/gcc-arm-none-eabi-4.8.3-2014q1/bin/../lib/gcc/arm-none-eabi/4.8.3/armv6-m/crtn.o
 *crtbegin.o(.ctors)
 *crtbegin?.o(.ctors)
 *(EXCLUDE_FILE(*crtend.o *crtend?.o) .ctors)
 *(SORT(.ctors.*))
 *(.ctors)
 *crtbegin.o(.dtors)
 *crtbegin?.o(.dtors)
 *(EXCLUDE_FILE(*crtend.o *crtend?.o) .dtors)
 *(SORT(.dtors.*))
 *(.dtors)
 *(.rodata*)
 .rodata.str1.1
                0x000000000000e41c       0x19 build/core/syscalls.c.o
 .rodata._ZL14UBX_RATE_200MS
                0x000000000000e435        0x6 build/program.a(GPS.cpp.o)
 .rodata._ZL7GGA_CFG
                0x000000000000e43b        0x8 build/program.a(GPS.cpp.o)
 .rodata._ZL7GRS_CFG
                0x000000000000e443        0x8 build/program.a(GPS.cpp.o)
 .rodata._ZL19UBX_ENGINE_SETTINGS
                0x000000000000e44b       0x24 build/program.a(GPS.cpp.o)
 .rodata._ZL7GSA_CFG
                0x000000000000e46f        0x8 build/program.a(GPS.cpp.o)
 .rodata._ZL7GST_CFG
                0x000000000000e477        0x8 build/program.a(GPS.cpp.o)
 .rodata._ZL7GSV_CFG
                0x000000000000e47f        0x8 build/program.a(GPS.cpp.o)
 .rodata._ZL7RMC_CFG
                0x000000000000e487        0x8 build/program.a(GPS.cpp.o)
 .rodata._ZL10UBX_HEADER
                0x000000000000e48f        0x2 build/program.a(GPS.cpp.o)
 .rodata._ZL11UBX_SOL_CFG
                0x000000000000e491        0x3 build/program.a(GPS.cpp.o)
 .rodata.str1.1
                0x000000000000e494       0x1c build/program.a(GPS.cpp.o)
 .rodata._ZL7VTG_CFG
                0x000000000000e4b0        0x8 build/program.a(GPS.cpp.o)
 .rodata._ZL17UBX_PORT_SETTINGS
                0x000000000000e4b8       0x14 build/program.a(GPS.cpp.o)
 .rodata._ZL7ZDA_CFG
                0x000000000000e4cc        0x8 build/program.a(GPS.cpp.o)
 .rodata._ZL7GLL_CFG
                0x000000000000e4d4        0x8 build/program.a(GPS.cpp.o)
 .rodata._ZL7GBS_CFG
                0x000000000000e4dc        0x8 build/program.a(GPS.cpp.o)
 .rodata._ZL14UBX_VELNED_CFG
                0x000000000000e4e4        0x3 build/program.a(GPS.cpp.o)
 *fill*         0x000000000000e4e7        0x1 
 .rodata._ZL15ThinPixel10pt7b
                0x000000000000e4e8        0xc build/program.a(UI.cpp.o)
 .rodata.str1.1
                0x000000000000e4f4       0x53 build/program.a(UI.cpp.o)
                                         0x55 (size before relaxing)
 *fill*         0x000000000000e547        0x1 
 .rodata._ZL21ThinPixel10pt7bGlyphs
                0x000000000000e548      0x2f8 build/program.a(UI.cpp.o)
 .rodata._ZL22ThinPixel10pt7bBitmaps
                0x000000000000e840      0x16c build/program.a(UI.cpp.o)
 .rodata._ZL4font
                0x000000000000e9ac      0x500 build/program.a(Adafruit_GFX.cpp.o)
 *fill*         0x000000000000eeac        0x4 
 .rodata._ZTV12Adafruit_GFX
                0x000000000000eeb0       0x30 build/program.a(Adafruit_GFX.cpp.o)
                0x000000000000eeb0                vtable for Adafruit_GFX
 .rodata._ZTV6ST7565
                0x000000000000eee0       0x30 build/program.a(ST7565.cpp.o)
                0x000000000000eee0                vtable for ST7565
 .rodata._ZL7pagemap
                0x000000000000ef10        0x8 build/program.a(ST7565.cpp.o)
 .rodata        0x000000000000ef18        0xa build/program.a(Accel.cpp.o)
 *fill*         0x000000000000ef22        0x2 
 .rodata.g_APinDescription
                0x000000000000ef24      0x480 build/variant.cpp.o
                0x000000000000ef24                g_APinDescription
 .rodata.str1.1
                0x000000000000f3a4        0xf build/core.a(Print.cpp.o)
                                         0x11 (size before relaxing)
 *fill*         0x000000000000f3b3        0x5 
 .rodata._ZTV4Uart
                0x000000000000f3b8       0x30 build/core.a(Uart.cpp.o)
                0x000000000000f3b8                vtable for Uart
 .rodata._ZTV7Serial_
                0x000000000000f3e8       0x28 build/core.a(CDC.cpp.o)
                0x000000000000f3e8                vtable for Serial_
 .rodata._ZL15STRING_LANGUAGE
                0x000000000000f410        0x4 build/core.a(USBCore.cpp.o)
 .rodata._ZL19STRING_MANUFACTURER
                0x000000000000f414        0xc build/core.a(USBCore.cpp.o)
 .rodata._ZL20USB_DeviceDescriptor
                0x000000000000f420       0x12 build/core.a(USBCore.cpp.o)
 .rodata._ZL14STRING_PRODUCT
                0x000000000000f432       0x16 build/core.a(USBCore.cpp.o)
 .rodata.str1.1
                0x000000000000f448       0x3b /Users/aw/Documents/DRACE/ARM/gcc-arm-none-eabi-4.8.3-2014q1/bin/../lib/gcc/arm-none-eabi/4.8.3/../../../../arm-none-eabi/lib/armv6-m/libstdc++_s.a(pure.o)
 .rodata.str1.1
                0x000000000000f483       0x80 /Users/aw/Documents/DRACE/ARM/gcc-arm-none-eabi-4.8.3-2014q1/bin/../lib/gcc/arm-none-eabi/4.8.3/../../../../arm-none-eabi/lib/armv6-m/libstdc++_s.a(vterminate.o)
 *fill*         0x000000000000f503        0x1 
 .rodata        0x000000000000f504     0x1020 /Users/aw/Documents/DRACE/ARM/gcc-arm-none-eabi-4.8.3-2014q1/bin/../lib/gcc/arm-none-eabi/4.8.3/../../../../arm-none-eabi/lib/armv6-m/libstdc++_s.a(cp-demangle.o)
 .rodata.str1.4
                0x0000000000010524      0x7f4 /Users/aw/Documents/DRACE/ARM/gcc-arm-none-eabi-4.8.3-2014q1/bin/../lib/gcc/arm-none-eabi/4.8.3/../../../../arm-none-eabi/lib/armv6-m/libstdc++_s.a(cp-demangle.o)
                                        0x840 (size before relaxing)
 .rodata.str1.1
                0x0000000000010d18        0x2 /Users/aw/Documents/DRACE/ARM/gcc-arm-none-eabi-4.8.3-2014q1/bin/../lib/gcc/arm-none-eabi/4.8.3/../../../../arm-none-eabi/lib/armv6-m/libc_s.a(lib_a-impure.o)
 *fill*         0x0000000000010d1a        0x2 
 .rodata._global_impure_ptr
                0x0000000000010d1c        0x4 /Users/aw/Documents/DRACE/ARM/gcc-arm-none-eabi-4.8.3-2014q1/bin/../lib/gcc/arm-none-eabi/4.8.3/../../../../arm-none-eabi/lib/armv6-m/libc_s.a(lib_a-impure.o)
                0x0000000000010d1c                _global_impure_ptr
 .rodata.str1.1
                0x0000000000010d20       0x11 /Users/aw/Documents/DRACE/ARM/gcc-arm-none-eabi-4.8.3-2014q1/bin/../lib/gcc/arm-none-eabi/4.8.3/../../../../arm-none-eabi/lib/armv6-m/libc_s.a(lib_a-svfprintf.o)
 .rodata.str1.1
                0x0000000000000000       0x11 /Users/aw/Documents/DRACE/ARM/gcc-arm-none-eabi-4.8.3-2014q1/bin/../lib/gcc/arm-none-eabi/4.8.3/../../../../arm-none-eabi/lib/armv6-m/libc_s.a(lib_a-vfprintf.o)
 .rodata.str1.1
                0x0000000000010d31       0x22 /Users/aw/Documents/DRACE/ARM/gcc-arm-none-eabi-4.8.3-2014q1/bin/../lib/gcc/arm-none-eabi/4.8.3/../../../../arm-none-eabi/lib/armv6-m/libc_s.a(lib_a-vfprintf_i.o)
 *fill*         0x0000000000010d53        0x1 
 .rodata.__sf_fake_stdin
                0x0000000000010d54       0x20 /Users/aw/Documents/DRACE/ARM/gcc-arm-none-eabi-4.8.3-2014q1/bin/../lib/gcc/arm-none-eabi/4.8.3/../../../../arm-none-eabi/lib/armv6-m/libc_s.a(lib_a-findfp.o)
                0x0000000000010d54                __sf_fake_stdin
 .rodata.__sf_fake_stdout
                0x0000000000010d74       0x20 /Users/aw/Documents/DRACE/ARM/gcc-arm-none-eabi-4.8.3-2014q1/bin/../lib/gcc/arm-none-eabi/4.8.3/../../../../arm-none-eabi/lib/armv6-m/libc_s.a(lib_a-findfp.o)
                0x0000000000010d74                __sf_fake_stdout
 .rodata.__sf_fake_stderr
                0x0000000000010d94       0x20 /Users/aw/Documents/DRACE/ARM/gcc-arm-none-eabi-4.8.3-2014q1/bin/../lib/gcc/arm-none-eabi/4.8.3/../../../../arm-none-eabi/lib/armv6-m/libc_s.a(lib_a-findfp.o)
                0x0000000000010d94                __sf_fake_stderr
 *(.eh_frame*)
 .eh_frame      0x0000000000010db4        0x0 /Users/aw/Documents/DRACE/ARM/gcc-arm-none-eabi-4.8.3-2014q1/bin/../lib/gcc/arm-none-eabi/4.8.3/armv6-m/crtbegin.o
 .eh_frame      0x0000000000010db4        0x4 /Users/aw/Documents/DRACE/ARM/gcc-arm-none-eabi-4.8.3-2014q1/bin/../lib/gcc/arm-none-eabi/4.8.3/armv6-m/crtend.o

.glue_7         0x0000000000010db8        0x0
 .glue_7        0x0000000000000000        0x0 linker stubs

.glue_7t        0x0000000000010db8        0x0
 .glue_7t       0x0000000000000000        0x0 linker stubs

.vfp11_veneer   0x0000000000010db8        0x0
 .vfp11_veneer  0x0000000000000000        0x0 linker stubs

.v4_bx          0x0000000000010db8        0x0
 .v4_bx         0x0000000000000000        0x0 linker stubs

.iplt           0x0000000000010db8        0x0
 .iplt          0x0000000000000000        0x0 /Users/aw/Documents/DRACE/ARM/gcc-arm-none-eabi-4.8.3-2014q1/bin/../lib/gcc/arm-none-eabi/4.8.3/armv6-m/crtbegin.o

.ramfunc        0x0000000000010db8       0x1c
 .ramfunc       0x0000000000010db8       0x1c build/core.a(Reset.cpp.o)

.rel.dyn        0x0000000000010dd4        0x0
 .rel.iplt      0x0000000000000000        0x0 /Users/aw/Documents/DRACE/ARM/gcc-arm-none-eabi-4.8.3-2014q1/bin/../lib/gcc/arm-none-eabi/4.8.3/armv6-m/crtbegin.o

.ARM.extab
 *(.ARM.extab* .gnu.linkonce.armextab.*)
                0x0000000000010dd4                __exidx_start = .

.ARM.exidx
 *(.ARM.exidx* .gnu.linkonce.armexidx.*)
                0x0000000000010dd4                __exidx_end = .
                0x0000000000010dd4                __etext = .

.data           0x0000000020000000      0x3d0 load address 0x0000000000010dd4
                0x0000000020000000                __data_start__ = .
 *(vtable)
 *(.data*)
 .data._ZL10screen_var
                0x0000000020000000        0x6 build/program.a(UI.cpp.o)
 .data._ZL13boot_img_bits
                0x0000000020000006      0x2a0 build/program.a(UI.cpp.o)
 *fill*         0x00000000200002a6        0x2 
 .data._ZL4Menu
                0x00000000200002a8        0xc build/program.a(UI.cpp.o)
 .data._ZL13icon_gps_bits
                0x00000000200002b4       0x12 build/program.a(UI.cpp.o)
 .data._ZL12warning_bits
                0x00000000200002c6       0x12 build/program.a(UI.cpp.o)
 .data.SystemCoreClock
                0x00000000200002d8        0x4 build/core.a(wiring.c.o)
                0x00000000200002d8                SystemCoreClock
 .data._writeResolution
                0x00000000200002dc        0x4 build/core.a(wiring_analog.c.o)
 .data._ZL10breakValue
                0x00000000200002e0        0x4 build/core.a(CDC.cpp.o)
 .data._ZL13_cdcInterface
                0x00000000200002e4       0x42 build/core.a(CDC.cpp.o)
 *fill*         0x0000000020000326        0x2 
 .data._ZL12_usbLineInfo
                0x0000000020000328        0x8 build/core.a(CDC.cpp.o)
 .data.EndPoints
                0x0000000020000330       0x10 build/core.a(USBCore.cpp.o)
                0x0000000020000330                EndPoints
 .data._ZL5ticks
                0x0000000020000340        0x4 build/core.a(Reset.cpp.o)
 .data._ZN10__cxxabiv119__terminate_handlerE
                0x0000000020000344        0x4 /Users/aw/Documents/DRACE/ARM/gcc-arm-none-eabi-4.8.3-2014q1/bin/../lib/gcc/arm-none-eabi/4.8.3/../../../../arm-none-eabi/lib/armv6-m/libstdc++_s.a(eh_term_handler.o)
                0x0000000020000344                __cxxabiv1::__terminate_handler
 .data.impure_data
                0x0000000020000348       0x60 /Users/aw/Documents/DRACE/ARM/gcc-arm-none-eabi-4.8.3-2014q1/bin/../lib/gcc/arm-none-eabi/4.8.3/../../../../arm-none-eabi/lib/armv6-m/libc_s.a(lib_a-impure.o)
 .data._impure_ptr
                0x00000000200003a8        0x4 /Users/aw/Documents/DRACE/ARM/gcc-arm-none-eabi-4.8.3-2014q1/bin/../lib/gcc/arm-none-eabi/4.8.3/../../../../arm-none-eabi/lib/armv6-m/libc_s.a(lib_a-impure.o)
                0x00000000200003a8                _impure_ptr
                0x00000000200003ac                . = ALIGN (0x4)
                0x00000000200003ac                PROVIDE (__preinit_array_start, .)
 *(.preinit_array)
                0x00000000200003ac                PROVIDE (__preinit_array_end, .)
                0x00000000200003ac                . = ALIGN (0x4)
                0x00000000200003ac                PROVIDE (__init_array_start, .)
 *(SORT(.init_array.*))
 *(.init_array)
 .init_array    0x00000000200003ac        0x4 /Users/aw/Documents/DRACE/ARM/gcc-arm-none-eabi-4.8.3-2014q1/bin/../lib/gcc/arm-none-eabi/4.8.3/armv6-m/crtbegin.o
 .init_array    0x00000000200003b0        0x4 build/program.a(GPS.cpp.o)
 .init_array    0x00000000200003b4        0x4 build/program.a(UI.cpp.o)
 .init_array    0x00000000200003b8        0x4 build/program.a(Accel.cpp.o)
 .init_array    0x00000000200003bc        0x4 build/variant.cpp.o
 .init_array    0x00000000200003c0        0x4 build/core.a(CDC.cpp.o)
 .init_array    0x00000000200003c4        0x4 build/core.a(USBCore.cpp.o)
                0x00000000200003c8                PROVIDE (__init_array_end, .)
                0x00000000200003c8                . = ALIGN (0x4)
                0x00000000200003c8                PROVIDE (__fini_array_start, .)
 *(SORT(.fini_array.*))
 *(.fini_array)
 .fini_array    0x00000000200003c8        0x4 /Users/aw/Documents/DRACE/ARM/gcc-arm-none-eabi-4.8.3-2014q1/bin/../lib/gcc/arm-none-eabi/4.8.3/armv6-m/crtbegin.o
                0x00000000200003cc                PROVIDE (__fini_array_end, .)
 *(.jcr*)
 .jcr           0x00000000200003cc        0x0 /Users/aw/Documents/DRACE/ARM/gcc-arm-none-eabi-4.8.3-2014q1/bin/../lib/gcc/arm-none-eabi/4.8.3/armv6-m/crtbegin.o
 .jcr           0x00000000200003cc        0x4 /Users/aw/Documents/DRACE/ARM/gcc-arm-none-eabi-4.8.3-2014q1/bin/../lib/gcc/arm-none-eabi/4.8.3/armv6-m/crtend.o
                0x00000000200003d0                . = ALIGN (0x4)
                0x00000000200003d0                __data_end__ = .

.igot.plt       0x00000000200003d0        0x0 load address 0x00000000000111a4
 .igot.plt      0x0000000000000000        0x0 /Users/aw/Documents/DRACE/ARM/gcc-arm-none-eabi-4.8.3-2014q1/bin/../lib/gcc/arm-none-eabi/4.8.3/armv6-m/crtbegin.o

.bss            0x00000000200003d0      0xe94 load address 0x00000000000111a4
                0x00000000200003d0                . = ALIGN (0x4)
                0x00000000200003d0                __bss_start__ = .
 *(.bss*)
 .bss           0x00000000200003d0       0x1c /Users/aw/Documents/DRACE/ARM/gcc-arm-none-eabi-4.8.3-2014q1/bin/../lib/gcc/arm-none-eabi/4.8.3/armv6-m/crtbegin.o
 .bss.heap.10814
                0x00000000200003ec        0x4 build/core/syscalls.c.o
 .bss.gps       0x00000000200003f0       0x90 build/program.a(GPS.cpp.o)
                0x00000000200003f0                gps
 .bss.ButtonLeft
                0x0000000020000480        0x8 build/program.a(UI.cpp.o)
                0x0000000020000480                ButtonLeft
 .bss.ui        0x0000000020000488      0x434 build/program.a(UI.cpp.o)
                0x0000000020000488                ui
 .bss.ButtonMenu
                0x00000000200008bc        0x8 build/program.a(UI.cpp.o)
                0x00000000200008bc                ButtonMenu
 .bss.ButtonRight
                0x00000000200008c4        0x8 build/program.a(UI.cpp.o)
                0x00000000200008c4                ButtonRight
 .bss.ButtonReset
                0x00000000200008cc        0x8 build/program.a(UI.cpp.o)
                0x00000000200008cc                ButtonReset
 .bss.accel     0x00000000200008d4       0x50 build/program.a(Accel.cpp.o)
                0x00000000200008d4                accel
 .bss.show_tests
                0x0000000020000924        0x1 build/program.a(Accel.cpp.o)
                0x0000000020000924                show_tests
 *fill*         0x0000000020000925        0x3 
 .bss.Serial    0x0000000020000928      0x120 build/variant.cpp.o
                0x0000000020000928                Serial
 .bss.Serial5   0x0000000020000a48      0x120 build/variant.cpp.o
                0x0000000020000a48                Serial5
 .bss.sercom3   0x0000000020000b68        0x4 build/variant.cpp.o
                0x0000000020000b68                sercom3
 .bss.sercom0   0x0000000020000b6c        0x4 build/variant.cpp.o
                0x0000000020000b6c                sercom0
 .bss.sercom1   0x0000000020000b70        0x4 build/variant.cpp.o
                0x0000000020000b70                sercom1
 .bss.sercom2   0x0000000020000b74        0x4 build/variant.cpp.o
                0x0000000020000b74                sercom2
 .bss.sercom4   0x0000000020000b78        0x4 build/variant.cpp.o
                0x0000000020000b78                sercom4
 .bss.sercom5   0x0000000020000b7c        0x4 build/variant.cpp.o
                0x0000000020000b7c                sercom5
 .bss._ulTickCount
                0x0000000020000b80        0x4 build/core.a(delay.c.o)
 .bss.usb_isr   0x0000000020000b84        0x4 build/core.a(startup.c.o)
 .bss.cdc_rx_buffer
                0x0000000020000b88      0x10c build/core.a(CDC.cpp.o)
                0x0000000020000b88                cdc_rx_buffer
 .bss.SerialUSB
                0x0000000020000c94       0x18 build/core.a(CDC.cpp.o)
                0x0000000020000c94                SerialUSB
 .bss._pack_buffer
                0x0000000020000cac      0x100 build/core.a(USBCore.cpp.o)
                0x0000000020000cac                _pack_buffer
 .bss._pack_size
                0x0000000020000dac        0x2 build/core.a(USBCore.cpp.o)
                0x0000000020000dac                _pack_size
 *fill*         0x0000000020000dae        0x2 
 .bss._ZL22udd_ep_in_cache_buffer
                0x0000000020000db0      0x1c0 build/core.a(USBCore.cpp.o)
 .bss._ZL23udd_ep_out_cache_buffer
                0x0000000020000f70      0x1c0 build/core.a(USBCore.cpp.o)
 .bss._ZL14isEndpointHalt
                0x0000000020001130        0x1 build/core.a(USBCore.cpp.o)
 .bss._pack_message
                0x0000000020001131        0x1 build/core.a(USBCore.cpp.o)
                0x0000000020001131                _pack_message
 .bss._ZL21isRemoteWakeUpEnabled
                0x0000000020001132        0x1 build/core.a(USBCore.cpp.o)
 .bss._dry_run  0x0000000020001133        0x1 build/core.a(USBCore.cpp.o)
                0x0000000020001133                _dry_run
 .bss.USBDevice
                0x0000000020001134        0x1 build/core.a(USBCore.cpp.o)
                0x0000000020001134                USBDevice
 *fill*         0x0000000020001135        0x3 
 .bss._usbSetInterface
                0x0000000020001138        0x4 build/core.a(USBCore.cpp.o)
                0x0000000020001138                _usbSetInterface
 .bss.usbd      0x000000002000113c      0x104 build/core.a(USBCore.cpp.o)
                0x000000002000113c                usbd
 .bss._usbConfiguration
                0x0000000020001240        0x4 build/core.a(USBCore.cpp.o)
                0x0000000020001240                _usbConfiguration
 .bss.__new_handler
                0x0000000020001244        0x4 /Users/aw/Documents/DRACE/ARM/gcc-arm-none-eabi-4.8.3-2014q1/bin/../lib/gcc/arm-none-eabi/4.8.3/../../../../arm-none-eabi/lib/armv6-m/libstdc++_s.a(new_handler.o)
                0x0000000020001244                __new_handler
 .bss._ZZN9__gnu_cxx27__verbose_terminate_handlerEvE11terminating
                0x0000000020001248        0x1 /Users/aw/Documents/DRACE/ARM/gcc-arm-none-eabi-4.8.3-2014q1/bin/../lib/gcc/arm-none-eabi/4.8.3/../../../../arm-none-eabi/lib/armv6-m/libstdc++_s.a(vterminate.o)
 *fill*         0x0000000020001249        0x3 
 .bss._ZL10eh_globals
                0x000000002000124c        0xc /Users/aw/Documents/DRACE/ARM/gcc-arm-none-eabi-4.8.3-2014q1/bin/../lib/gcc/arm-none-eabi/4.8.3/../../../../arm-none-eabi/lib/armv6-m/libstdc++_s.a(eh_globals.o)
 .bss.__malloc_sbrk_start
                0x0000000020001258        0x4 /Users/aw/Documents/DRACE/ARM/gcc-arm-none-eabi-4.8.3-2014q1/bin/../lib/gcc/arm-none-eabi/4.8.3/../../../../arm-none-eabi/lib/armv6-m/libc_s.a(lib_a-nano-mallocr.o)
                0x0000000020001258                __malloc_sbrk_start
 .bss.__malloc_free_list
                0x000000002000125c        0x4 /Users/aw/Documents/DRACE/ARM/gcc-arm-none-eabi-4.8.3-2014q1/bin/../lib/gcc/arm-none-eabi/4.8.3/../../../../arm-none-eabi/lib/armv6-m/libc_s.a(lib_a-nano-mallocr.o)
                0x000000002000125c                __malloc_free_list
 *(COMMON)
 COMMON         0x0000000020001260        0x4 /Users/aw/Documents/DRACE/ARM/gcc-arm-none-eabi-4.8.3-2014q1/bin/../lib/gcc/arm-none-eabi/4.8.3/../../../../arm-none-eabi/lib/armv6-m/libc_s.a(lib_a-reent.o)
                0x0000000020001260                errno
                0x0000000020001264                . = ALIGN (0x4)
                0x0000000020001264                __bss_end__ = .

.heap           0x0000000020001264        0x0
                0x0000000020001264                __end__ = .
                0x0000000020001264                PROVIDE (end, .)
 *(.heap*)
                0x0000000020001264                __HeapLimit = .

.stack_dummy    0x0000000020001264        0x0
 *(.stack*)
                0x0000000020008000                __StackTop = (ORIGIN (RAM) + 0x8000)
                0x0000000020008000                __StackLimit = (__StackTop - SIZEOF (.stack_dummy))
                0x0000000020008000                PROVIDE (__stack, __StackTop)
                0x0000000020007fff                __ram_end__ = ((ORIGIN (RAM) + 0x8000) - 0x1)
                0x0000000000000001                ASSERT ((__StackLimit >= __HeapLimit), region RAM overflowed with stack)
OUTPUT(firmware.elf elf32-littlearm)

.ARM.attributes
                0x0000000000000000       0x28
 .ARM.attributes
                0x0000000000000000       0x1e /Users/aw/Documents/DRACE/ARM/gcc-arm-none-eabi-4.8.3-2014q1/bin/../lib/gcc/arm-none-eabi/4.8.3/armv6-m/crti.o
 .ARM.attributes
                0x000000000000001e       0x2c /Users/aw/Documents/DRACE/ARM/gcc-arm-none-eabi-4.8.3-2014q1/bin/../lib/gcc/arm-none-eabi/4.8.3/armv6-m/crtbegin.o
 .ARM.attributes
                0x000000000000004a       0x32 build/core/syscalls.c.o
 .ARM.attributes
                0x000000000000007c       0x32 build/program.a(main.cpp.o)
 .ARM.attributes
                0x00000000000000ae       0x32 build/program.a(GPS.cpp.o)
 .ARM.attributes
                0x00000000000000e0       0x32 build/program.a(UI.cpp.o)
 .ARM.attributes
                0x0000000000000112       0x32 build/program.a(Adafruit_GFX.cpp.o)
 .ARM.attributes
                0x0000000000000144       0x32 build/program.a(ST7565.cpp.o)
 .ARM.attributes
                0x0000000000000176       0x32 build/program.a(Accel.cpp.o)
 .ARM.attributes
                0x00000000000001a8       0x32 build/variant.cpp.o
 .ARM.attributes
                0x00000000000001da       0x32 build/core.a(delay.c.o)
 .ARM.attributes
                0x000000000000020c       0x32 build/core.a(hooks.c.o)
 .ARM.attributes
                0x000000000000023e       0x32 build/core.a(startup.c.o)
 .ARM.attributes
                0x0000000000000270       0x32 build/core.a(wiring.c.o)
 .ARM.attributes
                0x00000000000002a2       0x32 build/core.a(wiring_analog.c.o)
 .ARM.attributes
                0x00000000000002d4       0x32 build/core.a(wiring_digital.c.o)
 .ARM.attributes
                0x0000000000000306       0x32 build/core.a(Print.cpp.o)
 .ARM.attributes
                0x0000000000000338       0x32 build/core.a(SERCOM.cpp.o)
 .ARM.attributes
                0x000000000000036a       0x32 build/core.a(Uart.cpp.o)
 .ARM.attributes
                0x000000000000039c       0x32 build/core.a(CDC.cpp.o)
 .ARM.attributes
                0x00000000000003ce       0x32 build/core.a(USBCore.cpp.o)
 .ARM.attributes
                0x0000000000000400       0x32 build/core.a(Reset.cpp.o)
 .ARM.attributes
                0x0000000000000432       0x32 build/core.a(RingBuffer.cpp.o)
 .ARM.attributes
                0x0000000000000464       0x2c /Users/aw/Documents/DRACE/ARM/gcc-arm-none-eabi-4.8.3-2014q1/bin/../lib/gcc/arm-none-eabi/4.8.3/../../../../arm-none-eabi/lib/armv6-m/libstdc++_s.a(del_opv.o)
 .ARM.attributes
                0x0000000000000490       0x2c /Users/aw/Documents/DRACE/ARM/gcc-arm-none-eabi-4.8.3-2014q1/bin/../lib/gcc/arm-none-eabi/4.8.3/../../../../arm-none-eabi/lib/armv6-m/libstdc++_s.a(new_opv.o)
 .ARM.attributes
                0x00000000000004bc       0x2c /Users/aw/Documents/DRACE/ARM/gcc-arm-none-eabi-4.8.3-2014q1/bin/../lib/gcc/arm-none-eabi/4.8.3/../../../../arm-none-eabi/lib/armv6-m/libstdc++_s.a(pure.o)
 .ARM.attributes
                0x00000000000004e8       0x2c /Users/aw/Documents/DRACE/ARM/gcc-arm-none-eabi-4.8.3-2014q1/bin/../lib/gcc/arm-none-eabi/4.8.3/../../../../arm-none-eabi/lib/armv6-m/libstdc++_s.a(del_op.o)
 .ARM.attributes
                0x0000000000000514       0x2c /Users/aw/Documents/DRACE/ARM/gcc-arm-none-eabi-4.8.3-2014q1/bin/../lib/gcc/arm-none-eabi/4.8.3/../../../../arm-none-eabi/lib/armv6-m/libstdc++_s.a(eh_terminate.o)
 .ARM.attributes
                0x0000000000000540       0x2c /Users/aw/Documents/DRACE/ARM/gcc-arm-none-eabi-4.8.3-2014q1/bin/../lib/gcc/arm-none-eabi/4.8.3/../../../../arm-none-eabi/lib/armv6-m/libstdc++_s.a(new_op.o)
 .ARM.attributes
                0x000000000000056c       0x2c /Users/aw/Documents/DRACE/ARM/gcc-arm-none-eabi-4.8.3-2014q1/bin/../lib/gcc/arm-none-eabi/4.8.3/../../../../arm-none-eabi/lib/armv6-m/libstdc++_s.a(eh_term_handler.o)
 .ARM.attributes
                0x0000000000000598       0x2c /Users/aw/Documents/DRACE/ARM/gcc-arm-none-eabi-4.8.3-2014q1/bin/../lib/gcc/arm-none-eabi/4.8.3/../../../../arm-none-eabi/lib/armv6-m/libstdc++_s.a(new_handler.o)
 .ARM.attributes
                0x00000000000005c4       0x2c /Users/aw/Documents/DRACE/ARM/gcc-arm-none-eabi-4.8.3-2014q1/bin/../lib/gcc/arm-none-eabi/4.8.3/../../../../arm-none-eabi/lib/armv6-m/libstdc++_s.a(vterminate.o)
 .ARM.attributes
                0x00000000000005f0       0x2c /Users/aw/Documents/DRACE/ARM/gcc-arm-none-eabi-4.8.3-2014q1/bin/../lib/gcc/arm-none-eabi/4.8.3/../../../../arm-none-eabi/lib/armv6-m/libstdc++_s.a(cp-demangle.o)
 .ARM.attributes
                0x000000000000061c       0x2c /Users/aw/Documents/DRACE/ARM/gcc-arm-none-eabi-4.8.3-2014q1/bin/../lib/gcc/arm-none-eabi/4.8.3/../../../../arm-none-eabi/lib/armv6-m/libstdc++_s.a(eh_type.o)
 .ARM.attributes
                0x0000000000000648       0x2c /Users/aw/Documents/DRACE/ARM/gcc-arm-none-eabi-4.8.3-2014q1/bin/../lib/gcc/arm-none-eabi/4.8.3/../../../../arm-none-eabi/lib/armv6-m/libstdc++_s.a(eh_globals.o)
 .ARM.attributes
                0x0000000000000674       0x1e /Users/aw/Documents/DRACE/ARM/gcc-arm-none-eabi-4.8.3-2014q1/bin/../lib/gcc/arm-none-eabi/4.8.3/armv6-m/libgcc.a(_thumb1_case_uqi.o)
 .ARM.attributes
                0x0000000000000692       0x1e /Users/aw/Documents/DRACE/ARM/gcc-arm-none-eabi-4.8.3-2014q1/bin/../lib/gcc/arm-none-eabi/4.8.3/armv6-m/libgcc.a(_udivsi3.o)
 .ARM.attributes
                0x00000000000006b0       0x1e /Users/aw/Documents/DRACE/ARM/gcc-arm-none-eabi-4.8.3-2014q1/bin/../lib/gcc/arm-none-eabi/4.8.3/armv6-m/libgcc.a(_dvmd_tls.o)
 .ARM.attributes
                0x00000000000006ce       0x2c /Users/aw/Documents/DRACE/ARM/gcc-arm-none-eabi-4.8.3-2014q1/bin/../lib/gcc/arm-none-eabi/4.8.3/../../../../arm-none-eabi/lib/armv6-m/libc_s.a(lib_a-abort.o)
 .ARM.attributes
                0x00000000000006fa       0x2c /Users/aw/Documents/DRACE/ARM/gcc-arm-none-eabi-4.8.3-2014q1/bin/../lib/gcc/arm-none-eabi/4.8.3/../../../../arm-none-eabi/lib/armv6-m/libc_s.a(lib_a-fputs.o)
 .ARM.attributes
                0x0000000000000726       0x2c /Users/aw/Documents/DRACE/ARM/gcc-arm-none-eabi-4.8.3-2014q1/bin/../lib/gcc/arm-none-eabi/4.8.3/../../../../arm-none-eabi/lib/armv6-m/libc_s.a(lib_a-impure.o)
 .ARM.attributes
                0x0000000000000752       0x2c /Users/aw/Documents/DRACE/ARM/gcc-arm-none-eabi-4.8.3-2014q1/bin/../lib/gcc/arm-none-eabi/4.8.3/../../../../arm-none-eabi/lib/armv6-m/libc_s.a(lib_a-init.o)
 .ARM.attributes
                0x000000000000077e       0x2c /Users/aw/Documents/DRACE/ARM/gcc-arm-none-eabi-4.8.3-2014q1/bin/../lib/gcc/arm-none-eabi/4.8.3/../../../../arm-none-eabi/lib/armv6-m/libc_s.a(lib_a-malloc.o)
 .ARM.attributes
                0x00000000000007aa       0x2c /Users/aw/Documents/DRACE/ARM/gcc-arm-none-eabi-4.8.3-2014q1/bin/../lib/gcc/arm-none-eabi/4.8.3/../../../../arm-none-eabi/lib/armv6-m/libc_s.a(lib_a-memcmp.o)
 .ARM.attributes
                0x00000000000007d6       0x2c /Users/aw/Documents/DRACE/ARM/gcc-arm-none-eabi-4.8.3-2014q1/bin/../lib/gcc/arm-none-eabi/4.8.3/../../../../arm-none-eabi/lib/armv6-m/libc_s.a(lib_a-memcpy-stub.o)
 .ARM.attributes
                0x0000000000000802       0x2c /Users/aw/Documents/DRACE/ARM/gcc-arm-none-eabi-4.8.3-2014q1/bin/../lib/gcc/arm-none-eabi/4.8.3/../../../../arm-none-eabi/lib/armv6-m/libc_s.a(lib_a-memset.o)
 .ARM.attributes
                0x000000000000082e       0x2c /Users/aw/Documents/DRACE/ARM/gcc-arm-none-eabi-4.8.3-2014q1/bin/../lib/gcc/arm-none-eabi/4.8.3/../../../../arm-none-eabi/lib/armv6-m/libc_s.a(lib_a-nano-freer.o)
 .ARM.attributes
                0x000000000000085a       0x2c /Users/aw/Documents/DRACE/ARM/gcc-arm-none-eabi-4.8.3-2014q1/bin/../lib/gcc/arm-none-eabi/4.8.3/../../../../arm-none-eabi/lib/armv6-m/libc_s.a(lib_a-nano-mallocr.o)
 .ARM.attributes
                0x0000000000000886       0x2c /Users/aw/Documents/DRACE/ARM/gcc-arm-none-eabi-4.8.3-2014q1/bin/../lib/gcc/arm-none-eabi/4.8.3/../../../../arm-none-eabi/lib/armv6-m/libc_s.a(lib_a-printf.o)
 .ARM.attributes
                0x00000000000008b2       0x2c /Users/aw/Documents/DRACE/ARM/gcc-arm-none-eabi-4.8.3-2014q1/bin/../lib/gcc/arm-none-eabi/4.8.3/../../../../arm-none-eabi/lib/armv6-m/libc_s.a(lib_a-realloc.o)
 .ARM.attributes
                0x00000000000008de       0x2c /Users/aw/Documents/DRACE/ARM/gcc-arm-none-eabi-4.8.3-2014q1/bin/../lib/gcc/arm-none-eabi/4.8.3/../../../../arm-none-eabi/lib/armv6-m/libc_s.a(lib_a-reent.o)
 .ARM.attributes
                0x000000000000090a       0x2c /Users/aw/Documents/DRACE/ARM/gcc-arm-none-eabi-4.8.3-2014q1/bin/../lib/gcc/arm-none-eabi/4.8.3/../../../../arm-none-eabi/lib/armv6-m/libc_s.a(lib_a-sbrkr.o)
 .ARM.attributes
                0x0000000000000936       0x2c /Users/aw/Documents/DRACE/ARM/gcc-arm-none-eabi-4.8.3-2014q1/bin/../lib/gcc/arm-none-eabi/4.8.3/../../../../arm-none-eabi/lib/armv6-m/libc_s.a(lib_a-signal.o)
 .ARM.attributes
                0x0000000000000962       0x2c /Users/aw/Documents/DRACE/ARM/gcc-arm-none-eabi-4.8.3-2014q1/bin/../lib/gcc/arm-none-eabi/4.8.3/../../../../arm-none-eabi/lib/armv6-m/libc_s.a(lib_a-signalr.o)
 .ARM.attributes
                0x000000000000098e       0x2c /Users/aw/Documents/DRACE/ARM/gcc-arm-none-eabi-4.8.3-2014q1/bin/../lib/gcc/arm-none-eabi/4.8.3/../../../../arm-none-eabi/lib/armv6-m/libc_s.a(lib_a-sprintf.o)
 .ARM.attributes
                0x00000000000009ba       0x1c /Users/aw/Documents/DRACE/ARM/gcc-arm-none-eabi-4.8.3-2014q1/bin/../lib/gcc/arm-none-eabi/4.8.3/../../../../arm-none-eabi/lib/armv6-m/libc_s.a(lib_a-strcmp.o)
 .ARM.attributes
                0x00000000000009d6       0x2c /Users/aw/Documents/DRACE/ARM/gcc-arm-none-eabi-4.8.3-2014q1/bin/../lib/gcc/arm-none-eabi/4.8.3/../../../../arm-none-eabi/lib/armv6-m/libc_s.a(lib_a-strlen.o)
 .ARM.attributes
                0x0000000000000a02       0x2c /Users/aw/Documents/DRACE/ARM/gcc-arm-none-eabi-4.8.3-2014q1/bin/../lib/gcc/arm-none-eabi/4.8.3/../../../../arm-none-eabi/lib/armv6-m/libc_s.a(lib_a-strncmp.o)
 .ARM.attributes
                0x0000000000000a2e       0x2c /Users/aw/Documents/DRACE/ARM/gcc-arm-none-eabi-4.8.3-2014q1/bin/../lib/gcc/arm-none-eabi/4.8.3/../../../../arm-none-eabi/lib/armv6-m/libc_s.a(lib_a-svfprintf.o)
 .ARM.attributes
                0x0000000000000a5a       0x2c /Users/aw/Documents/DRACE/ARM/gcc-arm-none-eabi-4.8.3-2014q1/bin/../lib/gcc/arm-none-eabi/4.8.3/../../../../arm-none-eabi/lib/armv6-m/libc_s.a(lib_a-syswrite.o)
 .ARM.attributes
                0x0000000000000a86       0x2c /Users/aw/Documents/DRACE/ARM/gcc-arm-none-eabi-4.8.3-2014q1/bin/../lib/gcc/arm-none-eabi/4.8.3/../../../../arm-none-eabi/lib/armv6-m/libc_s.a(lib_a-vfprintf.o)
 .ARM.attributes
                0x0000000000000ab2       0x2c /Users/aw/Documents/DRACE/ARM/gcc-arm-none-eabi-4.8.3-2014q1/bin/../lib/gcc/arm-none-eabi/4.8.3/../../../../arm-none-eabi/lib/armv6-m/libc_s.a(lib_a-vfprintf_i.o)
 .ARM.attributes
                0x0000000000000ade       0x2c /Users/aw/Documents/DRACE/ARM/gcc-arm-none-eabi-4.8.3-2014q1/bin/../lib/gcc/arm-none-eabi/4.8.3/../../../../arm-none-eabi/lib/armv6-m/libc_s.a(lib_a-wbuf.o)
 .ARM.attributes
                0x0000000000000b0a       0x2c /Users/aw/Documents/DRACE/ARM/gcc-arm-none-eabi-4.8.3-2014q1/bin/../lib/gcc/arm-none-eabi/4.8.3/../../../../arm-none-eabi/lib/armv6-m/libc_s.a(lib_a-writer.o)
 .ARM.attributes
                0x0000000000000b36       0x2c /Users/aw/Documents/DRACE/ARM/gcc-arm-none-eabi-4.8.3-2014q1/bin/../lib/gcc/arm-none-eabi/4.8.3/../../../../arm-none-eabi/lib/armv6-m/libc_s.a(lib_a-wsetup.o)
 .ARM.attributes
                0x0000000000000b62       0x2c /Users/aw/Documents/DRACE/ARM/gcc-arm-none-eabi-4.8.3-2014q1/bin/../lib/gcc/arm-none-eabi/4.8.3/../../../../arm-none-eabi/lib/armv6-m/libc_s.a(lib_a-fflush.o)
 .ARM.attributes
                0x0000000000000b8e       0x2c /Users/aw/Documents/DRACE/ARM/gcc-arm-none-eabi-4.8.3-2014q1/bin/../lib/gcc/arm-none-eabi/4.8.3/../../../../arm-none-eabi/lib/armv6-m/libc_s.a(lib_a-findfp.o)
 .ARM.attributes
                0x0000000000000bba       0x2c /Users/aw/Documents/DRACE/ARM/gcc-arm-none-eabi-4.8.3-2014q1/bin/../lib/gcc/arm-none-eabi/4.8.3/../../../../arm-none-eabi/lib/armv6-m/libc_s.a(lib_a-makebuf.o)
 .ARM.attributes
                0x0000000000000be6       0x2c /Users/aw/Documents/DRACE/ARM/gcc-arm-none-eabi-4.8.3-2014q1/bin/../lib/gcc/arm-none-eabi/4.8.3/../../../../arm-none-eabi/lib/armv6-m/libc_s.a(lib_a-memchr-stub.o)
 .ARM.attributes
                0x0000000000000c12       0x2c /Users/aw/Documents/DRACE/ARM/gcc-arm-none-eabi-4.8.3-2014q1/bin/../lib/gcc/arm-none-eabi/4.8.3/../../../../arm-none-eabi/lib/armv6-m/libc_s.a(lib_a-memmove.o)
 .ARM.attributes
                0x0000000000000c3e       0x2c /Users/aw/Documents/DRACE/ARM/gcc-arm-none-eabi-4.8.3-2014q1/bin/../lib/gcc/arm-none-eabi/4.8.3/../../../../arm-none-eabi/lib/armv6-m/libc_s.a(lib_a-nano-reallocr.o)
 .ARM.attributes
                0x0000000000000c6a       0x2c /Users/aw/Documents/DRACE/ARM/gcc-arm-none-eabi-4.8.3-2014q1/bin/../lib/gcc/arm-none-eabi/4.8.3/../../../../arm-none-eabi/lib/armv6-m/libc_s.a(lib_a-stdio.o)
 .ARM.attributes
                0x0000000000000c96       0x2c /Users/aw/Documents/DRACE/ARM/gcc-arm-none-eabi-4.8.3-2014q1/bin/../lib/gcc/arm-none-eabi/4.8.3/../../../../arm-none-eabi/lib/armv6-m/libc_s.a(lib_a-closer.o)
 .ARM.attributes
                0x0000000000000cc2       0x2c /Users/aw/Documents/DRACE/ARM/gcc-arm-none-eabi-4.8.3-2014q1/bin/../lib/gcc/arm-none-eabi/4.8.3/../../../../arm-none-eabi/lib/armv6-m/libc_s.a(lib_a-fstatr.o)
 .ARM.attributes
                0x0000000000000cee       0x2c /Users/aw/Documents/DRACE/ARM/gcc-arm-none-eabi-4.8.3-2014q1/bin/../lib/gcc/arm-none-eabi/4.8.3/../../../../arm-none-eabi/lib/armv6-m/libc_s.a(lib_a-isattyr.o)
 .ARM.attributes
                0x0000000000000d1a       0x2c /Users/aw/Documents/DRACE/ARM/gcc-arm-none-eabi-4.8.3-2014q1/bin/../lib/gcc/arm-none-eabi/4.8.3/../../../../arm-none-eabi/lib/armv6-m/libc_s.a(lib_a-lseekr.o)
 .ARM.attributes
                0x0000000000000d46       0x2c /Users/aw/Documents/DRACE/ARM/gcc-arm-none-eabi-4.8.3-2014q1/bin/../lib/gcc/arm-none-eabi/4.8.3/../../../../arm-none-eabi/lib/armv6-m/libc_s.a(lib_a-nano-msizer.o)
 .ARM.attributes
                0x0000000000000d72       0x2c /Users/aw/Documents/DRACE/ARM/gcc-arm-none-eabi-4.8.3-2014q1/bin/../lib/gcc/arm-none-eabi/4.8.3/../../../../arm-none-eabi/lib/armv6-m/libc_s.a(lib_a-readr.o)
 .ARM.attributes
                0x0000000000000d9e       0x2c /Users/aw/Documents/DRACE/ARM/gcc-arm-none-eabi-4.8.3-2014q1/bin/../lib/gcc/arm-none-eabi/4.8.3/armv6-m/crtend.o
 .ARM.attributes
                0x0000000000000dca       0x1e /Users/aw/Documents/DRACE/ARM/gcc-arm-none-eabi-4.8.3-2014q1/bin/../lib/gcc/arm-none-eabi/4.8.3/armv6-m/crtn.o

.comment        0x0000000000000000       0x70
 .comment       0x0000000000000000       0x70 build/core/syscalls.c.o
                                         0x71 (size before relaxing)
 .comment       0x0000000000000000       0x71 build/program.a(main.cpp.o)
 .comment       0x0000000000000000       0x71 build/program.a(GPS.cpp.o)
 .comment       0x0000000000000000       0x71 build/program.a(UI.cpp.o)
 .comment       0x0000000000000000       0x71 build/program.a(Adafruit_GFX.cpp.o)
 .comment       0x0000000000000000       0x71 build/program.a(ST7565.cpp.o)
 .comment       0x0000000000000000       0x71 build/program.a(Accel.cpp.o)
 .comment       0x0000000000000000       0x71 build/variant.cpp.o
 .comment       0x0000000000000000       0x71 build/core.a(delay.c.o)
 .comment       0x0000000000000000       0x71 build/core.a(hooks.c.o)
 .comment       0x0000000000000000       0x71 build/core.a(startup.c.o)
 .comment       0x0000000000000000       0x71 build/core.a(wiring.c.o)
 .comment       0x0000000000000000       0x71 build/core.a(wiring_analog.c.o)
 .comment       0x0000000000000000       0x71 build/core.a(wiring_digital.c.o)
 .comment       0x0000000000000000       0x71 build/core.a(Print.cpp.o)
 .comment       0x0000000000000000       0x71 build/core.a(SERCOM.cpp.o)
 .comment       0x0000000000000000       0x71 build/core.a(Uart.cpp.o)
 .comment       0x0000000000000000       0x71 build/core.a(CDC.cpp.o)
 .comment       0x0000000000000000       0x71 build/core.a(USBCore.cpp.o)
 .comment       0x0000000000000000       0x71 build/core.a(Reset.cpp.o)
 .comment       0x0000000000000000       0x71 build/core.a(RingBuffer.cpp.o)

.debug_info     0x0000000000000000    0x2fad4
 .debug_info    0x0000000000000000      0x4b1 build/core/syscalls.c.o
 .debug_info    0x00000000000004b1     0x1b7a build/program.a(main.cpp.o)
 .debug_info    0x000000000000202b     0x106a build/program.a(GPS.cpp.o)
 .debug_info    0x0000000000003095     0x25a9 build/program.a(UI.cpp.o)